Archive member included because of file (symbol)

/Applications/Simplicity Studio.app/Contents/Eclipse/developer/toolchains/gnu_arm/4.9_2015q3/bin/../lib/gcc/arm-none-eabi/4.9.3/armv7e-m/softfp/libgcc.a(_arm_addsubdf3.o)
                              ./Calendar/clock_tc.o (__aeabi_dsub)
/Applications/Simplicity Studio.app/Contents/Eclipse/developer/toolchains/gnu_arm/4.9_2015q3/bin/../lib/gcc/arm-none-eabi/4.9.3/armv7e-m/softfp/libgcc.a(_arm_muldivdf3.o)
                              ./src/epsilometer_main.o (__aeabi_dmul)
/Applications/Simplicity Studio.app/Contents/Eclipse/developer/toolchains/gnu_arm/4.9_2015q3/bin/../lib/gcc/arm-none-eabi/4.9.3/armv7e-m/softfp/libgcc.a(_arm_fixdfsi.o)
                              ./Calendar/clock_tc.o (__aeabi_d2iz)
/Applications/Simplicity Studio.app/Contents/Eclipse/developer/toolchains/gnu_arm/4.9_2015q3/bin/../lib/gcc/arm-none-eabi/4.9.3/armv7e-m/softfp/libgcc.a(_arm_fixunsdfsi.o)
                              ./src/epsilometer_main.o (__aeabi_d2uiz)
/Applications/Simplicity Studio.app/Contents/Eclipse/developer/toolchains/gnu_arm/4.9_2015q3/bin/../lib/gcc/arm-none-eabi/4.9.3/armv7e-m/softfp/libgcc.a(_aeabi_uldivmod.o)
                              ./emlib/em_usart.o (__aeabi_uldivmod)
/Applications/Simplicity Studio.app/Contents/Eclipse/developer/toolchains/gnu_arm/4.9_2015q3/bin/../lib/gcc/arm-none-eabi/4.9.3/armv7e-m/softfp/libgcc.a(bpabi.o)
                              /Applications/Simplicity Studio.app/Contents/Eclipse/developer/toolchains/gnu_arm/4.9_2015q3/bin/../lib/gcc/arm-none-eabi/4.9.3/armv7e-m/softfp/libgcc.a(_aeabi_uldivmod.o) (__gnu_uldivmod_helper)
/Applications/Simplicity Studio.app/Contents/Eclipse/developer/toolchains/gnu_arm/4.9_2015q3/bin/../lib/gcc/arm-none-eabi/4.9.3/armv7e-m/softfp/libgcc.a(_dvmd_tls.o)
                              /Applications/Simplicity Studio.app/Contents/Eclipse/developer/toolchains/gnu_arm/4.9_2015q3/bin/../lib/gcc/arm-none-eabi/4.9.3/armv7e-m/softfp/libgcc.a(_aeabi_uldivmod.o) (__aeabi_ldiv0)
/Applications/Simplicity Studio.app/Contents/Eclipse/developer/toolchains/gnu_arm/4.9_2015q3/bin/../lib/gcc/arm-none-eabi/4.9.3/armv7e-m/softfp/libgcc.a(_divdi3.o)
                              /Applications/Simplicity Studio.app/Contents/Eclipse/developer/toolchains/gnu_arm/4.9_2015q3/bin/../lib/gcc/arm-none-eabi/4.9.3/armv7e-m/softfp/libgcc.a(bpabi.o) (__divdi3)
/Applications/Simplicity Studio.app/Contents/Eclipse/developer/toolchains/gnu_arm/4.9_2015q3/bin/../lib/gcc/arm-none-eabi/4.9.3/armv7e-m/softfp/libgcc.a(_udivdi3.o)
                              /Applications/Simplicity Studio.app/Contents/Eclipse/developer/toolchains/gnu_arm/4.9_2015q3/bin/../lib/gcc/arm-none-eabi/4.9.3/armv7e-m/softfp/libgcc.a(bpabi.o) (__udivdi3)
/Applications/Simplicity Studio.app/Contents/Eclipse/developer/toolchains/gnu_arm/4.9_2015q3/bin/../lib/gcc/arm-none-eabi/4.9.3/../../../../arm-none-eabi/lib/armv7e-m/softfp/libm.a(lib_a-s_round.o)
                              ./Calendar/clock_tc.o (round)
/Applications/Simplicity Studio.app/Contents/Eclipse/developer/toolchains/gnu_arm/4.9_2015q3/bin/../lib/gcc/arm-none-eabi/4.9.3/../../../../arm-none-eabi/lib/armv7e-m/softfp/libc_nano.a(lib_a-abs.o)
                              ./Calendar/clock_tc.o (abs)
/Applications/Simplicity Studio.app/Contents/Eclipse/developer/toolchains/gnu_arm/4.9_2015q3/bin/../lib/gcc/arm-none-eabi/4.9.3/../../../../arm-none-eabi/lib/armv7e-m/softfp/libc_nano.a(lib_a-exit.o)
                              /Applications/Simplicity Studio.app/Contents/Eclipse/developer/toolchains/gnu_arm/4.9_2015q3/bin/../lib/gcc/arm-none-eabi/4.9.3/../../../../arm-none-eabi/lib/armv7e-m/softfp/crt0.o (exit)
/Applications/Simplicity Studio.app/Contents/Eclipse/developer/toolchains/gnu_arm/4.9_2015q3/bin/../lib/gcc/arm-none-eabi/4.9.3/../../../../arm-none-eabi/lib/armv7e-m/softfp/libc_nano.a(lib_a-impure.o)
                              /Applications/Simplicity Studio.app/Contents/Eclipse/developer/toolchains/gnu_arm/4.9_2015q3/bin/../lib/gcc/arm-none-eabi/4.9.3/../../../../arm-none-eabi/lib/armv7e-m/softfp/libc_nano.a(lib_a-exit.o) (_global_impure_ptr)
/Applications/Simplicity Studio.app/Contents/Eclipse/developer/toolchains/gnu_arm/4.9_2015q3/bin/../lib/gcc/arm-none-eabi/4.9.3/../../../../arm-none-eabi/lib/armv7e-m/softfp/libc_nano.a(lib_a-init.o)
                              /Applications/Simplicity Studio.app/Contents/Eclipse/developer/toolchains/gnu_arm/4.9_2015q3/bin/../lib/gcc/arm-none-eabi/4.9.3/../../../../arm-none-eabi/lib/armv7e-m/softfp/crt0.o (__libc_init_array)
/Applications/Simplicity Studio.app/Contents/Eclipse/developer/toolchains/gnu_arm/4.9_2015q3/bin/../lib/gcc/arm-none-eabi/4.9.3/../../../../arm-none-eabi/lib/armv7e-m/softfp/libc_nano.a(lib_a-malloc.o)
                              ./src/epsilometer_main.o (malloc)
[...]
Memory Configuration

Name             Origin             Length             Attributes
FLASH            0x0000000000000000 0x0000000000040000 xr
RAM              0x0000000020000000 0x0000000000008000 xrw
*default*        0x0000000000000000 0xffffffffffffffff

Linker script and memory map

LOAD /Applications/Simplicity Studio.app/Contents/Eclipse/developer/toolchains/gnu_arm/4.9_2015q3/bin/../lib/gcc/arm-none-eabi/4.9.3/armv7e-m/softfp/crti.o
LOAD /Applications/Simplicity Studio.app/Contents/Eclipse/developer/toolchains/gnu_arm/4.9_2015q3/bin/../lib/gcc/arm-none-eabi/4.9.3/armv7e-m/softfp/crtbegin.o
LOAD /Applications/Simplicity Studio.app/Contents/Eclipse/developer/toolchains/gnu_arm/4.9_2015q3/bin/../lib/gcc/arm-none-eabi/4.9.3/../../../../arm-none-eabi/lib/armv7e-m/softfp/crt0.o
LOAD ./CMSIS/EFM32WG/startup_efm32wg.o
LOAD ./CMSIS/EFM32WG/system_efm32wg.o
LOAD ./Calendar/clock_tc.o
LOAD ./Calendar/crystal_parameters.o
LOAD ./Calendar/main_calendar_tc.o
LOAD ./emlib/em_adc.o
LOAD ./emlib/em_cmu.o
LOAD ./emlib/em_emu.o
LOAD ./emlib/em_gpio.o
LOAD ./emlib/em_rtc.o
LOAD ./emlib/em_system.o
LOAD ./emlib/em_timer.o
LOAD ./emlib/em_usart.o
LOAD ./ff12b/src/diskio.o
LOAD ./ff12b/src/ff.o
LOAD ./ff12b/src/option/ccsbcs.o
LOAD ./src/epsilometer_CMU_init.o
LOAD ./src/epsilometer_GPIO_init.o
LOAD ./src/epsilometer_TIMER_init.o
LOAD ./src/epsilometer_analog.o
LOAD ./src/epsilometer_coms.o
LOAD ./src/epsilometer_main.o
START GROUP
LOAD /Applications/Simplicity Studio.app/Contents/Eclipse/developer/toolchains/gnu_arm/4.9_2015q3/bin/../lib/gcc/arm-none-eabi/4.9.3/armv7e-m/softfp/libgcc.a
LOAD /Applications/Simplicity Studio.app/Contents/Eclipse/developer/toolchains/gnu_arm/4.9_2015q3/bin/../lib/gcc/arm-none-eabi/4.9.3/../../../../arm-none-eabi/lib/armv7e-m/softfp/libnosys.a
END GROUP
LOAD /Applications/Simplicity Studio.app/Contents/Eclipse/developer/toolchains/gnu_arm/4.9_2015q3/bin/../lib/gcc/arm-none-eabi/4.9.3/../../../../arm-none-eabi/lib/armv7e-m/softfp/libstdc++_nano.a
LOAD /Applications/Simplicity Studio.app/Contents/Eclipse/developer/toolchains/gnu_arm/4.9_2015q3/bin/../lib/gcc/arm-none-eabi/4.9.3/../../../../arm-none-eabi/lib/armv7e-m/softfp/libm.a
LOAD /Applications/Simplicity Studio.app/Contents/Eclipse/developer/toolchains/gnu_arm/4.9_2015q3/bin/../lib/gcc/arm-none-eabi/4.9.3/../../../../arm-none-eabi/lib/armv7e-m/softfp/libc_nano.a
START GROUP
LOAD /Applications/Simplicity Studio.app/Contents/Eclipse/developer/toolchains/gnu_arm/4.9_2015q3/bin/../lib/gcc/arm-none-eabi/4.9.3/armv7e-m/softfp/libgcc.a
LOAD /Applications/Simplicity Studio.app/Contents/Eclipse/developer/toolchains/gnu_arm/4.9_2015q3/bin/../lib/gcc/arm-none-eabi/4.9.3/../../../../arm-none-eabi/lib/armv7e-m/softfp/libg_nano.a
LOAD /Applications/Simplicity Studio.app/Contents/Eclipse/developer/toolchains/gnu_arm/4.9_2015q3/bin/../lib/gcc/arm-none-eabi/4.9.3/../../../../arm-none-eabi/lib/armv7e-m/softfp/libc_nano.a
END GROUP
START GROUP
LOAD /Applications/Simplicity Studio.app/Contents/Eclipse/developer/toolchains/gnu_arm/4.9_2015q3/bin/../lib/gcc/arm-none-eabi/4.9.3/armv7e-m/softfp/libgcc.a
LOAD /Applications/Simplicity Studio.app/Contents/Eclipse/developer/toolchains/gnu_arm/4.9_2015q3/bin/../lib/gcc/arm-none-eabi/4.9.3/../../../../arm-none-eabi/lib/armv7e-m/softfp/libc_nano.a
LOAD /Applications/Simplicity Studio.app/Contents/Eclipse/developer/toolchains/gnu_arm/4.9_2015q3/bin/../lib/gcc/arm-none-eabi/4.9.3/../../../../arm-none-eabi/lib/armv7e-m/softfp/libnosys.a
END GROUP
START GROUP
LOAD /Applications/Simplicity Studio.app/Contents/Eclipse/developer/toolchains/gnu_arm/4.9_2015q3/bin/../lib/gcc/arm-none-eabi/4.9.3/armv7e-m/softfp/libgcc.a
LOAD /Applications/Simplicity Studio.app/Contents/Eclipse/developer/toolchains/gnu_arm/4.9_2015q3/bin/../lib/gcc/arm-none-eabi/4.9.3/../../../../arm-none-eabi/lib/armv7e-m/softfp/libc_nano.a
LOAD /Applications/Simplicity Studio.app/Contents/Eclipse/developer/toolchains/gnu_arm/4.9_2015q3/bin/../lib/gcc/arm-none-eabi/4.9.3/../../../../arm-none-eabi/lib/armv7e-m/softfp/libnosys.a
END GROUP
LOAD /Applications/Simplicity Studio.app/Contents/Eclipse/developer/toolchains/gnu_arm/4.9_2015q3/bin/../lib/gcc/arm-none-eabi/4.9.3/armv7e-m/softfp/crtend.o
LOAD /Applications/Simplicity Studio.app/Contents/Eclipse/developer/toolchains/gnu_arm/4.9_2015q3/bin/../lib/gcc/arm-none-eabi/4.9.3/armv7e-m/softfp/crtn.o

.text           0x0000000000000000     0x2fdc
 *(.vectors)
 .vectors       0x0000000000000000       0xe0 ./CMSIS/EFM32WG/startup_efm32wg.o
                0x0000000000000000                __Vectors
                0x00000000000000e0                __Vectors_End = .
                0x00000000000000e0                __Vectors_Size = (__Vectors_End - __Vectors)
                0x00000000000000e0                __end__ = .
 *(.text*)
 .text          0x00000000000000e0       0x5c /Applications/Simplicity Studio.app/Contents/Eclipse/developer/toolchains/gnu_arm/4.9_2015q3/bin/../lib/gcc/arm-none-eabi/4.9.3/armv7e-m/softfp/crtbegin.o
 .text          0x000000000000013c       0x74 /Applications/Simplicity Studio.app/Contents/Eclipse/developer/toolchains/gnu_arm/4.9_2015q3/bin/../lib/gcc/arm-none-eabi/4.9.3/../../../../arm-none-eabi/lib/armv7e-m/softfp/crt0.o
                0x000000000000013c                _mainCRTStartup
                0x000000000000013c                _start
 .text          0x00000000000001b0       0x30 ./CMSIS/EFM32WG/startup_efm32wg.o
                0x00000000000001b0                Reset_Handler
                0x00000000000001dc                DebugMon_Handler
                0x00000000000001dc                USART0_TX_IRQHandler
                0x00000000000001dc                I2C0_IRQHandler
                0x00000000000001dc                HardFault_Handler
                0x00000000000001dc                LEUART1_IRQHandler
                0x00000000000001dc                SysTick_Handler
                0x00000000000001dc                USART1_RX_IRQHandler
                0x00000000000001dc                PendSV_Handler
                0x00000000000001dc                NMI_Handler
                0x00000000000001dc                I2C1_IRQHandler
                0x00000000000001dc                TIMER3_IRQHandler
                0x00000000000001dc                MSC_IRQHandler
                0x00000000000001dc                UsageFault_Handler
                0x00000000000001dc                LEUART0_IRQHandler
                0x00000000000001dc                FPUEH_IRQHandler
                0x00000000000001dc                GPIO_EVEN_IRQHandler
                0x00000000000001dc                UART0_TX_IRQHandler
                0x00000000000001dc                UART1_TX_IRQHandler
                0x00000000000001dc                TIMER0_IRQHandler
                0x00000000000001dc                LCD_IRQHandler
                0x00000000000001dc                PCNT2_IRQHandler
                0x00000000000001dc                UART0_RX_IRQHandler
                0x00000000000001dc                LETIMER0_IRQHandler
                0x00000000000001dc                TIMER1_IRQHandler
                0x00000000000001dc                USART2_RX_IRQHandler
                0x00000000000001dc                Default_Handler
                0x00000000000001dc                EMU_IRQHandler
                0x00000000000001dc                PCNT0_IRQHandler
                0x00000000000001dc                USB_IRQHandler
                0x00000000000001dc                BURTC_IRQHandler
                0x00000000000001dc                PCNT1_IRQHandler
                0x00000000000001dc                ACMP0_IRQHandler
                0x00000000000001dc                USART0_RX_IRQHandler
                0x00000000000001dc                MemManage_Handler
                0x00000000000001dc                SVC_Handler
                0x00000000000001dc                DAC0_IRQHandler
                0x00000000000001dc                UART1_RX_IRQHandler
                0x00000000000001dc                EBI_IRQHandler
                0x00000000000001dc                LESENSE_IRQHandler
                0x00000000000001dc                AES_IRQHandler
                0x00000000000001dc                VCMP_IRQHandler
                0x00000000000001dc                DMA_IRQHandler
                0x00000000000001dc                BusFault_Handler
                0x00000000000001dc                TIMER2_IRQHandler
                0x00000000000001dc                USART2_TX_IRQHandler
 .text.GetProdRev
                0x00000000000001e0       0x1c ./CMSIS/EFM32WG/system_efm32wg.o
 .text.SystemCoreClockGet
                0x00000000000001fc       0x34 ./CMSIS/EFM32WG/system_efm32wg.o
                0x00000000000001fc                SystemCoreClockGet
 .text.SystemMaxCoreClockGet
                0x0000000000000230       0x14 ./CMSIS/EFM32WG/system_efm32wg.o
                0x0000000000000230                SystemMaxCoreClockGet
 .text.SystemHFClockGet
                0x0000000000000244      0x100 ./CMSIS/EFM32WG/system_efm32wg.o
                0x0000000000000244                SystemHFClockGet
 .text.SystemHFXOClockGet
                0x0000000000000344       0x18 ./CMSIS/EFM32WG/system_efm32wg.o
                0x0000000000000344                SystemHFXOClockGet
 .text.SystemInit
                0x000000000000035c       0x20 ./CMSIS/EFM32WG/system_efm32wg.o
                0x000000000000035c                SystemInit
 .text.SystemLFRCOClockGet
                0x000000000000037c       0x14 ./CMSIS/EFM32WG/system_efm32wg.o
                0x000000000000037c                SystemLFRCOClockGet
 .text.SystemULFRCOClockGet
                0x0000000000000390       0x14 ./CMSIS/EFM32WG/system_efm32wg.o
                0x0000000000000390                SystemULFRCOClockGet
 .text.SystemLFXOClockGet
                0x00000000000003a4       0x18 ./CMSIS/EFM32WG/system_efm32wg.o
                0x00000000000003a4                SystemLFXOClockGet
 .text.ADC_IntClear
                0x00000000000003bc       0x1c ./Calendar/clock_tc.o
 .text.clockOverflow
                0x00000000000003d8       0x20 ./Calendar/clock_tc.o
                0x00000000000003d8                clockOverflow
 .text.ADC0_IRQHandler
                0x00000000000003f8       0x14 ./Calendar/clock_tc.o
                0x00000000000003f8                ADC0_IRQHandler
 .text.RTC_IntClear
                0x000000000000040c       0x1c ./Calendar/main_calendar_tc.o
 .text.RTC_IntGet
                0x0000000000000428       0x18 ./Calendar/main_calendar_tc.o
 .text.RTC_IRQHandler
                0x0000000000000440       0x50 ./Calendar/main_calendar_tc.o
                0x0000000000000440                RTC_IRQHandler
 .text.BUS_RegBitWrite
                0x0000000000000490       0x2c ./emlib/em_cmu.o
 .text.BUS_RegBitRead
                0x00000000000004bc       0x2c ./emlib/em_cmu.o
 .text.CMU_DivToLog2
                0x00000000000004e8       0x34 ./emlib/em_cmu.o
 .text.SYSTEM_GetProdRev
                0x000000000000051c       0x1c ./emlib/em_cmu.o
 .text.setHfLeConfig
                0x0000000000000538       0x3c ./emlib/em_cmu.o
 .text.getHfLeConfig
                0x0000000000000574       0x2c ./emlib/em_cmu.o
 .text.auxClkGet
                0x00000000000005a0       0xb0 ./emlib/em_cmu.o
 .text.dbgClkGet
                0x0000000000000650       0x40 ./emlib/em_cmu.o
 .text.flashWaitStateControl
                0x0000000000000690       0xb8 ./emlib/em_cmu.o
 .text.flashWaitStateMax
                0x0000000000000748       0x14 ./emlib/em_cmu.o
 .text.lfClkGet
                0x000000000000075c       0xec ./emlib/em_cmu.o
 .text.syncReg  0x0000000000000848       0x34 ./emlib/em_cmu.o
 .text.CMU_ClockEnable
                0x000000000000087c       0xd4 ./emlib/em_cmu.o
                0x000000000000087c                CMU_ClockEnable
 .text.CMU_ClockFreqGet
                0x0000000000000950      0x1c8 ./emlib/em_cmu.o
                0x0000000000000950                CMU_ClockFreqGet
 .text.CMU_ClockSelectGet
                0x0000000000000b18      0x124 ./emlib/em_cmu.o
                0x0000000000000b18                CMU_ClockSelectGet
 .text.CMU_ClockSelectSet
                0x0000000000000c3c      0x228 ./emlib/em_cmu.o
                0x0000000000000c3c                CMU_ClockSelectSet
 .text.CMU_OscillatorEnable
                0x0000000000000e64       0xc0 ./emlib/em_cmu.o
                0x0000000000000e64                CMU_OscillatorEnable
 .text.EMU_UpdateOscConfig
                0x0000000000000f24       0x1c ./emlib/em_emu.o
                0x0000000000000f24                EMU_UpdateOscConfig
 .text.BUS_RegBitWrite
                0x0000000000000f40       0x2c ./emlib/em_gpio.o
 .text.BUS_RegMaskedWrite
                0x0000000000000f6c       0x28 ./emlib/em_gpio.o
 .text.GPIO_PinOutClear
                0x0000000000000f94       0x58 ./emlib/em_gpio.o
 .text.GPIO_PinOutSet
                0x0000000000000fec       0x58 ./emlib/em_gpio.o
 .text.GPIO_ExtIntConfig
                0x0000000000001044       0xd0 ./emlib/em_gpio.o
                0x0000000000001044                GPIO_ExtIntConfig
 .text.GPIO_PinModeSet
                0x0000000000001114      0x10c ./emlib/em_gpio.o
                0x0000000000001114                GPIO_PinModeSet
 .text.RTC_CompareSet
                0x0000000000001220       0x4c ./emlib/em_rtc.o
                0x0000000000001220                RTC_CompareSet
 .text.BUS_RegMaskedWrite
                0x000000000000126c       0x28 ./emlib/em_usart.o
 .text.USART_BaudrateAsyncSet
                0x0000000000001294       0xb0 ./emlib/em_usart.o
                0x0000000000001294                USART_BaudrateAsyncSet
 .text.USART_BaudrateSyncSet
                0x0000000000001344       0x74 ./emlib/em_usart.o
                0x0000000000001344                USART_BaudrateSyncSet
 .text.USART_Enable
                0x00000000000013b8       0x58 ./emlib/em_usart.o
                0x00000000000013b8                USART_Enable
 .text.USART_InitAsync
                0x0000000000001410       0x9c ./emlib/em_usart.o
                0x0000000000001410                USART_InitAsync
 .text.USART_InitSync
                0x00000000000014ac       0xcc ./emlib/em_usart.o
                0x00000000000014ac                USART_InitSync
 .text.USART_Reset
                0x0000000000001578       0x98 ./emlib/em_usart.o
                0x0000000000001578                USART_Reset
 .text.USART_SpiTransfer
                0x0000000000001610       0x40 ./emlib/em_usart.o
                0x0000000000001610                USART_SpiTransfer
 .text.USART_Tx
                0x0000000000001650       0x2c ./emlib/em_usart.o
                0x0000000000001650                USART_Tx
 .text.NVIC_EnableIRQ
                0x000000000000167c       0x30 ./src/epsilometer_CMU_init.o
 .text.CMU_IntClear
                0x00000000000016ac       0x1c ./src/epsilometer_CMU_init.o
 .text.CMU_IntEnable
                0x00000000000016c8       0x24 ./src/epsilometer_CMU_init.o
 .text.CMU_IntGet
                0x00000000000016ec       0x18 ./src/epsilometer_CMU_init.o
 .text.CMU_IRQHandler
                0x0000000000001704       0x40 ./src/epsilometer_CMU_init.o
                0x0000000000001704                CMU_IRQHandler
 .text.init_CMU
                0x0000000000001744       0x8c ./src/epsilometer_CMU_init.o
                0x0000000000001744                init_CMU
 .text.init_GPIO
                0x00000000000017d0       0x88 ./src/epsilometer_GPIO_init.o
                0x00000000000017d0                init_GPIO
 .text.init_TIMER
                0x0000000000001858      0x174 ./src/epsilometer_TIMER_init.o
                0x0000000000001858                init_TIMER
 .text.NVIC_EnableIRQ
                0x00000000000019cc       0x30 ./src/epsilometer_analog.o
 .text.NVIC_ClearPendingIRQ
                0x00000000000019fc       0x34 ./src/epsilometer_analog.o
 .text.GPIO_IntClear
                0x0000000000001a30       0x20 ./src/epsilometer_analog.o
 .text.GPIO_IntDisable
                0x0000000000001a50       0x28 ./src/epsilometer_analog.o
 .text.GPIO_IntEnable
                0x0000000000001a78       0x28 ./src/epsilometer_analog.o
 .text.USART_IntEnable
                0x0000000000001aa0       0x20 ./src/epsilometer_analog.o
 .text.define_ADC_configuration
                0x0000000000001ac0      0x224 ./src/epsilometer_analog.o
                0x0000000000001ac0                define_ADC_configuration
 .text.AD7124_SetRegisterValue
                0x0000000000001ce4       0x78 ./src/epsilometer_analog.o
                0x0000000000001ce4                AD7124_SetRegisterValue
 .text.AD7124_GetRegisterValue
                0x0000000000001d5c       0x8c ./src/epsilometer_analog.o
                0x0000000000001d5c                AD7124_GetRegisterValue
 .text.AD7124_Reset
                0x0000000000001de8       0x3c ./src/epsilometer_analog.o
                0x0000000000001de8                AD7124_Reset
 .text.AD7124_StartConversion
                0x0000000000001e24       0x48 ./src/epsilometer_analog.o
                0x0000000000001e24                AD7124_StartConversion
 .text.AD7124_ConfigureDevice
                0x0000000000001e6c       0xbc ./src/epsilometer_analog.o
                0x0000000000001e6c                AD7124_ConfigureDevice
 .text.AD7124_ChipSelect
                0x0000000000001f28       0x28 ./src/epsilometer_analog.o
                0x0000000000001f28                AD7124_ChipSelect
 .text.SPI_xfer
                0x0000000000001f50       0x5c ./src/epsilometer_analog.o
                0x0000000000001f50                SPI_xfer
 .text.SPI_Init
                0x0000000000001fac       0x80 ./src/epsilometer_analog.o
                0x0000000000001fac                SPI_Init
 .text.setupGpioInt
                0x000000000000202c       0x38 ./src/epsilometer_analog.o
                0x000000000000202c                setupGpioInt
 .text.GPIO_ODD_IRQHandler
                0x0000000000002064      0x228 ./src/epsilometer_analog.o
                0x0000000000002064                GPIO_ODD_IRQHandler
 .text.NVIC_EnableIRQ
                0x000000000000228c       0x30 ./src/epsilometer_coms.o
 .text.NVIC_ClearPendingIRQ
                0x00000000000022bc       0x34 ./src/epsilometer_coms.o
 .text.NVIC_SetPriority
                0x00000000000022f0       0x54 ./src/epsilometer_coms.o
 .text.USART_IntDisable
                0x0000000000002344       0x24 ./src/epsilometer_coms.o
 .text.UART_Setup
                0x0000000000002368       0xa0 ./src/epsilometer_coms.o
                0x0000000000002368                UART_Setup
 .text.USART1_TX_IRQHandler
                0x0000000000002408       0xd0 ./src/epsilometer_coms.o
                0x0000000000002408                USART1_TX_IRQHandler
 .text.CHIP_Init
                0x00000000000024d8        0xc ./src/epsilometer_main.o
 .text.main     0x00000000000024e4       0xdc ./src/epsilometer_main.o
                0x00000000000024e4                main
 .text          0x00000000000025c0      0x370 /Applications/Simplicity Studio.app/Contents/Eclipse/developer/toolchains/gnu_arm/4.9_2015q3/bin/../lib/gcc/arm-none-eabi/4.9.3/armv7e-m/softfp/libgcc.a(_arm_addsubdf3.o)
                0x00000000000025c0                __aeabi_drsub
                0x00000000000025c8                __subdf3
                0x00000000000025c8                __aeabi_dsub
                0x00000000000025cc                __aeabi_dadd
                0x00000000000025cc                __adddf3
                0x0000000000002844                __aeabi_ui2d
                0x0000000000002844                __floatunsidf
                0x0000000000002864                __floatsidf
                0x0000000000002864                __aeabi_i2d
                0x0000000000002888                __extendsfdf2
                0x0000000000002888                __aeabi_f2d
                0x00000000000028c4                __aeabi_ul2d
                0x00000000000028c4                __floatundidf
                0x00000000000028d4                __aeabi_l2d
                0x00000000000028d4                __floatdidf
 .text          0x0000000000002930      0x424 /Applications/Simplicity Studio.app/Contents/Eclipse/developer/toolchains/gnu_arm/4.9_2015q3/bin/../lib/gcc/arm-none-eabi/4.9.3/armv7e-m/softfp/libgcc.a(_arm_muldivdf3.o)
                0x0000000000002930                __aeabi_dmul
                0x0000000000002930                __muldf3
                0x0000000000002b84                __aeabi_ddiv
                0x0000000000002b84                __divdf3
 .text          0x0000000000002d54       0x40 /Applications/Simplicity Studio.app/Contents/Eclipse/developer/toolchains/gnu_arm/4.9_2015q3/bin/../lib/gcc/arm-none-eabi/4.9.3/armv7e-m/softfp/libgcc.a(_arm_fixunsdfsi.o)
                0x0000000000002d54                __fixunsdfsi
                0x0000000000002d54                __aeabi_d2uiz
 .text.exit     0x0000000000002d94       0x28 /Applications/Simplicity Studio.app/Contents/Eclipse/developer/toolchains/gnu_arm/4.9_2015q3/bin/../lib/gcc/arm-none-eabi/4.9.3/../../../../arm-none-eabi/lib/armv7e-m/softfp/libc_nano.a(lib_a-exit.o)
                0x0000000000002d94                exit
 .text.__libc_init_array
                0x0000000000002dbc       0x4c /Applications/Simplicity Studio.app/Contents/Eclipse/developer/toolchains/gnu_arm/4.9_2015q3/bin/../lib/gcc/arm-none-eabi/4.9.3/../../../../arm-none-eabi/lib/armv7e-m/softfp/libc_nano.a(lib_a-init.o)
                0x0000000000002dbc                __libc_init_array
 .text.malloc   0x0000000000002e08       0x10 /Applications/Simplicity Studio.app/Contents/Eclipse/developer/toolchains/gnu_arm/4.9_2015q3/bin/../lib/gcc/arm-none-eabi/4.9.3/../../../../arm-none-eabi/lib/armv7e-m/softfp/libc_nano.a(lib_a-malloc.o)
                0x0000000000002e08                malloc
 .text.memset   0x0000000000002e18       0x10 /Applications/Simplicity Studio.app/Contents/Eclipse/developer/toolchains/gnu_arm/4.9_2015q3/bin/../lib/gcc/arm-none-eabi/4.9.3/../../../../arm-none-eabi/lib/armv7e-m/softfp/libc_nano.a(lib_a-memset.o)
                0x0000000000002e18                memset
 .text._malloc_r
                0x0000000000002e28       0xac /Applications/Simplicity Studio.app/Contents/Eclipse/developer/toolchains/gnu_arm/4.9_2015q3/bin/../lib/gcc/arm-none-eabi/4.9.3/../../../../arm-none-eabi/lib/armv7e-m/softfp/libc_nano.a(lib_a-nano-mallocr.o)
                0x0000000000002e28                _malloc_r
 .text._sbrk_r  0x0000000000002ed4       0x20 /Applications/Simplicity Studio.app/Contents/Eclipse/developer/toolchains/gnu_arm/4.9_2015q3/bin/../lib/gcc/arm-none-eabi/4.9.3/../../../../arm-none-eabi/lib/armv7e-m/softfp/libc_nano.a(lib_a-sbrkr.o)
                0x0000000000002ed4                _sbrk_r
 .text._sbrk    0x0000000000002ef4       0x1c /Applications/Simplicity Studio.app/Contents/Eclipse/developer/toolchains/gnu_arm/4.9_2015q3/bin/../lib/gcc/arm-none-eabi/4.9.3/../../../../arm-none-eabi/lib/armv7e-m/softfp/libnosys.a(sbrk.o)
                0x0000000000002ef4                _sbrk
 .text._exit    0x0000000000002f10        0x4 /Applications/Simplicity Studio.app/Contents/Eclipse/developer/toolchains/gnu_arm/4.9_2015q3/bin/../lib/gcc/arm-none-eabi/4.9.3/../../../../arm-none-eabi/lib/armv7e-m/softfp/libnosys.a(_exit.o)
                0x0000000000002f10                _exit
 *(.init)
 .init          0x0000000000002f14        0x4 /Applications/Simplicity Studio.app/Contents/Eclipse/developer/toolchains/gnu_arm/4.9_2015q3/bin/../lib/gcc/arm-none-eabi/4.9.3/armv7e-m/softfp/crti.o
                0x0000000000002f14                _init
 .init          0x0000000000002f18        0x8 /Applications/Simplicity Studio.app/Contents/Eclipse/developer/toolchains/gnu_arm/4.9_2015q3/bin/../lib/gcc/arm-none-eabi/4.9.3/armv7e-m/softfp/crtn.o
 *(.fini)
 .fini          0x0000000000002f20        0x4 /Applications/Simplicity Studio.app/Contents/Eclipse/developer/toolchains/gnu_arm/4.9_2015q3/bin/../lib/gcc/arm-none-eabi/4.9.3/armv7e-m/softfp/crti.o
                0x0000000000002f20                _fini
 .fini          0x0000000000002f24        0x8 /Applications/Simplicity Studio.app/Contents/Eclipse/developer/toolchains/gnu_arm/4.9_2015q3/bin/../lib/gcc/arm-none-eabi/4.9.3/armv7e-m/softfp/crtn.o
 *crtbegin.o(.ctors)
 *crtbegin?.o(.ctors)
 *(EXCLUDE_FILE(*crtend.o *crtend?.o) .ctors)
 *(SORT(.ctors.*))
 *(.ctors)
 *crtbegin.o(.dtors)
 *crtbegin?.o(.dtors)
 *(EXCLUDE_FILE(*crtend.o *crtend?.o) .dtors)
 *(SORT(.dtors.*))
 *(.dtors)
 *(.rodata*)
 .rodata        0x0000000000002f2c       0x44 ./src/epsilometer_analog.o
 .rodata.str1.1
                0x0000000000002f70        0x2 /Applications/Simplicity Studio.app/Contents/Eclipse/developer/toolchains/gnu_arm/4.9_2015q3/bin/../lib/gcc/arm-none-eabi/4.9.3/../../../../arm-none-eabi/lib/armv7e-m/softfp/libc_nano.a(lib_a-impure.o)
 *fill*         0x0000000000002f72        0x2 
 .rodata._global_impure_ptr
                0x0000000000002f74        0x4 /Applications/Simplicity Studio.app/Contents/Eclipse/developer/toolchains/gnu_arm/4.9_2015q3/bin/../lib/gcc/arm-none-eabi/4.9.3/../../../../arm-none-eabi/lib/armv7e-m/softfp/libc_nano.a(lib_a-impure.o)
                0x0000000000002f74                _global_impure_ptr
 .rodata.__sf_fake_stdin
                0x0000000000002f78       0x20 /Applications/Simplicity Studio.app/Contents/Eclipse/developer/toolchains/gnu_arm/4.9_2015q3/bin/../lib/gcc/arm-none-eabi/4.9.3/../../../../arm-none-eabi/lib/armv7e-m/softfp/libc_nano.a(lib_a-findfp.o)
                0x0000000000002f78                __sf_fake_stdin
 .rodata.__sf_fake_stdout
                0x0000000000002f98       0x20 /Applications/Simplicity Studio.app/Contents/Eclipse/developer/toolchains/gnu_arm/4.9_2015q3/bin/../lib/gcc/arm-none-eabi/4.9.3/../../../../arm-none-eabi/lib/armv7e-m/softfp/libc_nano.a(lib_a-findfp.o)
                0x0000000000002f98                __sf_fake_stdout
 .rodata.__sf_fake_stderr
                0x0000000000002fb8       0x20 /Applications/Simplicity Studio.app/Contents/Eclipse/developer/toolchains/gnu_arm/4.9_2015q3/bin/../lib/gcc/arm-none-eabi/4.9.3/../../../../arm-none-eabi/lib/armv7e-m/softfp/libc_nano.a(lib_a-findfp.o)
                0x0000000000002fb8                __sf_fake_stderr
 *(.eh_frame*)
 .eh_frame      0x0000000000002fd8        0x0 /Applications/Simplicity Studio.app/Contents/Eclipse/developer/toolchains/gnu_arm/4.9_2015q3/bin/../lib/gcc/arm-none-eabi/4.9.3/armv7e-m/softfp/crtbegin.o
 .eh_frame      0x0000000000002fd8        0x0 /Applications/Simplicity Studio.app/Contents/Eclipse/developer/toolchains/gnu_arm/4.9_2015q3/bin/../lib/gcc/arm-none-eabi/4.9.3/../../../../arm-none-eabi/lib/armv7e-m/softfp/libc_nano.a(lib_a-strcmp.o)
                                         0x28 (size before relaxing)
 .eh_frame      0x0000000000002fd8        0x4 /Applications/Simplicity Studio.app/Contents/Eclipse/developer/toolchains/gnu_arm/4.9_2015q3/bin/../lib/gcc/arm-none-eabi/4.9.3/armv7e-m/softfp/crtend.o

.glue_7         0x0000000000002fdc        0x0
 .glue_7        0x0000000000000000        0x0 linker stubs

.glue_7t        0x0000000000002fdc        0x0
 .glue_7t       0x0000000000000000        0x0 linker stubs

.vfp11_veneer   0x0000000000002fdc        0x0
 .vfp11_veneer  0x0000000000000000        0x0 linker stubs

.v4_bx          0x0000000000002fdc        0x0
 .v4_bx         0x0000000000000000        0x0 linker stubs

.iplt           0x0000000000002fdc        0x0
 .iplt          0x0000000000000000        0x0 /Applications/Simplicity Studio.app/Contents/Eclipse/developer/toolchains/gnu_arm/4.9_2015q3/bin/../lib/gcc/arm-none-eabi/4.9.3/armv7e-m/softfp/crtbegin.o

.ARM.extab
 *(.ARM.extab* .gnu.linkonce.armextab.*)
                0x0000000000002fdc                __exidx_start = .

.ARM.exidx      0x0000000000002fdc        0x8
 *(.ARM.exidx* .gnu.linkonce.armexidx.*)
 .ARM.exidx     0x0000000000002fdc        0x8 /Applications/Simplicity Studio.app/Contents/Eclipse/developer/toolchains/gnu_arm/4.9_2015q3/bin/../lib/gcc/arm-none-eabi/4.9.3/../../../../arm-none-eabi/lib/armv7e-m/softfp/crt0.o
                0x0000000000002fe4                __exidx_end = .
                0x0000000000002fe4                __etext = .

.rel.dyn        0x0000000000002fe4        0x0
 .rel.iplt      0x0000000000000000        0x0 /Applications/Simplicity Studio.app/Contents/Eclipse/developer/toolchains/gnu_arm/4.9_2015q3/bin/../lib/gcc/arm-none-eabi/4.9.3/armv7e-m/softfp/crtbegin.o

.data           0x0000000020000000      0x270 load address 0x0000000000002fe4
                0x0000000020000000                __data_start__ = .
 *(vtable)
 *(.data*)
 .data.SystemHFXOClock
                0x0000000020000000        0x4 ./CMSIS/EFM32WG/system_efm32wg.o
 .data.SystemLFXOClock
                0x0000000020000004        0x4 ./CMSIS/EFM32WG/system_efm32wg.o
 .data.doTemperatureCompensation
                0x0000000020000008        0x1 ./src/epsilometer_main.o
                0x0000000020000008                doTemperatureCompensation
 *fill*         0x0000000020000009        0x3 
 .data.boardSetup
                0x000000002000000c       0x30 ./src/epsilometer_main.o
                0x000000002000000c                boardSetup
 .data.boardSetup_ptr
                0x000000002000003c        0x4 ./src/epsilometer_main.o
                0x000000002000003c                boardSetup_ptr
 .data.fp07_1   0x0000000020000040       0x34 ./src/epsilometer_main.o
                0x0000000020000040                fp07_1
 .data.fp07_2   0x0000000020000074       0x34 ./src/epsilometer_main.o
                0x0000000020000074                fp07_2
 .data.shr_1    0x00000000200000a8       0x34 ./src/epsilometer_main.o
                0x00000000200000a8                shr_1
 .data.shr_2    0x00000000200000dc       0x34 ./src/epsilometer_main.o
                0x00000000200000dc                shr_2
 .data.con_1    0x0000000020000110       0x34 ./src/epsilometer_main.o
                0x0000000020000110                con_1
 .data.ax       0x0000000020000144       0x34 ./src/epsilometer_main.o
                0x0000000020000144                ax
 .data.ay       0x0000000020000178       0x34 ./src/epsilometer_main.o
                0x0000000020000178                ay
 .data.az       0x00000000200001ac       0x34 ./src/epsilometer_main.o
                0x00000000200001ac                az
 .data.sensors  0x00000000200001e0       0x20 ./src/epsilometer_main.o
                0x00000000200001e0                sensors
 .data.impure_data
                0x0000000020000200       0x60 /Applications/Simplicity Studio.app/Contents/Eclipse/developer/toolchains/gnu_arm/4.9_2015q3/bin/../lib/gcc/arm-none-eabi/4.9.3/../../../../arm-none-eabi/lib/armv7e-m/softfp/libc_nano.a(lib_a-impure.o)
 .data._impure_ptr
                0x0000000020000260        0x4 /Applications/Simplicity Studio.app/Contents/Eclipse/developer/toolchains/gnu_arm/4.9_2015q3/bin/../lib/gcc/arm-none-eabi/4.9.3/../../../../arm-none-eabi/lib/armv7e-m/softfp/libc_nano.a(lib_a-impure.o)
                0x0000000020000260                _impure_ptr
                0x0000000020000264                . = ALIGN (0x4)
 *(.ram)
                0x0000000020000264                . = ALIGN (0x4)
                0x0000000020000264                PROVIDE (__preinit_array_start, .)
 *(.preinit_array)
                0x0000000020000264                PROVIDE (__preinit_array_end, .)
                0x0000000020000264                . = ALIGN (0x4)
                0x0000000020000264                PROVIDE (__init_array_start, .)
 *(SORT(.init_array.*))
 *(.init_array)
 .init_array    0x0000000020000264        0x4 /Applications/Simplicity Studio.app/Contents/Eclipse/developer/toolchains/gnu_arm/4.9_2015q3/bin/../lib/gcc/arm-none-eabi/4.9.3/armv7e-m/softfp/crtbegin.o
                0x0000000020000268                PROVIDE (__init_array_end, .)
                0x0000000020000268                . = ALIGN (0x4)
                0x0000000020000268                PROVIDE (__fini_array_start, .)
 *(SORT(.fini_array.*))
 *(.fini_array)
 .fini_array    0x0000000020000268        0x4 /Applications/Simplicity Studio.app/Contents/Eclipse/developer/toolchains/gnu_arm/4.9_2015q3/bin/../lib/gcc/arm-none-eabi/4.9.3/armv7e-m/softfp/crtbegin.o
                0x000000002000026c                PROVIDE (__fini_array_end, .)
 *(.jcr*)
 .jcr           0x000000002000026c        0x0 /Applications/Simplicity Studio.app/Contents/Eclipse/developer/toolchains/gnu_arm/4.9_2015q3/bin/../lib/gcc/arm-none-eabi/4.9.3/armv7e-m/softfp/crtbegin.o
 .jcr           0x000000002000026c        0x4 /Applications/Simplicity Studio.app/Contents/Eclipse/developer/toolchains/gnu_arm/4.9_2015q3/bin/../lib/gcc/arm-none-eabi/4.9.3/armv7e-m/softfp/crtend.o
                0x0000000020000270                . = ALIGN (0x4)
                0x0000000020000270                __data_end__ = .

.igot.plt       0x0000000020000270        0x0 load address 0x0000000000003254
 .igot.plt      0x0000000000000000        0x0 /Applications/Simplicity Studio.app/Contents/Eclipse/developer/toolchains/gnu_arm/4.9_2015q3/bin/../lib/gcc/arm-none-eabi/4.9.3/armv7e-m/softfp/crtbegin.o

.bss            0x0000000020000270       0x64 load address 0x0000000000003254
                0x0000000020000270                . = ALIGN (0x4)
                0x0000000020000270                __bss_start__ = .
 *(.bss*)
 .bss           0x0000000020000270       0x1c /Applications/Simplicity Studio.app/Contents/Eclipse/developer/toolchains/gnu_arm/4.9_2015q3/bin/../lib/gcc/arm-none-eabi/4.9.3/armv7e-m/softfp/crtbegin.o
 .bss.rtcOverflowCounter
                0x000000002000028c        0x4 ./Calendar/clock_tc.o
 .bss.cmuStatus
                0x0000000020000290        0x4 ./emlib/em_emu.o
 .bss.gulclockset
                0x0000000020000294        0x4 ./src/epsilometer_CMU_init.o
                0x0000000020000294                gulclockset
 .bss.flagSync  0x0000000020000298        0x4 ./src/epsilometer_main.o
                0x0000000020000298                flagSync
 .bss.pendingSamples
                0x000000002000029c        0x4 ./src/epsilometer_main.o
                0x000000002000029c                pendingSamples
 .bss.txSentBytes
                0x00000000200002a0        0x4 ./src/epsilometer_main.o
                0x00000000200002a0                txSentBytes
 .bss.__malloc_sbrk_start
                0x00000000200002a4        0x4 /Applications/Simplicity Studio.app/Contents/Eclipse/developer/toolchains/gnu_arm/4.9_2015q3/bin/../lib/gcc/arm-none-eabi/4.9.3/../../../../arm-none-eabi/lib/armv7e-m/softfp/libc_nano.a(lib_a-nano-mallocr.o)
                0x00000000200002a4                __malloc_sbrk_start
 .bss.__malloc_free_list
                0x00000000200002a8        0x4 /Applications/Simplicity Studio.app/Contents/Eclipse/developer/toolchains/gnu_arm/4.9_2015q3/bin/../lib/gcc/arm-none-eabi/4.9.3/../../../../arm-none-eabi/lib/armv7e-m/softfp/libc_nano.a(lib_a-nano-mallocr.o)
                0x00000000200002a8                __malloc_free_list
 .bss.heap_end.4079
                0x00000000200002ac        0x4 /Applications/Simplicity Studio.app/Contents/Eclipse/developer/toolchains/gnu_arm/4.9_2015q3/bin/../lib/gcc/arm-none-eabi/4.9.3/../../../../arm-none-eabi/lib/armv7e-m/softfp/libnosys.a(sbrk.o)
 *(COMMON)
 COMMON         0x00000000200002b0        0x4 ./CMSIS/EFM32WG/system_efm32wg.o
                0x00000000200002b0                SystemCoreClock
 COMMON         0x00000000200002b4       0x1c ./src/epsilometer_GPIO_init.o
                0x00000000200002b4                numChannel
                0x00000000200002b8                bufferSize
                0x00000000200002bc                dataBuffer
                0x00000000200002c0                channelSample
                0x00000000200002c4                byteSample
                0x00000000200002c8                dataLen
                0x00000000200002cc                samplesSent
 COMMON         0x00000000200002d0        0x4 /Applications/Simplicity Studio.app/Contents/Eclipse/developer/toolchains/gnu_arm/4.9_2015q3/bin/../lib/gcc/arm-none-eabi/4.9.3/../../../../arm-none-eabi/lib/armv7e-m/softfp/libc_nano.a(lib_a-reent.o)
                0x00000000200002d0                errno
                0x00000000200002d4                . = ALIGN (0x4)
                0x00000000200002d4                __bss_end__ = .

.heap           0x00000000200002d8      0xc00
                0x00000000200002d8                __HeapBase = .
                0x00000000200002d8                __end__ = .
                0x00000000200002d8                end = __end__
                0x00000000200002d8                _end = __end__
 *(.heap*)
 .heap          0x00000000200002d8      0xc00 ./CMSIS/EFM32WG/startup_efm32wg.o
                0x0000000020000ed8                __HeapLimit = .

.stack_dummy    0x00000000200002d8      0x400
 *(.stack*)
 .stack         0x00000000200002d8      0x400 ./CMSIS/EFM32WG/startup_efm32wg.o
                0x0000000020008000                __StackTop = (ORIGIN (RAM) + 0x8000)
                0x0000000020007c00                __StackLimit = (__StackTop - SIZEOF (.stack_dummy))
                0x0000000020008000                PROVIDE (__stack, __StackTop)
                0x0000000000000001                ASSERT ((__StackLimit >= __HeapLimit), region RAM overflowed with stack)
                0x0000000000000001                ASSERT ((0x40000 >= (__etext + SIZEOF (.data))), FLASH memory overflowed !)
OUTPUT(Epsilometer_v1.axf elf32-littlearm)

.ARM.attributes
                0x0000000000000000       0x2e
 .ARM.attributes
                0x0000000000000000       0x22 /Applications/Simplicity Studio.app/Contents/Eclipse/developer/toolchains/gnu_arm/4.9_2015q3/bin/../lib/gcc/arm-none-eabi/4.9.3/armv7e-m/softfp/crti.o
 .ARM.attributes
                0x0000000000000022       0x32 /Applications/Simplicity Studio.app/Contents/Eclipse/developer/toolchains/gnu_arm/4.9_2015q3/bin/../lib/gcc/arm-none-eabi/4.9.3/armv7e-m/softfp/crtbegin.o
 .ARM.attributes
                0x0000000000000054       0x20 /Applications/Simplicity Studio.app/Contents/Eclipse/developer/toolchains/gnu_arm/4.9_2015q3/bin/../lib/gcc/arm-none-eabi/4.9.3/../../../../arm-none-eabi/lib/armv7e-m/softfp/crt0.o
 .ARM.attributes
                0x0000000000000074       0x1b ./CMSIS/EFM32WG/startup_efm32wg.o
 .ARM.attributes
                0x000000000000008f       0x37 ./CMSIS/EFM32WG/system_efm32wg.o
 .ARM.attributes
                0x00000000000000c6       0x37 ./Calendar/clock_tc.o
 .ARM.attributes
                0x00000000000000fd       0x37 ./Calendar/main_calendar_tc.o
 .ARM.attributes
                0x0000000000000134       0x37 ./emlib/em_cmu.o
 .ARM.attributes
                0x000000000000016b       0x37 ./emlib/em_emu.o
 .ARM.attributes
                0x00000000000001a2       0x37 ./emlib/em_gpio.o
 .ARM.attributes
                0x00000000000001d9       0x37 ./emlib/em_rtc.o
 .ARM.attributes
                0x0000000000000210       0x37 ./emlib/em_usart.o
 .ARM.attributes
                0x0000000000000247       0x37 ./src/epsilometer_CMU_init.o
 .ARM.attributes
                0x000000000000027e       0x37 ./src/epsilometer_GPIO_init.o
 .ARM.attributes
                0x00000000000002b5       0x37 ./src/epsilometer_TIMER_init.o
 .ARM.attributes
                0x00000000000002ec       0x37 ./src/epsilometer_analog.o
 .ARM.attributes
                0x0000000000000323       0x37 ./src/epsilometer_coms.o
 .ARM.attributes
                0x000000000000035a       0x37 ./src/epsilometer_main.o
 .ARM.attributes
                0x0000000000000391       0x22 /Applications/Simplicity Studio.app/Contents/Eclipse/developer/toolchains/gnu_arm/4.9_2015q3/bin/../lib/gcc/arm-none-eabi/4.9.3/armv7e-m/softfp/libgcc.a(_arm_addsubdf3.o)
 .ARM.attributes
                0x00000000000003b3       0x22 /Applications/Simplicity Studio.app/Contents/Eclipse/developer/toolchains/gnu_arm/4.9_2015q3/bin/../lib/gcc/arm-none-eabi/4.9.3/armv7e-m/softfp/libgcc.a(_arm_muldivdf3.o)
 .ARM.attributes
                0x00000000000003d5       0x22 /Applications/Simplicity Studio.app/Contents/Eclipse/developer/toolchains/gnu_arm/4.9_2015q3/bin/../lib/gcc/arm-none-eabi/4.9.3/armv7e-m/softfp/libgcc.a(_arm_fixunsdfsi.o)
 .ARM.attributes
                0x00000000000003f7       0x32 /Applications/Simplicity Studio.app/Contents/Eclipse/developer/toolchains/gnu_arm/4.9_2015q3/bin/../lib/gcc/arm-none-eabi/4.9.3/../../../../arm-none-eabi/lib/armv7e-m/softfp/libc_nano.a(lib_a-exit.o)
 .ARM.attributes
                0x0000000000000429       0x32 /Applications/Simplicity Studio.app/Contents/Eclipse/developer/toolchains/gnu_arm/4.9_2015q3/bin/../lib/gcc/arm-none-eabi/4.9.3/../../../../arm-none-eabi/lib/armv7e-m/softfp/libc_nano.a(lib_a-impure.o)
 .ARM.attributes
                0x000000000000045b       0x32 /Applications/Simplicity Studio.app/Contents/Eclipse/developer/toolchains/gnu_arm/4.9_2015q3/bin/../lib/gcc/arm-none-eabi/4.9.3/../../../../arm-none-eabi/lib/armv7e-m/softfp/libc_nano.a(lib_a-init.o)
 .ARM.attributes
                0x000000000000048d       0x32 /Applications/Simplicity Studio.app/Contents/Eclipse/developer/toolchains/gnu_arm/4.9_2015q3/bin/../lib/gcc/arm-none-eabi/4.9.3/../../../../arm-none-eabi/lib/armv7e-m/softfp/libc_nano.a(lib_a-malloc.o)
 .ARM.attributes
                0x00000000000004bf       0x32 /Applications/Simplicity Studio.app/Contents/Eclipse/developer/toolchains/gnu_arm/4.9_2015q3/bin/../lib/gcc/arm-none-eabi/4.9.3/../../../../arm-none-eabi/lib/armv7e-m/softfp/libc_nano.a(lib_a-memset.o)
 .ARM.attributes
                0x00000000000004f1       0x32 /Applications/Simplicity Studio.app/Contents/Eclipse/developer/toolchains/gnu_arm/4.9_2015q3/bin/../lib/gcc/arm-none-eabi/4.9.3/../../../../arm-none-eabi/lib/armv7e-m/softfp/libc_nano.a(lib_a-nano-mallocr.o)
 .ARM.attributes
                0x0000000000000523       0x32 /Applications/Simplicity Studio.app/Contents/Eclipse/developer/toolchains/gnu_arm/4.9_2015q3/bin/../lib/gcc/arm-none-eabi/4.9.3/../../../../arm-none-eabi/lib/armv7e-m/softfp/libc_nano.a(lib_a-sbrkr.o)
 .ARM.attributes
                0x0000000000000555       0x32 /Applications/Simplicity Studio.app/Contents/Eclipse/developer/toolchains/gnu_arm/4.9_2015q3/bin/../lib/gcc/arm-none-eabi/4.9.3/../../../../arm-none-eabi/lib/armv7e-m/softfp/libc_nano.a(lib_a-reent.o)
 .ARM.attributes
                0x0000000000000587       0x20 /Applications/Simplicity Studio.app/Contents/Eclipse/developer/toolchains/gnu_arm/4.9_2015q3/bin/../lib/gcc/arm-none-eabi/4.9.3/../../../../arm-none-eabi/lib/armv7e-m/softfp/libc_nano.a(lib_a-strcmp.o)
 .ARM.attributes
                0x00000000000005a7       0x32 /Applications/Simplicity Studio.app/Contents/Eclipse/developer/toolchains/gnu_arm/4.9_2015q3/bin/../lib/gcc/arm-none-eabi/4.9.3/../../../../arm-none-eabi/lib/armv7e-m/softfp/libc_nano.a(lib_a-findfp.o)
 .ARM.attributes
                0x00000000000005d9       0x32 /Applications/Simplicity Studio.app/Contents/Eclipse/developer/toolchains/gnu_arm/4.9_2015q3/bin/../lib/gcc/arm-none-eabi/4.9.3/../../../../arm-none-eabi/lib/armv7e-m/softfp/libnosys.a(sbrk.o)
 .ARM.attributes
                0x000000000000060b       0x32 /Applications/Simplicity Studio.app/Contents/Eclipse/developer/toolchains/gnu_arm/4.9_2015q3/bin/../lib/gcc/arm-none-eabi/4.9.3/../../../../arm-none-eabi/lib/armv7e-m/softfp/libnosys.a(_exit.o)
 .ARM.attributes
                0x000000000000063d       0x32 /Applications/Simplicity Studio.app/Contents/Eclipse/developer/toolchains/gnu_arm/4.9_2015q3/bin/../lib/gcc/arm-none-eabi/4.9.3/armv7e-m/softfp/crtend.o
 .ARM.attributes
                0x000000000000066f       0x22 /Applications/Simplicity Studio.app/Contents/Eclipse/developer/toolchains/gnu_arm/4.9_2015q3/bin/../lib/gcc/arm-none-eabi/4.9.3/armv7e-m/softfp/crtn.o

.comment        0x0000000000000000       0x70
 .comment       0x0000000000000000       0x70 ./CMSIS/EFM32WG/system_efm32wg.o
                                         0x71 (size before relaxing)
 .comment       0x0000000000000000       0x71 ./Calendar/clock_tc.o
 .comment       0x0000000000000000       0x71 ./Calendar/main_calendar_tc.o
 .comment       0x0000000000000000       0x71 ./emlib/em_cmu.o
 .comment       0x0000000000000000       0x71 ./emlib/em_emu.o
 .comment       0x0000000000000000       0x71 ./emlib/em_gpio.o
 .comment       0x0000000000000000       0x71 ./emlib/em_rtc.o
 .comment       0x0000000000000000       0x71 ./emlib/em_usart.o
 .comment       0x0000000000000000       0x71 ./src/epsilometer_CMU_init.o
 .comment       0x0000000000000000       0x71 ./src/epsilometer_GPIO_init.o
 .comment       0x0000000000000000       0x71 ./src/epsilometer_TIMER_init.o
 .comment       0x0000000000000000       0x71 ./src/epsilometer_analog.o
 .comment       0x0000000000000000       0x71 ./src/epsilometer_coms.o
 .comment       0x0000000000000000       0x71 ./src/epsilometer_main.o

.debug_line     0x0000000000000000     0x436b
 .debug_line    0x0000000000000000       0xdf ./CMSIS/EFM32WG/startup_efm32wg.o
 .debug_line    0x00000000000000df      0x36a ./CMSIS/EFM32WG/system_efm32wg.o
 .debug_line    0x0000000000000449      0x5c5 ./Calendar/clock_tc.o
 .debug_line    0x0000000000000a0e      0x42f ./Calendar/main_calendar_tc.o
 .debug_line    0x0000000000000e3d      0xa16 ./emlib/em_cmu.o
 .debug_line    0x0000000000001853      0x5db ./emlib/em_emu.o
 .debug_line    0x0000000000001e2e      0x514 ./emlib/em_gpio.o
 .debug_line    0x0000000000002342      0x3f8 ./emlib/em_rtc.o
 .debug_line    0x000000000000273a      0x69b ./emlib/em_usart.o
 .debug_line    0x0000000000002dd5      0x35b ./src/epsilometer_CMU_init.o
 .debug_line    0x0000000000003130      0x2d4 ./src/epsilometer_GPIO_init.o
 .debug_line    0x0000000000003404      0x29d ./src/epsilometer_TIMER_init.o
 .debug_line    0x00000000000036a1      0x5e2 ./src/epsilometer_analog.o
 .debug_line    0x0000000000003c83      0x3f8 ./src/epsilometer_coms.o
 .debug_line    0x000000000000407b      0x2f0 ./src/epsilometer_main.o

.debug_info     0x0000000000000000     0x8fe7
 .debug_info    0x0000000000000000      0x110 ./CMSIS/EFM32WG/startup_efm32wg.o
 .debug_info    0x0000000000000110      0x74a ./CMSIS/EFM32WG/system_efm32wg.o
 .debug_info    0x000000000000085a     0x1234 ./Calendar/clock_tc.o
 .debug_info    0x0000000000001a8e      0x7bf ./Calendar/main_calendar_tc.o
 .debug_info    0x000000000000224d     0x11f6 ./emlib/em_cmu.o
 .debug_info    0x0000000000003443      0xdd1 ./emlib/em_emu.o
 .debug_info    0x0000000000004214      0x65a ./emlib/em_gpio.o
 .debug_info    0x000000000000486e      0x33f ./emlib/em_rtc.o
 .debug_info    0x0000000000004bad      0xee1 ./emlib/em_usart.o
 .debug_info    0x0000000000005a8e      0x800 ./src/epsilometer_CMU_init.o
 .debug_info    0x000000000000628e      0x3f6 ./src/epsilometer_GPIO_init.o
 .debug_info    0x0000000000006684      0x2ae ./src/epsilometer_TIMER_init.o
 .debug_info    0x0000000000006932     0x13f1 ./src/epsilometer_analog.o
 .debug_info    0x0000000000007d23      0xd10 ./src/epsilometer_coms.o
 .debug_info    0x0000000000008a33      0x5b4 ./src/epsilometer_main.o

.debug_abbrev   0x0000000000000000     0x19f0
 .debug_abbrev  0x0000000000000000       0x14 ./CMSIS/EFM32WG/startup_efm32wg.o
 .debug_abbrev  0x0000000000000014      0x1a5 ./CMSIS/EFM32WG/system_efm32wg.o
 .debug_abbrev  0x00000000000001b9      0x304 ./Calendar/clock_tc.o
 .debug_abbrev  0x00000000000004bd      0x1eb ./Calendar/main_calendar_tc.o
 .debug_abbrev  0x00000000000006a8      0x2ed ./emlib/em_cmu.o
 .debug_abbrev  0x0000000000000995      0x252 ./emlib/em_emu.o
 .debug_abbrev  0x0000000000000be7      0x1cd ./emlib/em_gpio.o
 .debug_abbrev  0x0000000000000db4      0x196 ./emlib/em_rtc.o
 .debug_abbrev  0x0000000000000f4a      0x1dd ./emlib/em_usart.o
 .debug_abbrev  0x0000000000001127      0x17b ./src/epsilometer_CMU_init.o
 .debug_abbrev  0x00000000000012a2      0x11d ./src/epsilometer_GPIO_init.o
 .debug_abbrev  0x00000000000013bf       0xbe ./src/epsilometer_TIMER_init.o
 .debug_abbrev  0x000000000000147d      0x285 ./src/epsilometer_analog.o
 .debug_abbrev  0x0000000000001702      0x1cf ./src/epsilometer_coms.o
 .debug_abbrev  0x00000000000018d1      0x11f ./src/epsilometer_main.o

.debug_aranges  0x0000000000000000      0x6c0
 .debug_aranges
                0x0000000000000000       0x20 ./CMSIS/EFM32WG/startup_efm32wg.o
 .debug_aranges
                0x0000000000000020       0x70 ./CMSIS/EFM32WG/system_efm32wg.o
 .debug_aranges
                0x0000000000000090       0xb8 ./Calendar/clock_tc.o
 .debug_aranges
                0x0000000000000148       0x58 ./Calendar/main_calendar_tc.o
 .debug_aranges
                0x00000000000001a0      0x150 ./emlib/em_cmu.o
 .debug_aranges
                0x00000000000002f0       0xa8 ./emlib/em_emu.o
 .debug_aranges
                0x0000000000000398       0x70 ./emlib/em_gpio.o
 .debug_aranges
                0x0000000000000408       0x58 ./emlib/em_rtc.o
 .debug_aranges
                0x0000000000000460       0xc0 ./emlib/em_usart.o
 .debug_aranges
                0x0000000000000520       0x48 ./src/epsilometer_CMU_init.o
 .debug_aranges
                0x0000000000000568       0x20 ./src/epsilometer_GPIO_init.o
 .debug_aranges
                0x0000000000000588       0x20 ./src/epsilometer_TIMER_init.o
 .debug_aranges
                0x00000000000005a8       0xa8 ./src/epsilometer_analog.o
 .debug_aranges
                0x0000000000000650       0x48 ./src/epsilometer_coms.o
 .debug_aranges
                0x0000000000000698       0x28 ./src/epsilometer_main.o

.debug_loc      0x0000000000000000     0x3682
 .debug_loc     0x0000000000000000      0x31c ./CMSIS/EFM32WG/system_efm32wg.o
 .debug_loc     0x000000000000031c      0x64c ./Calendar/clock_tc.o
 .debug_loc     0x0000000000000968      0x282 ./Calendar/main_calendar_tc.o
 .debug_loc     0x0000000000000bea      0xc6c ./emlib/em_cmu.o
 .debug_loc     0x0000000000001856      0x5a0 ./emlib/em_emu.o
 .debug_loc     0x0000000000001df6      0x3d0 ./emlib/em_gpio.o
 .debug_loc     0x00000000000021c6      0x28c ./emlib/em_rtc.o
 .debug_loc     0x0000000000002452      0x72e ./emlib/em_usart.o
 .debug_loc     0x0000000000002b80      0x1d4 ./src/epsilometer_CMU_init.o
 .debug_loc     0x0000000000002d54       0x50 ./src/epsilometer_GPIO_init.o
 .debug_loc     0x0000000000002da4       0x5c ./src/epsilometer_TIMER_init.o
 .debug_loc     0x0000000000002e00      0x5f6 ./src/epsilometer_analog.o
 .debug_loc     0x00000000000033f6      0x210 ./src/epsilometer_coms.o
 .debug_loc     0x0000000000003606       0x7c ./src/epsilometer_main.o

.debug_ranges   0x0000000000000000      0x5c0
 .debug_ranges  0x0000000000000000       0x60 ./CMSIS/EFM32WG/system_efm32wg.o
 .debug_ranges  0x0000000000000060       0xa8 ./Calendar/clock_tc.o
 .debug_ranges  0x0000000000000108       0x48 ./Calendar/main_calendar_tc.o
 .debug_ranges  0x0000000000000150      0x140 ./emlib/em_cmu.o
 .debug_ranges  0x0000000000000290       0x98 ./emlib/em_emu.o
 .debug_ranges  0x0000000000000328       0x60 ./emlib/em_gpio.o
 .debug_ranges  0x0000000000000388       0x48 ./emlib/em_rtc.o
 .debug_ranges  0x00000000000003d0       0xb0 ./emlib/em_usart.o
 .debug_ranges  0x0000000000000480       0x38 ./src/epsilometer_CMU_init.o
 .debug_ranges  0x00000000000004b8       0x10 ./src/epsilometer_GPIO_init.o
 .debug_ranges  0x00000000000004c8       0x10 ./src/epsilometer_TIMER_init.o
 .debug_ranges  0x00000000000004d8       0x98 ./src/epsilometer_analog.o
 .debug_ranges  0x0000000000000570       0x38 ./src/epsilometer_coms.o
 .debug_ranges  0x00000000000005a8       0x18 ./src/epsilometer_main.o

.debug_str      0x0000000000000000     0x351a
 .debug_str     0x0000000000000000      0x4b5 ./CMSIS/EFM32WG/system_efm32wg.o
                                        0x535 (size before relaxing)
 .debug_str     0x00000000000004b5      0xe00 ./Calendar/clock_tc.o
                                       0x1190 (size before relaxing)
 .debug_str     0x00000000000012b5      0x189 ./Calendar/main_calendar_tc.o
                                        0x92e (size before relaxing)
 .debug_str     0x000000000000143e      0x708 ./emlib/em_cmu.o
                                        0xd51 (size before relaxing)
 .debug_str     0x0000000000001b46      0x4ce ./emlib/em_emu.o
                                        0x88e (size before relaxing)
 .debug_str     0x0000000000002014      0x418 ./emlib/em_gpio.o
                                        0x631 (size before relaxing)
 .debug_str     0x000000000000242c       0xda ./emlib/em_rtc.o
                                        0x317 (size before relaxing)
 .debug_str     0x0000000000002506      0x9bd ./emlib/em_usart.o
                                        0xe0a (size before relaxing)
 .debug_str     0x0000000000002ec3       0x71 ./src/epsilometer_CMU_init.o
                                        0x928 (size before relaxing)
 .debug_str     0x0000000000002f34      0x15d ./src/epsilometer_GPIO_init.o
                                        0x54a (size before relaxing)
 .debug_str     0x0000000000003091       0xab ./src/epsilometer_TIMER_init.o
                                        0x2db (size before relaxing)
 .debug_str     0x000000000000313c      0x2f2 ./src/epsilometer_analog.o
                                       0x1142 (size before relaxing)
 .debug_str     0x000000000000342e       0x81 ./src/epsilometer_coms.o
                                        0xe62 (size before relaxing)
 .debug_str     0x00000000000034af       0x6b ./src/epsilometer_main.o
                                        0x54f (size before relaxing)

.debug_frame    0x0000000000000000     0x1c50
 .debug_frame   0x0000000000000000      0x180 ./CMSIS/EFM32WG/system_efm32wg.o
 .debug_frame   0x0000000000000180      0x2f0 ./Calendar/clock_tc.o
 .debug_frame   0x0000000000000470      0x138 ./Calendar/main_calendar_tc.o
 .debug_frame   0x00000000000005a8      0x5c0 ./emlib/em_cmu.o
 .debug_frame   0x0000000000000b68      0x29c ./emlib/em_emu.o
 .debug_frame   0x0000000000000e04      0x1c0 ./emlib/em_gpio.o
 .debug_frame   0x0000000000000fc4      0x138 ./emlib/em_rtc.o
 .debug_frame   0x00000000000010fc      0x338 ./emlib/em_usart.o
 .debug_frame   0x0000000000001434       0xe8 ./src/epsilometer_CMU_init.o
 .debug_frame   0x000000000000151c       0x34 ./src/epsilometer_GPIO_init.o
 .debug_frame   0x0000000000001550       0x38 ./src/epsilometer_TIMER_init.o
 .debug_frame   0x0000000000001588      0x2cc ./src/epsilometer_analog.o
 .debug_frame   0x0000000000001854       0xf8 ./src/epsilometer_coms.o
 .debug_frame   0x000000000000194c       0x50 ./src/epsilometer_main.o
 .debug_frame   0x000000000000199c       0x28 /Applications/Simplicity Studio.app/Contents/Eclipse/developer/toolchains/gnu_arm/4.9_2015q3/bin/../lib/gcc/arm-none-eabi/4.9.3/../../../../arm-none-eabi/lib/armv7e-m/softfp/libc_nano.a(lib_a-exit.o)
 .debug_frame   0x00000000000019c4       0x2c /Applications/Simplicity Studio.app/Contents/Eclipse/developer/toolchains/gnu_arm/4.9_2015q3/bin/../lib/gcc/arm-none-eabi/4.9.3/../../../../arm-none-eabi/lib/armv7e-m/softfp/libc_nano.a(lib_a-init.o)
 .debug_frame   0x00000000000019f0       0x30 /Applications/Simplicity Studio.app/Contents/Eclipse/developer/toolchains/gnu_arm/4.9_2015q3/bin/../lib/gcc/arm-none-eabi/4.9.3/../../../../arm-none-eabi/lib/armv7e-m/softfp/libc_nano.a(lib_a-malloc.o)
 .debug_frame   0x0000000000001a20       0x20 /Applications/Simplicity Studio.app/Contents/Eclipse/developer/toolchains/gnu_arm/4.9_2015q3/bin/../lib/gcc/arm-none-eabi/4.9.3/../../../../arm-none-eabi/lib/armv7e-m/softfp/libc_nano.a(lib_a-memset.o)
 .debug_frame   0x0000000000001a40       0x2c /Applications/Simplicity Studio.app/Contents/Eclipse/developer/toolchains/gnu_arm/4.9_2015q3/bin/../lib/gcc/arm-none-eabi/4.9.3/../../../../arm-none-eabi/lib/armv7e-m/softfp/libc_nano.a(lib_a-nano-mallocr.o)
 .debug_frame   0x0000000000001a6c       0x2c /Applications/Simplicity Studio.app/Contents/Eclipse/developer/toolchains/gnu_arm/4.9_2015q3/bin/../lib/gcc/arm-none-eabi/4.9.3/../../../../arm-none-eabi/lib/armv7e-m/softfp/libc_nano.a(lib_a-sbrkr.o)
 .debug_frame   0x0000000000001a98       0x5c /Applications/Simplicity Studio.app/Contents/Eclipse/developer/toolchains/gnu_arm/4.9_2015q3/bin/../lib/gcc/arm-none-eabi/4.9.3/../../../../arm-none-eabi/lib/armv7e-m/softfp/libc_nano.a(lib_a-reent.o)
 .debug_frame   0x0000000000001af4      0x11c /Applications/Simplicity Studio.app/Contents/Eclipse/developer/toolchains/gnu_arm/4.9_2015q3/bin/../lib/gcc/arm-none-eabi/4.9.3/../../../../arm-none-eabi/lib/armv7e-m/softfp/libc_nano.a(lib_a-findfp.o)
 .debug_frame   0x0000000000001c10       0x20 /Applications/Simplicity Studio.app/Contents/Eclipse/developer/toolchains/gnu_arm/4.9_2015q3/bin/../lib/gcc/arm-none-eabi/4.9.3/../../../../arm-none-eabi/lib/armv7e-m/softfp/libnosys.a(sbrk.o)
 .debug_frame   0x0000000000001c30       0x20 /Applications/Simplicity Studio.app/Contents/Eclipse/developer/toolchains/gnu_arm/4.9_2015q3/bin/../lib/gcc/arm-none-eabi/4.9.3/../../../../arm-none-eabi/lib/armv7e-m/softfp/libnosys.a(_exit.o)

.stabstr        0x0000000000000000       0xdf
 .stabstr       0x0000000000000000       0xdf /Applications/Simplicity Studio.app/Contents/Eclipse/developer/toolchains/gnu_arm/4.9_2015q3/bin/../lib/gcc/arm-none-eabi/4.9.3/../../../../arm-none-eabi/lib/armv7e-m/softfp/libnosys.a(close.o)
