Archive member included because of file (symbol)

/Applications/Simplicity Studio.app/Contents/Eclipse/developer/toolchains/gnu_arm/4.9_2015q3/bin/../lib/gcc/arm-none-eabi/4.9.3/armv7e-m/softfp/libgcc.a(_arm_addsubdf3.o)
                              ./Calendar/clock_tc.o (__aeabi_dsub)
/Applications/Simplicity Studio.app/Contents/Eclipse/developer/toolchains/gnu_arm/4.9_2015q3/bin/../lib/gcc/arm-none-eabi/4.9.3/armv7e-m/softfp/libgcc.a(_arm_muldivdf3.o)
                              ./src/epsilometer_main.o (__aeabi_dmul)
/Applications/Simplicity Studio.app/Contents/Eclipse/developer/toolchains/gnu_arm/4.9_2015q3/bin/../lib/gcc/arm-none-eabi/4.9.3/armv7e-m/softfp/libgcc.a(_arm_fixdfsi.o)
                              ./Calendar/clock_tc.o (__aeabi_d2iz)
/Applications/Simplicity Studio.app/Contents/Eclipse/developer/toolchains/gnu_arm/4.9_2015q3/bin/../lib/gcc/arm-none-eabi/4.9.3/armv7e-m/softfp/libgcc.a(_arm_fixunsdfsi.o)
                              ./src/epsilometer_main.o (__aeabi_d2uiz)
/Applications/Simplicity Studio.app/Contents/Eclipse/developer/toolchains/gnu_arm/4.9_2015q3/bin/../lib/gcc/arm-none-eabi/4.9.3/armv7e-m/softfp/libgcc.a(_aeabi_uldivmod.o)
                              ./emlib/em_usart.o (__aeabi_uldivmod)
/Applications/Simplicity Studio.app/Contents/Eclipse/developer/toolchains/gnu_arm/4.9_2015q3/bin/../lib/gcc/arm-none-eabi/4.9.3/armv7e-m/softfp/libgcc.a(bpabi.o)
                              /Applications/Simplicity Studio.app/Contents/Eclipse/developer/toolchains/gnu_arm/4.9_2015q3/bin/../lib/gcc/arm-none-eabi/4.9.3/armv7e-m/softfp/libgcc.a(_aeabi_uldivmod.o) (__gnu_uldivmod_helper)
/Applications/Simplicity Studio.app/Contents/Eclipse/developer/toolchains/gnu_arm/4.9_2015q3/bin/../lib/gcc/arm-none-eabi/4.9.3/armv7e-m/softfp/libgcc.a(_dvmd_tls.o)
                              /Applications/Simplicity Studio.app/Contents/Eclipse/developer/toolchains/gnu_arm/4.9_2015q3/bin/../lib/gcc/arm-none-eabi/4.9.3/armv7e-m/softfp/libgcc.a(_aeabi_uldivmod.o) (__aeabi_ldiv0)
/Applications/Simplicity Studio.app/Contents/Eclipse/developer/toolchains/gnu_arm/4.9_2015q3/bin/../lib/gcc/arm-none-eabi/4.9.3/armv7e-m/softfp/libgcc.a(_divdi3.o)
                              /Applications/Simplicity Studio.app/Contents/Eclipse/developer/toolchains/gnu_arm/4.9_2015q3/bin/../lib/gcc/arm-none-eabi/4.9.3/armv7e-m/softfp/libgcc.a(bpabi.o) (__divdi3)
/Applications/Simplicity Studio.app/Contents/Eclipse/developer/toolchains/gnu_arm/4.9_2015q3/bin/../lib/gcc/arm-none-eabi/4.9.3/armv7e-m/softfp/libgcc.a(_udivdi3.o)
                              /Applications/Simplicity Studio.app/Contents/Eclipse/developer/toolchains/gnu_arm/4.9_2015q3/bin/../lib/gcc/arm-none-eabi/4.9.3/armv7e-m/softfp/libgcc.a(bpabi.o) (__udivdi3)
/Applications/Simplicity Studio.app/Contents/Eclipse/developer/toolchains/gnu_arm/4.9_2015q3/bin/../lib/gcc/arm-none-eabi/4.9.3/../../../../arm-none-eabi/lib/armv7e-m/softfp/libm.a(lib_a-s_round.o)
                              ./Calendar/clock_tc.o (round)
/Applications/Simplicity Studio.app/Contents/Eclipse/developer/toolchains/gnu_arm/4.9_2015q3/bin/../lib/gcc/arm-none-eabi/4.9.3/../../../../arm-none-eabi/lib/armv7e-m/softfp/libc_nano.a(lib_a-abs.o)
                              ./Calendar/clock_tc.o (abs)
/Applications/Simplicity Studio.app/Contents/Eclipse/developer/toolchains/gnu_arm/4.9_2015q3/bin/../lib/gcc/arm-none-eabi/4.9.3/../../../../arm-none-eabi/lib/armv7e-m/softfp/libc_nano.a(lib_a-exit.o)
                              /Applications/Simplicity Studio.app/Contents/Eclipse/developer/toolchains/gnu_arm/4.9_2015q3/bin/../lib/gcc/arm-none-eabi/4.9.3/../../../../arm-none-eabi/lib/armv7e-m/softfp/crt0.o (exit)
/Applications/Simplicity Studio.app/Contents/Eclipse/developer/toolchains/gnu_arm/4.9_2015q3/bin/../lib/gcc/arm-none-eabi/4.9.3/../../../../arm-none-eabi/lib/armv7e-m/softfp/libc_nano.a(lib_a-impure.o)
                              /Applications/Simplicity Studio.app/Contents/Eclipse/developer/toolchains/gnu_arm/4.9_2015q3/bin/../lib/gcc/arm-none-eabi/4.9.3/../../../../arm-none-eabi/lib/armv7e-m/softfp/libc_nano.a(lib_a-exit.o) (_global_impure_ptr)
/Applications/Simplicity Studio.app/Contents/Eclipse/developer/toolchains/gnu_arm/4.9_2015q3/bin/../lib/gcc/arm-none-eabi/4.9.3/../../../../arm-none-eabi/lib/armv7e-m/softfp/libc_nano.a(lib_a-init.o)
                              /Applications/Simplicity Studio.app/Contents/Eclipse/developer/toolchains/gnu_arm/4.9_2015q3/bin/../lib/gcc/arm-none-eabi/4.9.3/../../../../arm-none-eabi/lib/armv7e-m/softfp/crt0.o (__libc_init_array)
/Applications/Simplicity Studio.app/Contents/Eclipse/developer/toolchains/gnu_arm/4.9_2015q3/bin/../lib/gcc/arm-none-eabi/4.9.3/../../../../arm-none-eabi/lib/armv7e-m/softfp/libc_nano.a(lib_a-lcltime_r.o)
                              ./src/epsilometer_main.o (localtime_r)
[...]
Memory Configuration

Name             Origin             Length             Attributes
FLASH            0x0000000000000000 0x0000000000040000 xr
RAM              0x0000000020000000 0x0000000000008000 xrw
*default*        0x0000000000000000 0xffffffffffffffff

Linker script and memory map

LOAD /Applications/Simplicity Studio.app/Contents/Eclipse/developer/toolchains/gnu_arm/4.9_2015q3/bin/../lib/gcc/arm-none-eabi/4.9.3/armv7e-m/softfp/crti.o
LOAD /Applications/Simplicity Studio.app/Contents/Eclipse/developer/toolchains/gnu_arm/4.9_2015q3/bin/../lib/gcc/arm-none-eabi/4.9.3/armv7e-m/softfp/crtbegin.o
LOAD /Applications/Simplicity Studio.app/Contents/Eclipse/developer/toolchains/gnu_arm/4.9_2015q3/bin/../lib/gcc/arm-none-eabi/4.9.3/../../../../arm-none-eabi/lib/armv7e-m/softfp/crt0.o
LOAD ./CMSIS/EFM32WG/startup_efm32wg.o
LOAD ./CMSIS/EFM32WG/system_efm32wg.o
LOAD ./Calendar/clock_tc.o
LOAD ./Calendar/crystal_parameters.o
LOAD ./Calendar/main_calendar_tc.o
LOAD ./emlib/em_adc.o
LOAD ./emlib/em_cmu.o
LOAD ./emlib/em_emu.o
LOAD ./emlib/em_gpio.o
LOAD ./emlib/em_int.o
LOAD ./emlib/em_rtc.o
LOAD ./emlib/em_system.o
LOAD ./emlib/em_timer.o
LOAD ./emlib/em_usart.o
LOAD ./emlib/microsd.o
LOAD ./src/epsilometer_CMU_init.o
LOAD ./src/epsilometer_GPIO_init.o
LOAD ./src/epsilometer_TIMER_init.o
LOAD ./src/epsilometer_analog.o
LOAD ./src/epsilometer_coms.o
LOAD ./src/epsilometer_main.o
START GROUP
LOAD /Applications/Simplicity Studio.app/Contents/Eclipse/developer/toolchains/gnu_arm/4.9_2015q3/bin/../lib/gcc/arm-none-eabi/4.9.3/armv7e-m/softfp/libgcc.a
LOAD /Applications/Simplicity Studio.app/Contents/Eclipse/developer/toolchains/gnu_arm/4.9_2015q3/bin/../lib/gcc/arm-none-eabi/4.9.3/../../../../arm-none-eabi/lib/armv7e-m/softfp/libnosys.a
END GROUP
LOAD /Applications/Simplicity Studio.app/Contents/Eclipse/developer/toolchains/gnu_arm/4.9_2015q3/bin/../lib/gcc/arm-none-eabi/4.9.3/../../../../arm-none-eabi/lib/armv7e-m/softfp/libstdc++_nano.a
LOAD /Applications/Simplicity Studio.app/Contents/Eclipse/developer/toolchains/gnu_arm/4.9_2015q3/bin/../lib/gcc/arm-none-eabi/4.9.3/../../../../arm-none-eabi/lib/armv7e-m/softfp/libm.a
LOAD /Applications/Simplicity Studio.app/Contents/Eclipse/developer/toolchains/gnu_arm/4.9_2015q3/bin/../lib/gcc/arm-none-eabi/4.9.3/../../../../arm-none-eabi/lib/armv7e-m/softfp/libc_nano.a
START GROUP
LOAD /Applications/Simplicity Studio.app/Contents/Eclipse/developer/toolchains/gnu_arm/4.9_2015q3/bin/../lib/gcc/arm-none-eabi/4.9.3/armv7e-m/softfp/libgcc.a
LOAD /Applications/Simplicity Studio.app/Contents/Eclipse/developer/toolchains/gnu_arm/4.9_2015q3/bin/../lib/gcc/arm-none-eabi/4.9.3/../../../../arm-none-eabi/lib/armv7e-m/softfp/libg_nano.a
LOAD /Applications/Simplicity Studio.app/Contents/Eclipse/developer/toolchains/gnu_arm/4.9_2015q3/bin/../lib/gcc/arm-none-eabi/4.9.3/../../../../arm-none-eabi/lib/armv7e-m/softfp/libc_nano.a
END GROUP
START GROUP
LOAD /Applications/Simplicity Studio.app/Contents/Eclipse/developer/toolchains/gnu_arm/4.9_2015q3/bin/../lib/gcc/arm-none-eabi/4.9.3/armv7e-m/softfp/libgcc.a
LOAD /Applications/Simplicity Studio.app/Contents/Eclipse/developer/toolchains/gnu_arm/4.9_2015q3/bin/../lib/gcc/arm-none-eabi/4.9.3/../../../../arm-none-eabi/lib/armv7e-m/softfp/libc_nano.a
LOAD /Applications/Simplicity Studio.app/Contents/Eclipse/developer/toolchains/gnu_arm/4.9_2015q3/bin/../lib/gcc/arm-none-eabi/4.9.3/../../../../arm-none-eabi/lib/armv7e-m/softfp/libnosys.a
END GROUP
START GROUP
LOAD /Applications/Simplicity Studio.app/Contents/Eclipse/developer/toolchains/gnu_arm/4.9_2015q3/bin/../lib/gcc/arm-none-eabi/4.9.3/armv7e-m/softfp/libgcc.a
LOAD /Applications/Simplicity Studio.app/Contents/Eclipse/developer/toolchains/gnu_arm/4.9_2015q3/bin/../lib/gcc/arm-none-eabi/4.9.3/../../../../arm-none-eabi/lib/armv7e-m/softfp/libc_nano.a
LOAD /Applications/Simplicity Studio.app/Contents/Eclipse/developer/toolchains/gnu_arm/4.9_2015q3/bin/../lib/gcc/arm-none-eabi/4.9.3/../../../../arm-none-eabi/lib/armv7e-m/softfp/libnosys.a
END GROUP
LOAD /Applications/Simplicity Studio.app/Contents/Eclipse/developer/toolchains/gnu_arm/4.9_2015q3/bin/../lib/gcc/arm-none-eabi/4.9.3/armv7e-m/softfp/crtend.o
LOAD /Applications/Simplicity Studio.app/Contents/Eclipse/developer/toolchains/gnu_arm/4.9_2015q3/bin/../lib/gcc/arm-none-eabi/4.9.3/armv7e-m/softfp/crtn.o

.text           0x0000000000000000     0x5a04
 *(.vectors)
 .vectors       0x0000000000000000       0xe0 ./CMSIS/EFM32WG/startup_efm32wg.o
                0x0000000000000000                __Vectors
                0x00000000000000e0                __Vectors_End = .
                0x00000000000000e0                __Vectors_Size = (__Vectors_End - __Vectors)
                0x00000000000000e0                __end__ = .
 *(.text*)
 .text          0x00000000000000e0       0x5c /Applications/Simplicity Studio.app/Contents/Eclipse/developer/toolchains/gnu_arm/4.9_2015q3/bin/../lib/gcc/arm-none-eabi/4.9.3/armv7e-m/softfp/crtbegin.o
 .text          0x000000000000013c       0x74 /Applications/Simplicity Studio.app/Contents/Eclipse/developer/toolchains/gnu_arm/4.9_2015q3/bin/../lib/gcc/arm-none-eabi/4.9.3/../../../../arm-none-eabi/lib/armv7e-m/softfp/crt0.o
                0x000000000000013c                _mainCRTStartup
                0x000000000000013c                _start
 .text          0x00000000000001b0       0x30 ./CMSIS/EFM32WG/startup_efm32wg.o
                0x00000000000001b0                Reset_Handler
                0x00000000000001dc                DebugMon_Handler
                0x00000000000001dc                USART0_TX_IRQHandler
                0x00000000000001dc                I2C0_IRQHandler
                0x00000000000001dc                HardFault_Handler
                0x00000000000001dc                LEUART1_IRQHandler
                0x00000000000001dc                SysTick_Handler
                0x00000000000001dc                USART1_RX_IRQHandler
                0x00000000000001dc                PendSV_Handler
                0x00000000000001dc                NMI_Handler
                0x00000000000001dc                I2C1_IRQHandler
                0x00000000000001dc                TIMER3_IRQHandler
                0x00000000000001dc                MSC_IRQHandler
                0x00000000000001dc                UsageFault_Handler
                0x00000000000001dc                LEUART0_IRQHandler
                0x00000000000001dc                FPUEH_IRQHandler
                0x00000000000001dc                GPIO_EVEN_IRQHandler
                0x00000000000001dc                UART0_TX_IRQHandler
                0x00000000000001dc                UART1_TX_IRQHandler
                0x00000000000001dc                TIMER0_IRQHandler
                0x00000000000001dc                LCD_IRQHandler
                0x00000000000001dc                PCNT2_IRQHandler
                0x00000000000001dc                UART0_RX_IRQHandler
                0x00000000000001dc                LETIMER0_IRQHandler
                0x00000000000001dc                TIMER1_IRQHandler
                0x00000000000001dc                USART2_RX_IRQHandler
                0x00000000000001dc                Default_Handler
                0x00000000000001dc                EMU_IRQHandler
                0x00000000000001dc                PCNT0_IRQHandler
                0x00000000000001dc                USB_IRQHandler
                0x00000000000001dc                BURTC_IRQHandler
                0x00000000000001dc                PCNT1_IRQHandler
                0x00000000000001dc                ACMP0_IRQHandler
                0x00000000000001dc                USART0_RX_IRQHandler
                0x00000000000001dc                MemManage_Handler
                0x00000000000001dc                SVC_Handler
                0x00000000000001dc                DAC0_IRQHandler
                0x00000000000001dc                UART1_RX_IRQHandler
                0x00000000000001dc                EBI_IRQHandler
                0x00000000000001dc                LESENSE_IRQHandler
                0x00000000000001dc                AES_IRQHandler
                0x00000000000001dc                VCMP_IRQHandler
                0x00000000000001dc                DMA_IRQHandler
                0x00000000000001dc                BusFault_Handler
                0x00000000000001dc                TIMER2_IRQHandler
                0x00000000000001dc                USART2_TX_IRQHandler
 .text.GetProdRev
                0x00000000000001e0       0x1c ./CMSIS/EFM32WG/system_efm32wg.o
 .text.SystemCoreClockGet
                0x00000000000001fc       0x34 ./CMSIS/EFM32WG/system_efm32wg.o
                0x00000000000001fc                SystemCoreClockGet
 .text.SystemMaxCoreClockGet
                0x0000000000000230       0x14 ./CMSIS/EFM32WG/system_efm32wg.o
                0x0000000000000230                SystemMaxCoreClockGet
 .text.SystemHFClockGet
                0x0000000000000244      0x100 ./CMSIS/EFM32WG/system_efm32wg.o
                0x0000000000000244                SystemHFClockGet
 .text.SystemHFXOClockGet
                0x0000000000000344       0x18 ./CMSIS/EFM32WG/system_efm32wg.o
                0x0000000000000344                SystemHFXOClockGet
 .text.SystemInit
                0x000000000000035c       0x20 ./CMSIS/EFM32WG/system_efm32wg.o
                0x000000000000035c                SystemInit
 .text.SystemLFRCOClockGet
                0x000000000000037c       0x14 ./CMSIS/EFM32WG/system_efm32wg.o
                0x000000000000037c                SystemLFRCOClockGet
 .text.SystemULFRCOClockGet
                0x0000000000000390       0x14 ./CMSIS/EFM32WG/system_efm32wg.o
                0x0000000000000390                SystemULFRCOClockGet
 .text.SystemLFXOClockGet
                0x00000000000003a4       0x18 ./CMSIS/EFM32WG/system_efm32wg.o
                0x00000000000003a4                SystemLFXOClockGet
 .text.NVIC_EnableIRQ
                0x00000000000003bc       0x30 ./Calendar/clock_tc.o
 .text.ADC_DataSingleGet
                0x00000000000003ec       0x18 ./Calendar/clock_tc.o
 .text.ADC_IntClear
                0x0000000000000404       0x1c ./Calendar/clock_tc.o
 .text.ADC_IntEnable
                0x0000000000000420       0x20 ./Calendar/clock_tc.o
 .text.ADC_Start
                0x0000000000000440       0x1c ./Calendar/clock_tc.o
 .text.EMU_EnterEM1
                0x000000000000045c       0x20 ./Calendar/clock_tc.o
 .text.INT_Disable
                0x000000000000047c       0x2c ./Calendar/clock_tc.o
 .text.INT_Enable
                0x00000000000004a8       0x3c ./Calendar/clock_tc.o
 .text.time     0x00000000000004e4       0x94 ./Calendar/clock_tc.o
                0x00000000000004e4                time
 .text.clockInit
                0x0000000000000578       0x78 ./Calendar/clock_tc.o
                0x0000000000000578                clockInit
 .text.clockSetStartCalendar
                0x00000000000005f0       0x20 ./Calendar/clock_tc.o
                0x00000000000005f0                clockSetStartCalendar
 .text.clockOverflow
                0x0000000000000610       0x20 ./Calendar/clock_tc.o
                0x0000000000000610                clockOverflow
 .text.clockTempSensorInit
                0x0000000000000630       0xc8 ./Calendar/clock_tc.o
 .text.clockReadThermometer
                0x00000000000006f8       0xc4 ./Calendar/clock_tc.o
 .text.clockDoTemperatureCompensation
                0x00000000000007bc       0xd8 ./Calendar/clock_tc.o
                0x00000000000007bc                clockDoTemperatureCompensation
 .text.ADC0_IRQHandler
                0x0000000000000894       0x14 ./Calendar/clock_tc.o
                0x0000000000000894                ADC0_IRQHandler
 .text.NVIC_EnableIRQ
                0x00000000000008a8       0x30 ./Calendar/main_calendar_tc.o
 .text.NVIC_ClearPendingIRQ
                0x00000000000008d8       0x34 ./Calendar/main_calendar_tc.o
 .text.RTC_IntClear
                0x000000000000090c       0x1c ./Calendar/main_calendar_tc.o
 .text.RTC_IntEnable
                0x0000000000000928       0x24 ./Calendar/main_calendar_tc.o
 .text.RTC_IntGet
                0x000000000000094c       0x18 ./Calendar/main_calendar_tc.o
 .text.main_calendar_setup
                0x0000000000000964       0x40 ./Calendar/main_calendar_tc.o
                0x0000000000000964                main_calendar_setup
 .text.rtcSetup
                0x00000000000009a4       0x70 ./Calendar/main_calendar_tc.o
                0x00000000000009a4                rtcSetup
 .text.RTC_IRQHandler
                0x0000000000000a14       0x50 ./Calendar/main_calendar_tc.o
                0x0000000000000a14                RTC_IRQHandler
 .text.ADC_LoadDevinfoCal
                0x0000000000000a64      0x120 ./emlib/em_adc.o
 .text.ADC_Init
                0x0000000000000b84       0x88 ./emlib/em_adc.o
                0x0000000000000b84                ADC_Init
 .text.ADC_InitSingle
                0x0000000000000c0c       0x9c ./emlib/em_adc.o
                0x0000000000000c0c                ADC_InitSingle
 .text.ADC_PrescaleCalc
                0x0000000000000ca8       0x64 ./emlib/em_adc.o
                0x0000000000000ca8                ADC_PrescaleCalc
 .text.ADC_TimebaseCalc
                0x0000000000000d0c       0x60 ./emlib/em_adc.o
                0x0000000000000d0c                ADC_TimebaseCalc
 .text.BUS_RegBitWrite
                0x0000000000000d6c       0x2c ./emlib/em_cmu.o
 .text.BUS_RegBitRead
                0x0000000000000d98       0x2c ./emlib/em_cmu.o
 .text.CMU_DivToLog2
                0x0000000000000dc4       0x34 ./emlib/em_cmu.o
 .text.SYSTEM_GetProdRev
                0x0000000000000df8       0x1c ./emlib/em_cmu.o
 .text.setHfLeConfig
                0x0000000000000e14       0x3c ./emlib/em_cmu.o
 .text.getHfLeConfig
                0x0000000000000e50       0x2c ./emlib/em_cmu.o
 .text.auxClkGet
                0x0000000000000e7c       0xb0 ./emlib/em_cmu.o
 .text.dbgClkGet
                0x0000000000000f2c       0x40 ./emlib/em_cmu.o
 .text.flashWaitStateControl
                0x0000000000000f6c       0xb8 ./emlib/em_cmu.o
 .text.flashWaitStateMax
                0x0000000000001024       0x14 ./emlib/em_cmu.o
 .text.lfClkGet
                0x0000000000001038       0xec ./emlib/em_cmu.o
 .text.syncReg  0x0000000000001124       0x34 ./emlib/em_cmu.o
 .text.CMU_ClockDivSet
                0x0000000000001158      0x22c ./emlib/em_cmu.o
                0x0000000000001158                CMU_ClockDivSet
 .text.CMU_ClockEnable
                0x0000000000001384       0xd4 ./emlib/em_cmu.o
                0x0000000000001384                CMU_ClockEnable
 .text.CMU_ClockFreqGet
                0x0000000000001458      0x1c8 ./emlib/em_cmu.o
                0x0000000000001458                CMU_ClockFreqGet
 .text.CMU_ClockSelectGet
                0x0000000000001620      0x124 ./emlib/em_cmu.o
                0x0000000000001620                CMU_ClockSelectGet
 .text.CMU_ClockSelectSet
                0x0000000000001744      0x228 ./emlib/em_cmu.o
                0x0000000000001744                CMU_ClockSelectSet
 .text.CMU_OscillatorEnable
                0x000000000000196c       0xc0 ./emlib/em_cmu.o
                0x000000000000196c                CMU_OscillatorEnable
 .text.EMU_UpdateOscConfig
                0x0000000000001a2c       0x1c ./emlib/em_emu.o
                0x0000000000001a2c                EMU_UpdateOscConfig
 .text.BUS_RegBitWrite
                0x0000000000001a48       0x2c ./emlib/em_gpio.o
 .text.BUS_RegMaskedWrite
                0x0000000000001a74       0x28 ./emlib/em_gpio.o
 .text.GPIO_PinOutClear
                0x0000000000001a9c       0x58 ./emlib/em_gpio.o
 .text.GPIO_PinOutSet
                0x0000000000001af4       0x58 ./emlib/em_gpio.o
 .text.GPIO_ExtIntConfig
                0x0000000000001b4c       0xd0 ./emlib/em_gpio.o
                0x0000000000001b4c                GPIO_ExtIntConfig
 .text.GPIO_PinModeSet
                0x0000000000001c1c      0x10c ./emlib/em_gpio.o
                0x0000000000001c1c                GPIO_PinModeSet
 .text.BUS_RegBitWrite
                0x0000000000001d28       0x2c ./emlib/em_rtc.o
 .text.RTC_CompareSet
                0x0000000000001d54       0x4c ./emlib/em_rtc.o
                0x0000000000001d54                RTC_CompareSet
 .text.RTC_Enable
                0x0000000000001da0       0x20 ./emlib/em_rtc.o
                0x0000000000001da0                RTC_Enable
 .text.RTC_Init
                0x0000000000001dc0       0x50 ./emlib/em_rtc.o
                0x0000000000001dc0                RTC_Init
 .text.BUS_RegMaskedWrite
                0x0000000000001e10       0x28 ./emlib/em_usart.o
 .text.USART_BaudrateAsyncSet
                0x0000000000001e38       0xb0 ./emlib/em_usart.o
                0x0000000000001e38                USART_BaudrateAsyncSet
 .text.USART_BaudrateSyncSet
                0x0000000000001ee8       0x74 ./emlib/em_usart.o
                0x0000000000001ee8                USART_BaudrateSyncSet
 .text.USART_Enable
                0x0000000000001f5c       0x58 ./emlib/em_usart.o
                0x0000000000001f5c                USART_Enable
 .text.USART_InitAsync
                0x0000000000001fb4       0x9c ./emlib/em_usart.o
                0x0000000000001fb4                USART_InitAsync
 .text.USART_InitSync
                0x0000000000002050       0xcc ./emlib/em_usart.o
                0x0000000000002050                USART_InitSync
 .text.USART_Reset
                0x000000000000211c       0x98 ./emlib/em_usart.o
                0x000000000000211c                USART_Reset
 .text.USART_SpiTransfer
                0x00000000000021b4       0x40 ./emlib/em_usart.o
                0x00000000000021b4                USART_SpiTransfer
 .text.USART_Tx
                0x00000000000021f4       0x2c ./emlib/em_usart.o
                0x00000000000021f4                USART_Tx
 .text.NVIC_EnableIRQ
                0x0000000000002220       0x30 ./src/epsilometer_CMU_init.o
 .text.CMU_IntClear
                0x0000000000002250       0x1c ./src/epsilometer_CMU_init.o
 .text.CMU_IntEnable
                0x000000000000226c       0x24 ./src/epsilometer_CMU_init.o
 .text.CMU_IntGet
                0x0000000000002290       0x18 ./src/epsilometer_CMU_init.o
 .text.CMU_IRQHandler
                0x00000000000022a8       0x40 ./src/epsilometer_CMU_init.o
                0x00000000000022a8                CMU_IRQHandler
 .text.init_CMU
                0x00000000000022e8       0x8c ./src/epsilometer_CMU_init.o
                0x00000000000022e8                init_CMU
 .text.init_GPIO
                0x0000000000002374       0x94 ./src/epsilometer_GPIO_init.o
                0x0000000000002374                init_GPIO
 .text.init_TIMER
                0x0000000000002408      0x174 ./src/epsilometer_TIMER_init.o
                0x0000000000002408                init_TIMER
 .text.NVIC_EnableIRQ
                0x000000000000257c       0x30 ./src/epsilometer_analog.o
 .text.NVIC_ClearPendingIRQ
                0x00000000000025ac       0x34 ./src/epsilometer_analog.o
 .text.GPIO_IntClear
                0x00000000000025e0       0x20 ./src/epsilometer_analog.o
 .text.GPIO_IntDisable
                0x0000000000002600       0x28 ./src/epsilometer_analog.o
 .text.GPIO_IntEnable
                0x0000000000002628       0x28 ./src/epsilometer_analog.o
 .text.USART_IntEnable
                0x0000000000002650       0x20 ./src/epsilometer_analog.o
 .text.Set_Value_16Bit_Register
                0x0000000000002670       0x8c ./src/epsilometer_analog.o
                0x0000000000002670                Set_Value_16Bit_Register
 .text.define_ADC_configuration
                0x00000000000026fc      0x3bc ./src/epsilometer_analog.o
                0x00000000000026fc                define_ADC_configuration
 .text.AD7124_SetRegisterValue
                0x0000000000002ab8       0x78 ./src/epsilometer_analog.o
                0x0000000000002ab8                AD7124_SetRegisterValue
 .text.AD7124_GetRegisterValue
                0x0000000000002b30       0x8c ./src/epsilometer_analog.o
                0x0000000000002b30                AD7124_GetRegisterValue
 .text.AD7124_Reset
                0x0000000000002bbc       0x3c ./src/epsilometer_analog.o
                0x0000000000002bbc                AD7124_Reset
 .text.AD7124_StartConversion
                0x0000000000002bf8       0x48 ./src/epsilometer_analog.o
                0x0000000000002bf8                AD7124_StartConversion
 .text.AD7124_ConfigureDevice
                0x0000000000002c40       0xbc ./src/epsilometer_analog.o
                0x0000000000002c40                AD7124_ConfigureDevice
 .text.AD7124_ChipSelect
                0x0000000000002cfc       0x28 ./src/epsilometer_analog.o
                0x0000000000002cfc                AD7124_ChipSelect
 .text.SPI_xfer
                0x0000000000002d24       0x5c ./src/epsilometer_analog.o
                0x0000000000002d24                SPI_xfer
 .text.SPI_Init
                0x0000000000002d80       0x80 ./src/epsilometer_analog.o
                0x0000000000002d80                SPI_Init
 .text.setupGpioInt
                0x0000000000002e00       0x38 ./src/epsilometer_analog.o
                0x0000000000002e00                setupGpioInt
 .text.GPIO_ODD_IRQHandler
                0x0000000000002e38      0x290 ./src/epsilometer_analog.o
                0x0000000000002e38                GPIO_ODD_IRQHandler
 .text.NVIC_EnableIRQ
                0x00000000000030c8       0x30 ./src/epsilometer_coms.o
 .text.NVIC_ClearPendingIRQ
                0x00000000000030f8       0x34 ./src/epsilometer_coms.o
 .text.NVIC_SetPriority
                0x000000000000312c       0x54 ./src/epsilometer_coms.o
 .text.USART_IntDisable
                0x0000000000003180       0x24 ./src/epsilometer_coms.o
 .text.UART_Setup
                0x00000000000031a4       0xa0 ./src/epsilometer_coms.o
                0x00000000000031a4                UART_Setup
 .text.USART1_TX_IRQHandler
                0x0000000000003244       0xd0 ./src/epsilometer_coms.o
                0x0000000000003244                USART1_TX_IRQHandler
 .text.CHIP_Init
                0x0000000000003314        0xc ./src/epsilometer_main.o
 .text.main     0x0000000000003320      0x130 ./src/epsilometer_main.o
                0x0000000000003320                main
 .text          0x0000000000003450      0x370 /Applications/Simplicity Studio.app/Contents/Eclipse/developer/toolchains/gnu_arm/4.9_2015q3/bin/../lib/gcc/arm-none-eabi/4.9.3/armv7e-m/softfp/libgcc.a(_arm_addsubdf3.o)
                0x0000000000003450                __aeabi_drsub
                0x0000000000003458                __subdf3
                0x0000000000003458                __aeabi_dsub
                0x000000000000345c                __aeabi_dadd
                0x000000000000345c                __adddf3
                0x00000000000036d4                __aeabi_ui2d
                0x00000000000036d4                __floatunsidf
                0x00000000000036f4                __floatsidf
                0x00000000000036f4                __aeabi_i2d
                0x0000000000003718                __extendsfdf2
                0x0000000000003718                __aeabi_f2d
                0x0000000000003754                __aeabi_ul2d
                0x0000000000003754                __floatundidf
                0x0000000000003764                __aeabi_l2d
                0x0000000000003764                __floatdidf
 .text          0x00000000000037c0      0x424 /Applications/Simplicity Studio.app/Contents/Eclipse/developer/toolchains/gnu_arm/4.9_2015q3/bin/../lib/gcc/arm-none-eabi/4.9.3/armv7e-m/softfp/libgcc.a(_arm_muldivdf3.o)
                0x00000000000037c0                __aeabi_dmul
                0x00000000000037c0                __muldf3
                0x0000000000003a14                __aeabi_ddiv
                0x0000000000003a14                __divdf3
 .text          0x0000000000003be4       0x50 /Applications/Simplicity Studio.app/Contents/Eclipse/developer/toolchains/gnu_arm/4.9_2015q3/bin/../lib/gcc/arm-none-eabi/4.9.3/armv7e-m/softfp/libgcc.a(_arm_fixdfsi.o)
                0x0000000000003be4                __fixdfsi
                0x0000000000003be4                __aeabi_d2iz
 .text          0x0000000000003c34       0x40 /Applications/Simplicity Studio.app/Contents/Eclipse/developer/toolchains/gnu_arm/4.9_2015q3/bin/../lib/gcc/arm-none-eabi/4.9.3/armv7e-m/softfp/libgcc.a(_arm_fixunsdfsi.o)
                0x0000000000003c34                __fixunsdfsi
                0x0000000000003c34                __aeabi_d2uiz
 .text.round    0x0000000000003c74       0x9c /Applications/Simplicity Studio.app/Contents/Eclipse/developer/toolchains/gnu_arm/4.9_2015q3/bin/../lib/gcc/arm-none-eabi/4.9.3/../../../../arm-none-eabi/lib/armv7e-m/softfp/libm.a(lib_a-s_round.o)
                0x0000000000003c74                round
 .text.abs      0x0000000000003d10        0x8 /Applications/Simplicity Studio.app/Contents/Eclipse/developer/toolchains/gnu_arm/4.9_2015q3/bin/../lib/gcc/arm-none-eabi/4.9.3/../../../../arm-none-eabi/lib/armv7e-m/softfp/libc_nano.a(lib_a-abs.o)
                0x0000000000003d10                abs
 .text.exit     0x0000000000003d18       0x28 /Applications/Simplicity Studio.app/Contents/Eclipse/developer/toolchains/gnu_arm/4.9_2015q3/bin/../lib/gcc/arm-none-eabi/4.9.3/../../../../arm-none-eabi/lib/armv7e-m/softfp/libc_nano.a(lib_a-exit.o)
                0x0000000000003d18                exit
 .text.__libc_init_array
                0x0000000000003d40       0x4c /Applications/Simplicity Studio.app/Contents/Eclipse/developer/toolchains/gnu_arm/4.9_2015q3/bin/../lib/gcc/arm-none-eabi/4.9.3/../../../../arm-none-eabi/lib/armv7e-m/softfp/libc_nano.a(lib_a-init.o)
                0x0000000000003d40                __libc_init_array
 .text.localtime_r
                0x0000000000003d8c      0x1cc /Applications/Simplicity Studio.app/Contents/Eclipse/developer/toolchains/gnu_arm/4.9_2015q3/bin/../lib/gcc/arm-none-eabi/4.9.3/../../../../arm-none-eabi/lib/armv7e-m/softfp/libc_nano.a(lib_a-lcltime_r.o)
                0x0000000000003d8c                localtime_r
 .text.malloc   0x0000000000003f58       0x10 /Applications/Simplicity Studio.app/Contents/Eclipse/developer/toolchains/gnu_arm/4.9_2015q3/bin/../lib/gcc/arm-none-eabi/4.9.3/../../../../arm-none-eabi/lib/armv7e-m/softfp/libc_nano.a(lib_a-malloc.o)
                0x0000000000003f58                malloc
 .text.free     0x0000000000003f68       0x10 /Applications/Simplicity Studio.app/Contents/Eclipse/developer/toolchains/gnu_arm/4.9_2015q3/bin/../lib/gcc/arm-none-eabi/4.9.3/../../../../arm-none-eabi/lib/armv7e-m/softfp/libc_nano.a(lib_a-malloc.o)
                0x0000000000003f68                free
 .text.memset   0x0000000000003f78       0x10 /Applications/Simplicity Studio.app/Contents/Eclipse/developer/toolchains/gnu_arm/4.9_2015q3/bin/../lib/gcc/arm-none-eabi/4.9.3/../../../../arm-none-eabi/lib/armv7e-m/softfp/libc_nano.a(lib_a-memset.o)
                0x0000000000003f78                memset
 .text.validate_structure
                0x0000000000003f88      0x1ac /Applications/Simplicity Studio.app/Contents/Eclipse/developer/toolchains/gnu_arm/4.9_2015q3/bin/../lib/gcc/arm-none-eabi/4.9.3/../../../../arm-none-eabi/lib/armv7e-m/softfp/libc_nano.a(lib_a-mktime.o)
 .text.mktime   0x0000000000004134      0x2f8 /Applications/Simplicity Studio.app/Contents/Eclipse/developer/toolchains/gnu_arm/4.9_2015q3/bin/../lib/gcc/arm-none-eabi/4.9.3/../../../../arm-none-eabi/lib/armv7e-m/softfp/libc_nano.a(lib_a-mktime.o)
                0x0000000000004134                mktime
 .text._free_r  0x000000000000442c       0x88 /Applications/Simplicity Studio.app/Contents/Eclipse/developer/toolchains/gnu_arm/4.9_2015q3/bin/../lib/gcc/arm-none-eabi/4.9.3/../../../../arm-none-eabi/lib/armv7e-m/softfp/libc_nano.a(lib_a-nano-freer.o)
                0x000000000000442c                _free_r
 .text._malloc_r
                0x00000000000044b4       0xac /Applications/Simplicity Studio.app/Contents/Eclipse/developer/toolchains/gnu_arm/4.9_2015q3/bin/../lib/gcc/arm-none-eabi/4.9.3/../../../../arm-none-eabi/lib/armv7e-m/softfp/libc_nano.a(lib_a-nano-mallocr.o)
                0x00000000000044b4                _malloc_r
 .text._sbrk_r  0x0000000000004560       0x20 /Applications/Simplicity Studio.app/Contents/Eclipse/developer/toolchains/gnu_arm/4.9_2015q3/bin/../lib/gcc/arm-none-eabi/4.9.3/../../../../arm-none-eabi/lib/armv7e-m/softfp/libc_nano.a(lib_a-sbrkr.o)
                0x0000000000004560                _sbrk_r
 .text.__tzcalc_limits
                0x0000000000004580      0x14c /Applications/Simplicity Studio.app/Contents/Eclipse/developer/toolchains/gnu_arm/4.9_2015q3/bin/../lib/gcc/arm-none-eabi/4.9.3/../../../../arm-none-eabi/lib/armv7e-m/softfp/libc_nano.a(lib_a-tzcalc_limits.o)
                0x0000000000004580                __tzcalc_limits
 .text.__tz_lock
                0x00000000000046cc        0x2 /Applications/Simplicity Studio.app/Contents/Eclipse/developer/toolchains/gnu_arm/4.9_2015q3/bin/../lib/gcc/arm-none-eabi/4.9.3/../../../../arm-none-eabi/lib/armv7e-m/softfp/libc_nano.a(lib_a-tzlock.o)
                0x00000000000046cc                __tz_lock
 .text.__tz_unlock
                0x00000000000046ce        0x2 /Applications/Simplicity Studio.app/Contents/Eclipse/developer/toolchains/gnu_arm/4.9_2015q3/bin/../lib/gcc/arm-none-eabi/4.9.3/../../../../arm-none-eabi/lib/armv7e-m/softfp/libc_nano.a(lib_a-tzlock.o)
                0x00000000000046ce                __tz_unlock
 .text._tzset_unlocked
                0x00000000000046d0        0xc /Applications/Simplicity Studio.app/Contents/Eclipse/developer/toolchains/gnu_arm/4.9_2015q3/bin/../lib/gcc/arm-none-eabi/4.9.3/../../../../arm-none-eabi/lib/armv7e-m/softfp/libc_nano.a(lib_a-tzset.o)
                0x00000000000046d0                _tzset_unlocked
 .text._tzset_unlocked_r
                0x00000000000046dc      0x304 /Applications/Simplicity Studio.app/Contents/Eclipse/developer/toolchains/gnu_arm/4.9_2015q3/bin/../lib/gcc/arm-none-eabi/4.9.3/../../../../arm-none-eabi/lib/armv7e-m/softfp/libc_nano.a(lib_a-tzset_r.o)
                0x00000000000046dc                _tzset_unlocked_r
 .text.div      0x00000000000049e0       0x28 /Applications/Simplicity Studio.app/Contents/Eclipse/developer/toolchains/gnu_arm/4.9_2015q3/bin/../lib/gcc/arm-none-eabi/4.9.3/../../../../arm-none-eabi/lib/armv7e-m/softfp/libc_nano.a(lib_a-div.o)
                0x00000000000049e0                div
 .text._findenv_r
                0x0000000000004a08       0x78 /Applications/Simplicity Studio.app/Contents/Eclipse/developer/toolchains/gnu_arm/4.9_2015q3/bin/../lib/gcc/arm-none-eabi/4.9.3/../../../../arm-none-eabi/lib/armv7e-m/softfp/libc_nano.a(lib_a-getenv_r.o)
                0x0000000000004a08                _findenv_r
 .text._getenv_r
                0x0000000000004a80        0xe /Applications/Simplicity Studio.app/Contents/Eclipse/developer/toolchains/gnu_arm/4.9_2015q3/bin/../lib/gcc/arm-none-eabi/4.9.3/../../../../arm-none-eabi/lib/armv7e-m/softfp/libc_nano.a(lib_a-getenv_r.o)
                0x0000000000004a80                _getenv_r
 *fill*         0x0000000000004a8e        0x2 
 .text.__gettzinfo
                0x0000000000004a90        0x8 /Applications/Simplicity Studio.app/Contents/Eclipse/developer/toolchains/gnu_arm/4.9_2015q3/bin/../lib/gcc/arm-none-eabi/4.9.3/../../../../arm-none-eabi/lib/armv7e-m/softfp/libc_nano.a(lib_a-gettzinfo.o)
                0x0000000000004a90                __gettzinfo
 .text.gmtime_r
                0x0000000000004a98      0x12c /Applications/Simplicity Studio.app/Contents/Eclipse/developer/toolchains/gnu_arm/4.9_2015q3/bin/../lib/gcc/arm-none-eabi/4.9.3/../../../../arm-none-eabi/lib/armv7e-m/softfp/libc_nano.a(lib_a-gmtime_r.o)
                0x0000000000004a98                gmtime_r
 .text.sscanf   0x0000000000004bc4       0x54 /Applications/Simplicity Studio.app/Contents/Eclipse/developer/toolchains/gnu_arm/4.9_2015q3/bin/../lib/gcc/arm-none-eabi/4.9.3/../../../../arm-none-eabi/lib/armv7e-m/softfp/libc_nano.a(lib_a-sscanf.o)
                0x0000000000004bc4                sscanf
                0x0000000000004bc4                siscanf
 .text.__seofread
                0x0000000000004c18        0x4 /Applications/Simplicity Studio.app/Contents/Eclipse/developer/toolchains/gnu_arm/4.9_2015q3/bin/../lib/gcc/arm-none-eabi/4.9.3/../../../../arm-none-eabi/lib/armv7e-m/softfp/libc_nano.a(lib_a-stdio.o)
                0x0000000000004c18                __seofread
 .text          0x0000000000004c1c       0x14 /Applications/Simplicity Studio.app/Contents/Eclipse/developer/toolchains/gnu_arm/4.9_2015q3/bin/../lib/gcc/arm-none-eabi/4.9.3/../../../../arm-none-eabi/lib/armv7e-m/softfp/libc_nano.a(lib_a-strcmp.o)
                0x0000000000004c1c                strcmp
 .text.strcpy   0x0000000000004c30       0x10 /Applications/Simplicity Studio.app/Contents/Eclipse/developer/toolchains/gnu_arm/4.9_2015q3/bin/../lib/gcc/arm-none-eabi/4.9.3/../../../../arm-none-eabi/lib/armv7e-m/softfp/libc_nano.a(lib_a-strcpy.o)
                0x0000000000004c30                strcpy
 .text.strlen   0x0000000000004c40       0x10 /Applications/Simplicity Studio.app/Contents/Eclipse/developer/toolchains/gnu_arm/4.9_2015q3/bin/../lib/gcc/arm-none-eabi/4.9.3/../../../../arm-none-eabi/lib/armv7e-m/softfp/libc_nano.a(lib_a-strlen.o)
                0x0000000000004c40                strlen
 .text.strncmp  0x0000000000004c50       0x34 /Applications/Simplicity Studio.app/Contents/Eclipse/developer/toolchains/gnu_arm/4.9_2015q3/bin/../lib/gcc/arm-none-eabi/4.9.3/../../../../arm-none-eabi/lib/armv7e-m/softfp/libc_nano.a(lib_a-strncmp.o)
                0x0000000000004c50                strncmp
 .text._strtoul_r
                0x0000000000004c84       0xf8 /Applications/Simplicity Studio.app/Contents/Eclipse/developer/toolchains/gnu_arm/4.9_2015q3/bin/../lib/gcc/arm-none-eabi/4.9.3/../../../../arm-none-eabi/lib/armv7e-m/softfp/libc_nano.a(lib_a-strtoul.o)
                0x0000000000004c84                _strtoul_r
 .text.strtoul  0x0000000000004d7c       0x1c /Applications/Simplicity Studio.app/Contents/Eclipse/developer/toolchains/gnu_arm/4.9_2015q3/bin/../lib/gcc/arm-none-eabi/4.9.3/../../../../arm-none-eabi/lib/armv7e-m/softfp/libc_nano.a(lib_a-strtoul.o)
                0x0000000000004d7c                strtoul
 .text.__env_lock
                0x0000000000004d98        0x2 /Applications/Simplicity Studio.app/Contents/Eclipse/developer/toolchains/gnu_arm/4.9_2015q3/bin/../lib/gcc/arm-none-eabi/4.9.3/../../../../arm-none-eabi/lib/armv7e-m/softfp/libc_nano.a(lib_a-envlock.o)
                0x0000000000004d98                __env_lock
 .text.__env_unlock
                0x0000000000004d9a        0x2 /Applications/Simplicity Studio.app/Contents/Eclipse/developer/toolchains/gnu_arm/4.9_2015q3/bin/../lib/gcc/arm-none-eabi/4.9.3/../../../../arm-none-eabi/lib/armv7e-m/softfp/libc_nano.a(lib_a-envlock.o)
                0x0000000000004d9a                __env_unlock
 .text._sungetc_r
                0x0000000000004d9c       0x7a /Applications/Simplicity Studio.app/Contents/Eclipse/developer/toolchains/gnu_arm/4.9_2015q3/bin/../lib/gcc/arm-none-eabi/4.9.3/../../../../arm-none-eabi/lib/armv7e-m/softfp/libc_nano.a(lib_a-nano-svfscanf.o)
                0x0000000000004d9c                _sungetc_r
 .text.__ssrefill_r
                0x0000000000004e16       0x3a /Applications/Simplicity Studio.app/Contents/Eclipse/developer/toolchains/gnu_arm/4.9_2015q3/bin/../lib/gcc/arm-none-eabi/4.9.3/../../../../arm-none-eabi/lib/armv7e-m/softfp/libc_nano.a(lib_a-nano-svfscanf.o)
                0x0000000000004e16                __ssrefill_r
 .text.__ssvfscanf_r
                0x0000000000004e50      0x29c /Applications/Simplicity Studio.app/Contents/Eclipse/developer/toolchains/gnu_arm/4.9_2015q3/bin/../lib/gcc/arm-none-eabi/4.9.3/../../../../arm-none-eabi/lib/armv7e-m/softfp/libc_nano.a(lib_a-nano-svfscanf.o)
                0x0000000000004e50                __ssvfscanf_r
                0x0000000000004e50                __ssvfiscanf_r
 .text._scanf_chars
                0x00000000000050ec       0xc0 /Applications/Simplicity Studio.app/Contents/Eclipse/developer/toolchains/gnu_arm/4.9_2015q3/bin/../lib/gcc/arm-none-eabi/4.9.3/../../../../arm-none-eabi/lib/armv7e-m/softfp/libc_nano.a(lib_a-nano-vfscanf_i.o)
                0x00000000000050ec                _scanf_chars
 .text._scanf_i
                0x00000000000051ac      0x1e4 /Applications/Simplicity Studio.app/Contents/Eclipse/developer/toolchains/gnu_arm/4.9_2015q3/bin/../lib/gcc/arm-none-eabi/4.9.3/../../../../arm-none-eabi/lib/armv7e-m/softfp/libc_nano.a(lib_a-nano-vfscanf_i.o)
                0x00000000000051ac                _scanf_i
 .text.__sccl   0x0000000000005390       0x64 /Applications/Simplicity Studio.app/Contents/Eclipse/developer/toolchains/gnu_arm/4.9_2015q3/bin/../lib/gcc/arm-none-eabi/4.9.3/../../../../arm-none-eabi/lib/armv7e-m/softfp/libc_nano.a(lib_a-sccl.o)
                0x0000000000005390                __sccl
 .text._strtol_r
                0x00000000000053f4      0x10c /Applications/Simplicity Studio.app/Contents/Eclipse/developer/toolchains/gnu_arm/4.9_2015q3/bin/../lib/gcc/arm-none-eabi/4.9.3/../../../../arm-none-eabi/lib/armv7e-m/softfp/libc_nano.a(lib_a-strtol.o)
                0x00000000000053f4                _strtol_r
 .text.__submore
                0x0000000000005500       0x76 /Applications/Simplicity Studio.app/Contents/Eclipse/developer/toolchains/gnu_arm/4.9_2015q3/bin/../lib/gcc/arm-none-eabi/4.9.3/../../../../arm-none-eabi/lib/armv7e-m/softfp/libc_nano.a(lib_a-ungetc.o)
                0x0000000000005500                __submore
 .text.memchr   0x0000000000005576       0x1e /Applications/Simplicity Studio.app/Contents/Eclipse/developer/toolchains/gnu_arm/4.9_2015q3/bin/../lib/gcc/arm-none-eabi/4.9.3/../../../../arm-none-eabi/lib/armv7e-m/softfp/libc_nano.a(lib_a-memchr.o)
                0x0000000000005576                memchr
 .text.memcpy   0x0000000000005594       0x16 /Applications/Simplicity Studio.app/Contents/Eclipse/developer/toolchains/gnu_arm/4.9_2015q3/bin/../lib/gcc/arm-none-eabi/4.9.3/../../../../arm-none-eabi/lib/armv7e-m/softfp/libc_nano.a(lib_a-memcpy.o)
                0x0000000000005594                memcpy
 .text._realloc_r
                0x00000000000055aa       0x4c /Applications/Simplicity Studio.app/Contents/Eclipse/developer/toolchains/gnu_arm/4.9_2015q3/bin/../lib/gcc/arm-none-eabi/4.9.3/../../../../arm-none-eabi/lib/armv7e-m/softfp/libc_nano.a(lib_a-nano-reallocr.o)
                0x00000000000055aa                _realloc_r
 .text._malloc_usable_size_r
                0x00000000000055f6       0x14 /Applications/Simplicity Studio.app/Contents/Eclipse/developer/toolchains/gnu_arm/4.9_2015q3/bin/../lib/gcc/arm-none-eabi/4.9.3/../../../../arm-none-eabi/lib/armv7e-m/softfp/libc_nano.a(lib_a-nano-msizer.o)
                0x00000000000055f6                _malloc_usable_size_r
 *fill*         0x000000000000560a        0x2 
 .text._sbrk    0x000000000000560c       0x1c /Applications/Simplicity Studio.app/Contents/Eclipse/developer/toolchains/gnu_arm/4.9_2015q3/bin/../lib/gcc/arm-none-eabi/4.9.3/../../../../arm-none-eabi/lib/armv7e-m/softfp/libnosys.a(sbrk.o)
                0x000000000000560c                _sbrk
 .text._exit    0x0000000000005628        0x4 /Applications/Simplicity Studio.app/Contents/Eclipse/developer/toolchains/gnu_arm/4.9_2015q3/bin/../lib/gcc/arm-none-eabi/4.9.3/../../../../arm-none-eabi/lib/armv7e-m/softfp/libnosys.a(_exit.o)
                0x0000000000005628                _exit
 *(.init)
 .init          0x000000000000562c        0x4 /Applications/Simplicity Studio.app/Contents/Eclipse/developer/toolchains/gnu_arm/4.9_2015q3/bin/../lib/gcc/arm-none-eabi/4.9.3/armv7e-m/softfp/crti.o
                0x000000000000562c                _init
 .init          0x0000000000005630        0x8 /Applications/Simplicity Studio.app/Contents/Eclipse/developer/toolchains/gnu_arm/4.9_2015q3/bin/../lib/gcc/arm-none-eabi/4.9.3/armv7e-m/softfp/crtn.o
 *(.fini)
 .fini          0x0000000000005638        0x4 /Applications/Simplicity Studio.app/Contents/Eclipse/developer/toolchains/gnu_arm/4.9_2015q3/bin/../lib/gcc/arm-none-eabi/4.9.3/armv7e-m/softfp/crti.o
                0x0000000000005638                _fini
 .fini          0x000000000000563c        0x8 /Applications/Simplicity Studio.app/Contents/Eclipse/developer/toolchains/gnu_arm/4.9_2015q3/bin/../lib/gcc/arm-none-eabi/4.9.3/armv7e-m/softfp/crtn.o
 *crtbegin.o(.ctors)
 *crtbegin?.o(.ctors)
 *(EXCLUDE_FILE(*crtend.o *crtend?.o) .ctors)
 *(SORT(.ctors.*))
 *(.ctors)
 *crtbegin.o(.dtors)
 *crtbegin?.o(.dtors)
 *(EXCLUDE_FILE(*crtend.o *crtend?.o) .dtors)
 *(SORT(.dtors.*))
 *(.dtors)
 *(.rodata*)
 .rodata.crystalCompensationTable
                0x0000000000005644       0x8e ./Calendar/crystal_parameters.o
                0x0000000000005644                crystalCompensationTable
 *fill*         0x00000000000056d2        0x2 
 .rodata        0x00000000000056d4       0x2c ./Calendar/main_calendar_tc.o
 .rodata        0x0000000000005700       0x44 ./src/epsilometer_analog.o
 .rodata.str1.1
                0x0000000000005744        0x2 /Applications/Simplicity Studio.app/Contents/Eclipse/developer/toolchains/gnu_arm/4.9_2015q3/bin/../lib/gcc/arm-none-eabi/4.9.3/../../../../arm-none-eabi/lib/armv7e-m/softfp/libc_nano.a(lib_a-impure.o)
 *fill*         0x0000000000005746        0x2 
 .rodata._global_impure_ptr
                0x0000000000005748        0x4 /Applications/Simplicity Studio.app/Contents/Eclipse/developer/toolchains/gnu_arm/4.9_2015q3/bin/../lib/gcc/arm-none-eabi/4.9.3/../../../../arm-none-eabi/lib/armv7e-m/softfp/libc_nano.a(lib_a-impure.o)
                0x0000000000005748                _global_impure_ptr
 .rodata._DAYS_BEFORE_MONTH
                0x000000000000574c       0x30 /Applications/Simplicity Studio.app/Contents/Eclipse/developer/toolchains/gnu_arm/4.9_2015q3/bin/../lib/gcc/arm-none-eabi/4.9.3/../../../../arm-none-eabi/lib/armv7e-m/softfp/libc_nano.a(lib_a-mktime.o)
 .rodata.DAYS_IN_MONTH
                0x000000000000577c       0x30 /Applications/Simplicity Studio.app/Contents/Eclipse/developer/toolchains/gnu_arm/4.9_2015q3/bin/../lib/gcc/arm-none-eabi/4.9.3/../../../../arm-none-eabi/lib/armv7e-m/softfp/libc_nano.a(lib_a-mktime.o)
 .rodata.__month_lengths
                0x00000000000057ac       0x60 /Applications/Simplicity Studio.app/Contents/Eclipse/developer/toolchains/gnu_arm/4.9_2015q3/bin/../lib/gcc/arm-none-eabi/4.9.3/../../../../arm-none-eabi/lib/armv7e-m/softfp/libc_nano.a(lib_a-month_lengths.o)
                0x00000000000057ac                __month_lengths
 .rodata.str1.1
                0x000000000000580c       0x3c /Applications/Simplicity Studio.app/Contents/Eclipse/developer/toolchains/gnu_arm/4.9_2015q3/bin/../lib/gcc/arm-none-eabi/4.9.3/../../../../arm-none-eabi/lib/armv7e-m/softfp/libc_nano.a(lib_a-tzset_r.o)
                                         0x4e (size before relaxing)
 .rodata.str1.1
                0x0000000000000000        0x4 /Applications/Simplicity Studio.app/Contents/Eclipse/developer/toolchains/gnu_arm/4.9_2015q3/bin/../lib/gcc/arm-none-eabi/4.9.3/../../../../arm-none-eabi/lib/armv7e-m/softfp/libc_nano.a(lib_a-tzvars.o)
 .rodata._ctype_
                0x0000000000005848      0x101 /Applications/Simplicity Studio.app/Contents/Eclipse/developer/toolchains/gnu_arm/4.9_2015q3/bin/../lib/gcc/arm-none-eabi/4.9.3/../../../../arm-none-eabi/lib/armv7e-m/softfp/libc_nano.a(lib_a-ctype_.o)
                0x0000000000005848                _ctype_
 .rodata.str1.1
                0x0000000000005949        0x4 /Applications/Simplicity Studio.app/Contents/Eclipse/developer/toolchains/gnu_arm/4.9_2015q3/bin/../lib/gcc/arm-none-eabi/4.9.3/../../../../arm-none-eabi/lib/armv7e-m/softfp/libc_nano.a(lib_a-nano-svfscanf.o)
 *fill*         0x000000000000594d        0x3 
 .rodata        0x0000000000005950        0xc /Applications/Simplicity Studio.app/Contents/Eclipse/developer/toolchains/gnu_arm/4.9_2015q3/bin/../lib/gcc/arm-none-eabi/4.9.3/../../../../arm-none-eabi/lib/armv7e-m/softfp/libc_nano.a(lib_a-nano-vfscanf_i.o)
 .rodata.str1.1
                0x000000000000595c       0x1b /Applications/Simplicity Studio.app/Contents/Eclipse/developer/toolchains/gnu_arm/4.9_2015q3/bin/../lib/gcc/arm-none-eabi/4.9.3/../../../../arm-none-eabi/lib/armv7e-m/softfp/libc_nano.a(lib_a-nano-vfscanf_i.o)
 *fill*         0x0000000000005977        0x1 
 .rodata.__sf_fake_stdin
                0x0000000000005978       0x20 /Applications/Simplicity Studio.app/Contents/Eclipse/developer/toolchains/gnu_arm/4.9_2015q3/bin/../lib/gcc/arm-none-eabi/4.9.3/../../../../arm-none-eabi/lib/armv7e-m/softfp/libc_nano.a(lib_a-findfp.o)
                0x0000000000005978                __sf_fake_stdin
 .rodata.__sf_fake_stdout
                0x0000000000005998       0x20 /Applications/Simplicity Studio.app/Contents/Eclipse/developer/toolchains/gnu_arm/4.9_2015q3/bin/../lib/gcc/arm-none-eabi/4.9.3/../../../../arm-none-eabi/lib/armv7e-m/softfp/libc_nano.a(lib_a-findfp.o)
                0x0000000000005998                __sf_fake_stdout
 .rodata.__sf_fake_stderr
                0x00000000000059b8       0x20 /Applications/Simplicity Studio.app/Contents/Eclipse/developer/toolchains/gnu_arm/4.9_2015q3/bin/../lib/gcc/arm-none-eabi/4.9.3/../../../../arm-none-eabi/lib/armv7e-m/softfp/libc_nano.a(lib_a-findfp.o)
                0x00000000000059b8                __sf_fake_stderr
 *(.eh_frame*)
 .eh_frame      0x00000000000059d8        0x0 /Applications/Simplicity Studio.app/Contents/Eclipse/developer/toolchains/gnu_arm/4.9_2015q3/bin/../lib/gcc/arm-none-eabi/4.9.3/armv7e-m/softfp/crtbegin.o
 .eh_frame      0x00000000000059d8       0x28 /Applications/Simplicity Studio.app/Contents/Eclipse/developer/toolchains/gnu_arm/4.9_2015q3/bin/../lib/gcc/arm-none-eabi/4.9.3/../../../../arm-none-eabi/lib/armv7e-m/softfp/libc_nano.a(lib_a-strcmp.o)
 .eh_frame      0x0000000000005a00        0x4 /Applications/Simplicity Studio.app/Contents/Eclipse/developer/toolchains/gnu_arm/4.9_2015q3/bin/../lib/gcc/arm-none-eabi/4.9.3/armv7e-m/softfp/crtend.o

.glue_7         0x0000000000005a04        0x0
 .glue_7        0x0000000000000000        0x0 linker stubs

.glue_7t        0x0000000000005a04        0x0
 .glue_7t       0x0000000000000000        0x0 linker stubs

.vfp11_veneer   0x0000000000005a04        0x0
 .vfp11_veneer  0x0000000000000000        0x0 linker stubs

.v4_bx          0x0000000000005a04        0x0
 .v4_bx         0x0000000000000000        0x0 linker stubs

.iplt           0x0000000000005a04        0x0
 .iplt          0x0000000000000000        0x0 /Applications/Simplicity Studio.app/Contents/Eclipse/developer/toolchains/gnu_arm/4.9_2015q3/bin/../lib/gcc/arm-none-eabi/4.9.3/armv7e-m/softfp/crtbegin.o

.ARM.extab
 *(.ARM.extab* .gnu.linkonce.armextab.*)
                0x0000000000005a04                __exidx_start = .

.ARM.exidx      0x0000000000005a04        0x8
 *(.ARM.exidx* .gnu.linkonce.armexidx.*)
 .ARM.exidx     0x0000000000005a04        0x8 /Applications/Simplicity Studio.app/Contents/Eclipse/developer/toolchains/gnu_arm/4.9_2015q3/bin/../lib/gcc/arm-none-eabi/4.9.3/../../../../arm-none-eabi/lib/armv7e-m/softfp/crt0.o
                0x0000000000005a0c                __exidx_end = .
                0x0000000000005a0c                __etext = .

.rel.dyn        0x0000000000005a0c        0x0
 .rel.iplt      0x0000000000000000        0x0 /Applications/Simplicity Studio.app/Contents/Eclipse/developer/toolchains/gnu_arm/4.9_2015q3/bin/../lib/gcc/arm-none-eabi/4.9.3/armv7e-m/softfp/crtbegin.o

.data           0x0000000020000000      0x2c0 load address 0x0000000000005a0c
                0x0000000020000000                __data_start__ = .
 *(vtable)
 *(.data*)
 .data.SystemHFXOClock
                0x0000000020000000        0x4 ./CMSIS/EFM32WG/system_efm32wg.o
 .data.SystemLFXOClock
                0x0000000020000004        0x4 ./CMSIS/EFM32WG/system_efm32wg.o
 .data.doTemperatureCompensation
                0x0000000020000008        0x1 ./src/epsilometer_main.o
                0x0000000020000008                doTemperatureCompensation
 *fill*         0x0000000020000009        0x3 
 .data.boardSetup
                0x000000002000000c       0x30 ./src/epsilometer_main.o
                0x000000002000000c                boardSetup
 .data.boardSetup_ptr
                0x000000002000003c        0x4 ./src/epsilometer_main.o
                0x000000002000003c                boardSetup_ptr
 .data.fp07_1   0x0000000020000040       0x34 ./src/epsilometer_main.o
                0x0000000020000040                fp07_1
 .data.fp07_2   0x0000000020000074       0x34 ./src/epsilometer_main.o
                0x0000000020000074                fp07_2
 .data.shr_1    0x00000000200000a8       0x34 ./src/epsilometer_main.o
                0x00000000200000a8                shr_1
 .data.shr_2    0x00000000200000dc       0x34 ./src/epsilometer_main.o
                0x00000000200000dc                shr_2
 .data.con_1    0x0000000020000110       0x34 ./src/epsilometer_main.o
                0x0000000020000110                con_1
 .data.ax       0x0000000020000144       0x34 ./src/epsilometer_main.o
                0x0000000020000144                ax
 .data.ay       0x0000000020000178       0x34 ./src/epsilometer_main.o
                0x0000000020000178                ay
 .data.az       0x00000000200001ac       0x34 ./src/epsilometer_main.o
                0x00000000200001ac                az
 .data.sensors  0x00000000200001e0       0x20 ./src/epsilometer_main.o
                0x00000000200001e0                sensors
 .data.impure_data
                0x0000000020000200       0x60 /Applications/Simplicity Studio.app/Contents/Eclipse/developer/toolchains/gnu_arm/4.9_2015q3/bin/../lib/gcc/arm-none-eabi/4.9.3/../../../../arm-none-eabi/lib/armv7e-m/softfp/libc_nano.a(lib_a-impure.o)
 .data._impure_ptr
                0x0000000020000260        0x4 /Applications/Simplicity Studio.app/Contents/Eclipse/developer/toolchains/gnu_arm/4.9_2015q3/bin/../lib/gcc/arm-none-eabi/4.9.3/../../../../arm-none-eabi/lib/armv7e-m/softfp/libc_nano.a(lib_a-impure.o)
                0x0000000020000260                _impure_ptr
 .data._tzname  0x0000000020000264        0x8 /Applications/Simplicity Studio.app/Contents/Eclipse/developer/toolchains/gnu_arm/4.9_2015q3/bin/../lib/gcc/arm-none-eabi/4.9.3/../../../../arm-none-eabi/lib/armv7e-m/softfp/libc_nano.a(lib_a-tzvars.o)
                0x0000000020000264                _tzname
 .data.tzinfo   0x000000002000026c       0x40 /Applications/Simplicity Studio.app/Contents/Eclipse/developer/toolchains/gnu_arm/4.9_2015q3/bin/../lib/gcc/arm-none-eabi/4.9.3/../../../../arm-none-eabi/lib/armv7e-m/softfp/libc_nano.a(lib_a-gettzinfo.o)
 .data.__ctype_ptr__
                0x00000000200002ac        0x4 /Applications/Simplicity Studio.app/Contents/Eclipse/developer/toolchains/gnu_arm/4.9_2015q3/bin/../lib/gcc/arm-none-eabi/4.9.3/../../../../arm-none-eabi/lib/armv7e-m/softfp/libc_nano.a(lib_a-ctype_.o)
                0x00000000200002ac                __ctype_ptr__
 .data.environ  0x00000000200002b0        0x4 /Applications/Simplicity Studio.app/Contents/Eclipse/developer/toolchains/gnu_arm/4.9_2015q3/bin/../lib/gcc/arm-none-eabi/4.9.3/../../../../arm-none-eabi/lib/armv7e-m/softfp/libc_nano.a(lib_a-environ.o)
                0x00000000200002b0                environ
                0x00000000200002b4                . = ALIGN (0x4)
 *(.ram)
                0x00000000200002b4                . = ALIGN (0x4)
                0x00000000200002b4                PROVIDE (__preinit_array_start, .)
 *(.preinit_array)
                0x00000000200002b4                PROVIDE (__preinit_array_end, .)
                0x00000000200002b4                . = ALIGN (0x4)
                0x00000000200002b4                PROVIDE (__init_array_start, .)
 *(SORT(.init_array.*))
 *(.init_array)
 .init_array    0x00000000200002b4        0x4 /Applications/Simplicity Studio.app/Contents/Eclipse/developer/toolchains/gnu_arm/4.9_2015q3/bin/../lib/gcc/arm-none-eabi/4.9.3/armv7e-m/softfp/crtbegin.o
                0x00000000200002b8                PROVIDE (__init_array_end, .)
                0x00000000200002b8                . = ALIGN (0x4)
                0x00000000200002b8                PROVIDE (__fini_array_start, .)
 *(SORT(.fini_array.*))
 *(.fini_array)
 .fini_array    0x00000000200002b8        0x4 /Applications/Simplicity Studio.app/Contents/Eclipse/developer/toolchains/gnu_arm/4.9_2015q3/bin/../lib/gcc/arm-none-eabi/4.9.3/armv7e-m/softfp/crtbegin.o
                0x00000000200002bc                PROVIDE (__fini_array_end, .)
 *(.jcr*)
 .jcr           0x00000000200002bc        0x0 /Applications/Simplicity Studio.app/Contents/Eclipse/developer/toolchains/gnu_arm/4.9_2015q3/bin/../lib/gcc/arm-none-eabi/4.9.3/armv7e-m/softfp/crtbegin.o
 .jcr           0x00000000200002bc        0x4 /Applications/Simplicity Studio.app/Contents/Eclipse/developer/toolchains/gnu_arm/4.9_2015q3/bin/../lib/gcc/arm-none-eabi/4.9.3/armv7e-m/softfp/crtend.o
                0x00000000200002c0                . = ALIGN (0x4)
                0x00000000200002c0                __data_end__ = .

.igot.plt       0x00000000200002c0        0x0 load address 0x0000000000005ccc
 .igot.plt      0x0000000000000000        0x0 /Applications/Simplicity Studio.app/Contents/Eclipse/developer/toolchains/gnu_arm/4.9_2015q3/bin/../lib/gcc/arm-none-eabi/4.9.3/armv7e-m/softfp/crtbegin.o

.bss            0x00000000200002c0       0xa8 load address 0x0000000000005ccc
                0x00000000200002c0                . = ALIGN (0x4)
                0x00000000200002c0                __bss_start__ = .
 *(.bss*)
 .bss           0x00000000200002c0       0x1c /Applications/Simplicity Studio.app/Contents/Eclipse/developer/toolchains/gnu_arm/4.9_2015q3/bin/../lib/gcc/arm-none-eabi/4.9.3/armv7e-m/softfp/crtbegin.o
 .bss.rtcCountsPerSec
                0x00000000200002dc        0x2 ./Calendar/clock_tc.o
 *fill*         0x00000000200002de        0x2 
 .bss.rtcStartTime
                0x00000000200002e0        0x4 ./Calendar/clock_tc.o
 .bss.rtcOverflowCounter
                0x00000000200002e4        0x4 ./Calendar/clock_tc.o
 .bss.rtcOverflowInterval
                0x00000000200002e8        0x4 ./Calendar/clock_tc.o
 .bss.rtcOverflowIntervalR
                0x00000000200002ec        0x4 ./Calendar/clock_tc.o
 .bss.thermCalTemp
                0x00000000200002f0        0x1 ./Calendar/clock_tc.o
 *fill*         0x00000000200002f1        0x1 
 .bss.thermCalValue
                0x00000000200002f2        0x2 ./Calendar/clock_tc.o
 .bss.tempCompAccumulator
                0x00000000200002f4        0x4 ./Calendar/clock_tc.o
 .bss.tempCompInterval
                0x00000000200002f8        0x4 ./Calendar/clock_tc.o
 .bss.accumulator.7349
                0x00000000200002fc        0x4 ./Calendar/clock_tc.o
 .bss.cmuStatus
                0x0000000020000300        0x4 ./emlib/em_emu.o
 .bss.INT_LockCnt
                0x0000000020000304        0x4 ./emlib/em_int.o
                0x0000000020000304                INT_LockCnt
 .bss.gulclockset
                0x0000000020000308        0x4 ./src/epsilometer_CMU_init.o
                0x0000000020000308                gulclockset
 .bss.pendingSamples
                0x000000002000030c        0x4 ./src/epsilometer_main.o
                0x000000002000030c                pendingSamples
 .bss.txSentBytes
                0x0000000020000310        0x4 ./src/epsilometer_main.o
                0x0000000020000310                txSentBytes
 .bss.flagSync  0x0000000020000314        0x4 ./src/epsilometer_main.o
                0x0000000020000314                flagSync
 .bss.__malloc_sbrk_start
                0x0000000020000318        0x4 /Applications/Simplicity Studio.app/Contents/Eclipse/developer/toolchains/gnu_arm/4.9_2015q3/bin/../lib/gcc/arm-none-eabi/4.9.3/../../../../arm-none-eabi/lib/armv7e-m/softfp/libc_nano.a(lib_a-nano-mallocr.o)
                0x0000000020000318                __malloc_sbrk_start
 .bss.__malloc_free_list
                0x000000002000031c        0x4 /Applications/Simplicity Studio.app/Contents/Eclipse/developer/toolchains/gnu_arm/4.9_2015q3/bin/../lib/gcc/arm-none-eabi/4.9.3/../../../../arm-none-eabi/lib/armv7e-m/softfp/libc_nano.a(lib_a-nano-mallocr.o)
                0x000000002000031c                __malloc_free_list
 .bss.__tzname_dst
                0x0000000020000320        0xb /Applications/Simplicity Studio.app/Contents/Eclipse/developer/toolchains/gnu_arm/4.9_2015q3/bin/../lib/gcc/arm-none-eabi/4.9.3/../../../../arm-none-eabi/lib/armv7e-m/softfp/libc_nano.a(lib_a-tzset_r.o)
 .bss.__tzname_std
                0x000000002000032b        0xb /Applications/Simplicity Studio.app/Contents/Eclipse/developer/toolchains/gnu_arm/4.9_2015q3/bin/../lib/gcc/arm-none-eabi/4.9.3/../../../../arm-none-eabi/lib/armv7e-m/softfp/libc_nano.a(lib_a-tzset_r.o)
 *fill*         0x0000000020000336        0x2 
 .bss.prev_tzenv
                0x0000000020000338        0x4 /Applications/Simplicity Studio.app/Contents/Eclipse/developer/toolchains/gnu_arm/4.9_2015q3/bin/../lib/gcc/arm-none-eabi/4.9.3/../../../../arm-none-eabi/lib/armv7e-m/softfp/libc_nano.a(lib_a-tzset_r.o)
 .bss._daylight
                0x000000002000033c        0x4 /Applications/Simplicity Studio.app/Contents/Eclipse/developer/toolchains/gnu_arm/4.9_2015q3/bin/../lib/gcc/arm-none-eabi/4.9.3/../../../../arm-none-eabi/lib/armv7e-m/softfp/libc_nano.a(lib_a-tzvars.o)
                0x000000002000033c                _daylight
 .bss._timezone
                0x0000000020000340        0x4 /Applications/Simplicity Studio.app/Contents/Eclipse/developer/toolchains/gnu_arm/4.9_2015q3/bin/../lib/gcc/arm-none-eabi/4.9.3/../../../../arm-none-eabi/lib/armv7e-m/softfp/libc_nano.a(lib_a-tzvars.o)
                0x0000000020000340                _timezone
 .bss.initial_env
                0x0000000020000344        0x4 /Applications/Simplicity Studio.app/Contents/Eclipse/developer/toolchains/gnu_arm/4.9_2015q3/bin/../lib/gcc/arm-none-eabi/4.9.3/../../../../arm-none-eabi/lib/armv7e-m/softfp/libc_nano.a(lib_a-environ.o)
 .bss.heap_end.4079
                0x0000000020000348        0x4 /Applications/Simplicity Studio.app/Contents/Eclipse/developer/toolchains/gnu_arm/4.9_2015q3/bin/../lib/gcc/arm-none-eabi/4.9.3/../../../../arm-none-eabi/lib/armv7e-m/softfp/libnosys.a(sbrk.o)
 *(COMMON)
 COMMON         0x000000002000034c        0x4 ./CMSIS/EFM32WG/system_efm32wg.o
                0x000000002000034c                SystemCoreClock
 COMMON         0x0000000020000350       0x14 ./src/epsilometer_GPIO_init.o
                0x0000000020000350                numChannel
                0x0000000020000354                bufferSize
                0x0000000020000358                dataBuffer
                0x000000002000035c                byteSample
                0x0000000020000360                dataLen
 COMMON         0x0000000020000364        0x4 /Applications/Simplicity Studio.app/Contents/Eclipse/developer/toolchains/gnu_arm/4.9_2015q3/bin/../lib/gcc/arm-none-eabi/4.9.3/../../../../arm-none-eabi/lib/armv7e-m/softfp/libc_nano.a(lib_a-reent.o)
                0x0000000020000364                errno
                0x0000000020000368                . = ALIGN (0x4)
                0x0000000020000368                __bss_end__ = .

.heap           0x0000000020000368      0xc00
                0x0000000020000368                __HeapBase = .
                0x0000000020000368                __end__ = .
                0x0000000020000368                end = __end__
                0x0000000020000368                _end = __end__
 *(.heap*)
 .heap          0x0000000020000368      0xc00 ./CMSIS/EFM32WG/startup_efm32wg.o
                0x0000000020000f68                __HeapLimit = .

.stack_dummy    0x0000000020000368      0x400
 *(.stack*)
 .stack         0x0000000020000368      0x400 ./CMSIS/EFM32WG/startup_efm32wg.o
                0x0000000020008000                __StackTop = (ORIGIN (RAM) + 0x8000)
                0x0000000020007c00                __StackLimit = (__StackTop - SIZEOF (.stack_dummy))
                0x0000000020008000                PROVIDE (__stack, __StackTop)
                0x0000000000000001                ASSERT ((__StackLimit >= __HeapLimit), region RAM overflowed with stack)
                0x0000000000000001                ASSERT ((0x40000 >= (__etext + SIZEOF (.data))), FLASH memory overflowed !)
OUTPUT(Epsilometer_v1.axf elf32-littlearm)

.ARM.attributes
                0x0000000000000000       0x2e
 .ARM.attributes
                0x0000000000000000       0x22 /Applications/Simplicity Studio.app/Contents/Eclipse/developer/toolchains/gnu_arm/4.9_2015q3/bin/../lib/gcc/arm-none-eabi/4.9.3/armv7e-m/softfp/crti.o
 .ARM.attributes
                0x0000000000000022       0x32 /Applications/Simplicity Studio.app/Contents/Eclipse/developer/toolchains/gnu_arm/4.9_2015q3/bin/../lib/gcc/arm-none-eabi/4.9.3/armv7e-m/softfp/crtbegin.o
 .ARM.attributes
                0x0000000000000054       0x20 /Applications/Simplicity Studio.app/Contents/Eclipse/developer/toolchains/gnu_arm/4.9_2015q3/bin/../lib/gcc/arm-none-eabi/4.9.3/../../../../arm-none-eabi/lib/armv7e-m/softfp/crt0.o
 .ARM.attributes
                0x0000000000000074       0x1b ./CMSIS/EFM32WG/startup_efm32wg.o
 .ARM.attributes
                0x000000000000008f       0x37 ./CMSIS/EFM32WG/system_efm32wg.o
 .ARM.attributes
                0x00000000000000c6       0x37 ./Calendar/clock_tc.o
 .ARM.attributes
                0x00000000000000fd       0x37 ./Calendar/crystal_parameters.o
 .ARM.attributes
                0x0000000000000134       0x37 ./Calendar/main_calendar_tc.o
 .ARM.attributes
                0x000000000000016b       0x37 ./emlib/em_adc.o
 .ARM.attributes
                0x00000000000001a2       0x37 ./emlib/em_cmu.o
 .ARM.attributes
                0x00000000000001d9       0x37 ./emlib/em_emu.o
 .ARM.attributes
                0x0000000000000210       0x37 ./emlib/em_gpio.o
 .ARM.attributes
                0x0000000000000247       0x37 ./emlib/em_int.o
 .ARM.attributes
                0x000000000000027e       0x37 ./emlib/em_rtc.o
 .ARM.attributes
                0x00000000000002b5       0x37 ./emlib/em_usart.o
 .ARM.attributes
                0x00000000000002ec       0x37 ./src/epsilometer_CMU_init.o
 .ARM.attributes
                0x0000000000000323       0x37 ./src/epsilometer_GPIO_init.o
 .ARM.attributes
                0x000000000000035a       0x37 ./src/epsilometer_TIMER_init.o
 .ARM.attributes
                0x0000000000000391       0x37 ./src/epsilometer_analog.o
 .ARM.attributes
                0x00000000000003c8       0x37 ./src/epsilometer_coms.o
 .ARM.attributes
                0x00000000000003ff       0x37 ./src/epsilometer_main.o
 .ARM.attributes
                0x0000000000000436       0x22 /Applications/Simplicity Studio.app/Contents/Eclipse/developer/toolchains/gnu_arm/4.9_2015q3/bin/../lib/gcc/arm-none-eabi/4.9.3/armv7e-m/softfp/libgcc.a(_arm_addsubdf3.o)
 .ARM.attributes
                0x0000000000000458       0x22 /Applications/Simplicity Studio.app/Contents/Eclipse/developer/toolchains/gnu_arm/4.9_2015q3/bin/../lib/gcc/arm-none-eabi/4.9.3/armv7e-m/softfp/libgcc.a(_arm_muldivdf3.o)
 .ARM.attributes
                0x000000000000047a       0x22 /Applications/Simplicity Studio.app/Contents/Eclipse/developer/toolchains/gnu_arm/4.9_2015q3/bin/../lib/gcc/arm-none-eabi/4.9.3/armv7e-m/softfp/libgcc.a(_arm_fixdfsi.o)
 .ARM.attributes
                0x000000000000049c       0x22 /Applications/Simplicity Studio.app/Contents/Eclipse/developer/toolchains/gnu_arm/4.9_2015q3/bin/../lib/gcc/arm-none-eabi/4.9.3/armv7e-m/softfp/libgcc.a(_arm_fixunsdfsi.o)
 .ARM.attributes
                0x00000000000004be       0x32 /Applications/Simplicity Studio.app/Contents/Eclipse/developer/toolchains/gnu_arm/4.9_2015q3/bin/../lib/gcc/arm-none-eabi/4.9.3/../../../../arm-none-eabi/lib/armv7e-m/softfp/libm.a(lib_a-s_round.o)
 .ARM.attributes
                0x00000000000004f0       0x32 /Applications/Simplicity Studio.app/Contents/Eclipse/developer/toolchains/gnu_arm/4.9_2015q3/bin/../lib/gcc/arm-none-eabi/4.9.3/../../../../arm-none-eabi/lib/armv7e-m/softfp/libc_nano.a(lib_a-abs.o)
 .ARM.attributes
                0x0000000000000522       0x32 /Applications/Simplicity Studio.app/Contents/Eclipse/developer/toolchains/gnu_arm/4.9_2015q3/bin/../lib/gcc/arm-none-eabi/4.9.3/../../../../arm-none-eabi/lib/armv7e-m/softfp/libc_nano.a(lib_a-exit.o)
 .ARM.attributes
                0x0000000000000554       0x32 /Applications/Simplicity Studio.app/Contents/Eclipse/developer/toolchains/gnu_arm/4.9_2015q3/bin/../lib/gcc/arm-none-eabi/4.9.3/../../../../arm-none-eabi/lib/armv7e-m/softfp/libc_nano.a(lib_a-impure.o)
 .ARM.attributes
                0x0000000000000586       0x32 /Applications/Simplicity Studio.app/Contents/Eclipse/developer/toolchains/gnu_arm/4.9_2015q3/bin/../lib/gcc/arm-none-eabi/4.9.3/../../../../arm-none-eabi/lib/armv7e-m/softfp/libc_nano.a(lib_a-init.o)
 .ARM.attributes
                0x00000000000005b8       0x32 /Applications/Simplicity Studio.app/Contents/Eclipse/developer/toolchains/gnu_arm/4.9_2015q3/bin/../lib/gcc/arm-none-eabi/4.9.3/../../../../arm-none-eabi/lib/armv7e-m/softfp/libc_nano.a(lib_a-lcltime_r.o)
 .ARM.attributes
                0x00000000000005ea       0x32 /Applications/Simplicity Studio.app/Contents/Eclipse/developer/toolchains/gnu_arm/4.9_2015q3/bin/../lib/gcc/arm-none-eabi/4.9.3/../../../../arm-none-eabi/lib/armv7e-m/softfp/libc_nano.a(lib_a-malloc.o)
 .ARM.attributes
                0x000000000000061c       0x32 /Applications/Simplicity Studio.app/Contents/Eclipse/developer/toolchains/gnu_arm/4.9_2015q3/bin/../lib/gcc/arm-none-eabi/4.9.3/../../../../arm-none-eabi/lib/armv7e-m/softfp/libc_nano.a(lib_a-memset.o)
 .ARM.attributes
                0x000000000000064e       0x32 /Applications/Simplicity Studio.app/Contents/Eclipse/developer/toolchains/gnu_arm/4.9_2015q3/bin/../lib/gcc/arm-none-eabi/4.9.3/../../../../arm-none-eabi/lib/armv7e-m/softfp/libc_nano.a(lib_a-mktime.o)
 .ARM.attributes
                0x0000000000000680       0x32 /Applications/Simplicity Studio.app/Contents/Eclipse/developer/toolchains/gnu_arm/4.9_2015q3/bin/../lib/gcc/arm-none-eabi/4.9.3/../../../../arm-none-eabi/lib/armv7e-m/softfp/libc_nano.a(lib_a-month_lengths.o)
 .ARM.attributes
                0x00000000000006b2       0x32 /Applications/Simplicity Studio.app/Contents/Eclipse/developer/toolchains/gnu_arm/4.9_2015q3/bin/../lib/gcc/arm-none-eabi/4.9.3/../../../../arm-none-eabi/lib/armv7e-m/softfp/libc_nano.a(lib_a-nano-freer.o)
 .ARM.attributes
                0x00000000000006e4       0x32 /Applications/Simplicity Studio.app/Contents/Eclipse/developer/toolchains/gnu_arm/4.9_2015q3/bin/../lib/gcc/arm-none-eabi/4.9.3/../../../../arm-none-eabi/lib/armv7e-m/softfp/libc_nano.a(lib_a-nano-mallocr.o)
 .ARM.attributes
                0x0000000000000716       0x32 /Applications/Simplicity Studio.app/Contents/Eclipse/developer/toolchains/gnu_arm/4.9_2015q3/bin/../lib/gcc/arm-none-eabi/4.9.3/../../../../arm-none-eabi/lib/armv7e-m/softfp/libc_nano.a(lib_a-sbrkr.o)
 .ARM.attributes
                0x0000000000000748       0x32 /Applications/Simplicity Studio.app/Contents/Eclipse/developer/toolchains/gnu_arm/4.9_2015q3/bin/../lib/gcc/arm-none-eabi/4.9.3/../../../../arm-none-eabi/lib/armv7e-m/softfp/libc_nano.a(lib_a-tzcalc_limits.o)
 .ARM.attributes
                0x000000000000077a       0x32 /Applications/Simplicity Studio.app/Contents/Eclipse/developer/toolchains/gnu_arm/4.9_2015q3/bin/../lib/gcc/arm-none-eabi/4.9.3/../../../../arm-none-eabi/lib/armv7e-m/softfp/libc_nano.a(lib_a-tzlock.o)
 .ARM.attributes
                0x00000000000007ac       0x32 /Applications/Simplicity Studio.app/Contents/Eclipse/developer/toolchains/gnu_arm/4.9_2015q3/bin/../lib/gcc/arm-none-eabi/4.9.3/../../../../arm-none-eabi/lib/armv7e-m/softfp/libc_nano.a(lib_a-tzset.o)
 .ARM.attributes
                0x00000000000007de       0x32 /Applications/Simplicity Studio.app/Contents/Eclipse/developer/toolchains/gnu_arm/4.9_2015q3/bin/../lib/gcc/arm-none-eabi/4.9.3/../../../../arm-none-eabi/lib/armv7e-m/softfp/libc_nano.a(lib_a-tzset_r.o)
 .ARM.attributes
                0x0000000000000810       0x32 /Applications/Simplicity Studio.app/Contents/Eclipse/developer/toolchains/gnu_arm/4.9_2015q3/bin/../lib/gcc/arm-none-eabi/4.9.3/../../../../arm-none-eabi/lib/armv7e-m/softfp/libc_nano.a(lib_a-tzvars.o)
 .ARM.attributes
                0x0000000000000842       0x32 /Applications/Simplicity Studio.app/Contents/Eclipse/developer/toolchains/gnu_arm/4.9_2015q3/bin/../lib/gcc/arm-none-eabi/4.9.3/../../../../arm-none-eabi/lib/armv7e-m/softfp/libc_nano.a(lib_a-div.o)
 .ARM.attributes
                0x0000000000000874       0x32 /Applications/Simplicity Studio.app/Contents/Eclipse/developer/toolchains/gnu_arm/4.9_2015q3/bin/../lib/gcc/arm-none-eabi/4.9.3/../../../../arm-none-eabi/lib/armv7e-m/softfp/libc_nano.a(lib_a-getenv_r.o)
 .ARM.attributes
                0x00000000000008a6       0x32 /Applications/Simplicity Studio.app/Contents/Eclipse/developer/toolchains/gnu_arm/4.9_2015q3/bin/../lib/gcc/arm-none-eabi/4.9.3/../../../../arm-none-eabi/lib/armv7e-m/softfp/libc_nano.a(lib_a-gettzinfo.o)
 .ARM.attributes
                0x00000000000008d8       0x32 /Applications/Simplicity Studio.app/Contents/Eclipse/developer/toolchains/gnu_arm/4.9_2015q3/bin/../lib/gcc/arm-none-eabi/4.9.3/../../../../arm-none-eabi/lib/armv7e-m/softfp/libc_nano.a(lib_a-gmtime_r.o)
 .ARM.attributes
                0x000000000000090a       0x32 /Applications/Simplicity Studio.app/Contents/Eclipse/developer/toolchains/gnu_arm/4.9_2015q3/bin/../lib/gcc/arm-none-eabi/4.9.3/../../../../arm-none-eabi/lib/armv7e-m/softfp/libc_nano.a(lib_a-reent.o)
 .ARM.attributes
                0x000000000000093c       0x32 /Applications/Simplicity Studio.app/Contents/Eclipse/developer/toolchains/gnu_arm/4.9_2015q3/bin/../lib/gcc/arm-none-eabi/4.9.3/../../../../arm-none-eabi/lib/armv7e-m/softfp/libc_nano.a(lib_a-sscanf.o)
 .ARM.attributes
                0x000000000000096e       0x32 /Applications/Simplicity Studio.app/Contents/Eclipse/developer/toolchains/gnu_arm/4.9_2015q3/bin/../lib/gcc/arm-none-eabi/4.9.3/../../../../arm-none-eabi/lib/armv7e-m/softfp/libc_nano.a(lib_a-stdio.o)
 .ARM.attributes
                0x00000000000009a0       0x20 /Applications/Simplicity Studio.app/Contents/Eclipse/developer/toolchains/gnu_arm/4.9_2015q3/bin/../lib/gcc/arm-none-eabi/4.9.3/../../../../arm-none-eabi/lib/armv7e-m/softfp/libc_nano.a(lib_a-strcmp.o)
 .ARM.attributes
                0x00000000000009c0       0x32 /Applications/Simplicity Studio.app/Contents/Eclipse/developer/toolchains/gnu_arm/4.9_2015q3/bin/../lib/gcc/arm-none-eabi/4.9.3/../../../../arm-none-eabi/lib/armv7e-m/softfp/libc_nano.a(lib_a-strcpy.o)
 .ARM.attributes
                0x00000000000009f2       0x32 /Applications/Simplicity Studio.app/Contents/Eclipse/developer/toolchains/gnu_arm/4.9_2015q3/bin/../lib/gcc/arm-none-eabi/4.9.3/../../../../arm-none-eabi/lib/armv7e-m/softfp/libc_nano.a(lib_a-strlen.o)
 .ARM.attributes
                0x0000000000000a24       0x32 /Applications/Simplicity Studio.app/Contents/Eclipse/developer/toolchains/gnu_arm/4.9_2015q3/bin/../lib/gcc/arm-none-eabi/4.9.3/../../../../arm-none-eabi/lib/armv7e-m/softfp/libc_nano.a(lib_a-strncmp.o)
 .ARM.attributes
                0x0000000000000a56       0x32 /Applications/Simplicity Studio.app/Contents/Eclipse/developer/toolchains/gnu_arm/4.9_2015q3/bin/../lib/gcc/arm-none-eabi/4.9.3/../../../../arm-none-eabi/lib/armv7e-m/softfp/libc_nano.a(lib_a-strtoul.o)
 .ARM.attributes
                0x0000000000000a88       0x32 /Applications/Simplicity Studio.app/Contents/Eclipse/developer/toolchains/gnu_arm/4.9_2015q3/bin/../lib/gcc/arm-none-eabi/4.9.3/../../../../arm-none-eabi/lib/armv7e-m/softfp/libc_nano.a(lib_a-ctype_.o)
 .ARM.attributes
                0x0000000000000aba       0x32 /Applications/Simplicity Studio.app/Contents/Eclipse/developer/toolchains/gnu_arm/4.9_2015q3/bin/../lib/gcc/arm-none-eabi/4.9.3/../../../../arm-none-eabi/lib/armv7e-m/softfp/libc_nano.a(lib_a-environ.o)
 .ARM.attributes
                0x0000000000000aec       0x32 /Applications/Simplicity Studio.app/Contents/Eclipse/developer/toolchains/gnu_arm/4.9_2015q3/bin/../lib/gcc/arm-none-eabi/4.9.3/../../../../arm-none-eabi/lib/armv7e-m/softfp/libc_nano.a(lib_a-envlock.o)
 .ARM.attributes
                0x0000000000000b1e       0x32 /Applications/Simplicity Studio.app/Contents/Eclipse/developer/toolchains/gnu_arm/4.9_2015q3/bin/../lib/gcc/arm-none-eabi/4.9.3/../../../../arm-none-eabi/lib/armv7e-m/softfp/libc_nano.a(lib_a-nano-svfscanf.o)
 .ARM.attributes
                0x0000000000000b50       0x32 /Applications/Simplicity Studio.app/Contents/Eclipse/developer/toolchains/gnu_arm/4.9_2015q3/bin/../lib/gcc/arm-none-eabi/4.9.3/../../../../arm-none-eabi/lib/armv7e-m/softfp/libc_nano.a(lib_a-nano-vfscanf_i.o)
 .ARM.attributes
                0x0000000000000b82       0x32 /Applications/Simplicity Studio.app/Contents/Eclipse/developer/toolchains/gnu_arm/4.9_2015q3/bin/../lib/gcc/arm-none-eabi/4.9.3/../../../../arm-none-eabi/lib/armv7e-m/softfp/libc_nano.a(lib_a-sccl.o)
 .ARM.attributes
                0x0000000000000bb4       0x32 /Applications/Simplicity Studio.app/Contents/Eclipse/developer/toolchains/gnu_arm/4.9_2015q3/bin/../lib/gcc/arm-none-eabi/4.9.3/../../../../arm-none-eabi/lib/armv7e-m/softfp/libc_nano.a(lib_a-strtol.o)
 .ARM.attributes
                0x0000000000000be6       0x32 /Applications/Simplicity Studio.app/Contents/Eclipse/developer/toolchains/gnu_arm/4.9_2015q3/bin/../lib/gcc/arm-none-eabi/4.9.3/../../../../arm-none-eabi/lib/armv7e-m/softfp/libc_nano.a(lib_a-ungetc.o)
 .ARM.attributes
                0x0000000000000c18       0x32 /Applications/Simplicity Studio.app/Contents/Eclipse/developer/toolchains/gnu_arm/4.9_2015q3/bin/../lib/gcc/arm-none-eabi/4.9.3/../../../../arm-none-eabi/lib/armv7e-m/softfp/libc_nano.a(lib_a-findfp.o)
 .ARM.attributes
                0x0000000000000c4a       0x32 /Applications/Simplicity Studio.app/Contents/Eclipse/developer/toolchains/gnu_arm/4.9_2015q3/bin/../lib/gcc/arm-none-eabi/4.9.3/../../../../arm-none-eabi/lib/armv7e-m/softfp/libc_nano.a(lib_a-memchr.o)
 .ARM.attributes
                0x0000000000000c7c       0x32 /Applications/Simplicity Studio.app/Contents/Eclipse/developer/toolchains/gnu_arm/4.9_2015q3/bin/../lib/gcc/arm-none-eabi/4.9.3/../../../../arm-none-eabi/lib/armv7e-m/softfp/libc_nano.a(lib_a-memcpy.o)
 .ARM.attributes
                0x0000000000000cae       0x32 /Applications/Simplicity Studio.app/Contents/Eclipse/developer/toolchains/gnu_arm/4.9_2015q3/bin/../lib/gcc/arm-none-eabi/4.9.3/../../../../arm-none-eabi/lib/armv7e-m/softfp/libc_nano.a(lib_a-nano-reallocr.o)
 .ARM.attributes
                0x0000000000000ce0       0x32 /Applications/Simplicity Studio.app/Contents/Eclipse/developer/toolchains/gnu_arm/4.9_2015q3/bin/../lib/gcc/arm-none-eabi/4.9.3/../../../../arm-none-eabi/lib/armv7e-m/softfp/libc_nano.a(lib_a-nano-msizer.o)
 .ARM.attributes
                0x0000000000000d12       0x32 /Applications/Simplicity Studio.app/Contents/Eclipse/developer/toolchains/gnu_arm/4.9_2015q3/bin/../lib/gcc/arm-none-eabi/4.9.3/../../../../arm-none-eabi/lib/armv7e-m/softfp/libnosys.a(sbrk.o)
 .ARM.attributes
                0x0000000000000d44       0x32 /Applications/Simplicity Studio.app/Contents/Eclipse/developer/toolchains/gnu_arm/4.9_2015q3/bin/../lib/gcc/arm-none-eabi/4.9.3/../../../../arm-none-eabi/lib/armv7e-m/softfp/libnosys.a(_exit.o)
 .ARM.attributes
                0x0000000000000d76       0x32 /Applications/Simplicity Studio.app/Contents/Eclipse/developer/toolchains/gnu_arm/4.9_2015q3/bin/../lib/gcc/arm-none-eabi/4.9.3/armv7e-m/softfp/crtend.o
 .ARM.attributes
                0x0000000000000da8       0x22 /Applications/Simplicity Studio.app/Contents/Eclipse/developer/toolchains/gnu_arm/4.9_2015q3/bin/../lib/gcc/arm-none-eabi/4.9.3/armv7e-m/softfp/crtn.o

.comment        0x0000000000000000       0x70
 .comment       0x0000000000000000       0x70 ./CMSIS/EFM32WG/system_efm32wg.o
                                         0x71 (size before relaxing)
 .comment       0x0000000000000000       0x71 ./Calendar/clock_tc.o
 .comment       0x0000000000000000       0x71 ./Calendar/crystal_parameters.o
 .comment       0x0000000000000000       0x71 ./Calendar/main_calendar_tc.o
 .comment       0x0000000000000000       0x71 ./emlib/em_adc.o
 .comment       0x0000000000000000       0x71 ./emlib/em_cmu.o
 .comment       0x0000000000000000       0x71 ./emlib/em_emu.o
 .comment       0x0000000000000000       0x71 ./emlib/em_gpio.o
 .comment       0x0000000000000000       0x71 ./emlib/em_int.o
 .comment       0x0000000000000000       0x71 ./emlib/em_rtc.o
 .comment       0x0000000000000000       0x71 ./emlib/em_usart.o
 .comment       0x0000000000000000       0x71 ./src/epsilometer_CMU_init.o
 .comment       0x0000000000000000       0x71 ./src/epsilometer_GPIO_init.o
 .comment       0x0000000000000000       0x71 ./src/epsilometer_TIMER_init.o
 .comment       0x0000000000000000       0x71 ./src/epsilometer_analog.o
 .comment       0x0000000000000000       0x71 ./src/epsilometer_coms.o
 .comment       0x0000000000000000       0x71 ./src/epsilometer_main.o

.debug_line     0x0000000000000000     0x4cc0
 .debug_line    0x0000000000000000       0xdf ./CMSIS/EFM32WG/startup_efm32wg.o
 .debug_line    0x00000000000000df      0x36a ./CMSIS/EFM32WG/system_efm32wg.o
 .debug_line    0x0000000000000449      0x5c5 ./Calendar/clock_tc.o
 .debug_line    0x0000000000000a0e      0x154 ./Calendar/crystal_parameters.o
 .debug_line    0x0000000000000b62      0x42f ./Calendar/main_calendar_tc.o
 .debug_line    0x0000000000000f91      0x455 ./emlib/em_adc.o
 .debug_line    0x00000000000013e6      0xa16 ./emlib/em_cmu.o
 .debug_line    0x0000000000001dfc      0x5db ./emlib/em_emu.o
 .debug_line    0x00000000000023d7      0x514 ./emlib/em_gpio.o
 .debug_line    0x00000000000028eb      0x21b ./emlib/em_int.o
 .debug_line    0x0000000000002b06      0x3f8 ./emlib/em_rtc.o
 .debug_line    0x0000000000002efe      0x69b ./emlib/em_usart.o
 .debug_line    0x0000000000003599      0x35b ./src/epsilometer_CMU_init.o
 .debug_line    0x00000000000038f4      0x2d5 ./src/epsilometer_GPIO_init.o
 .debug_line    0x0000000000003bc9      0x29d ./src/epsilometer_TIMER_init.o
 .debug_line    0x0000000000003e66      0x66f ./src/epsilometer_analog.o
 .debug_line    0x00000000000044d5      0x3f8 ./src/epsilometer_coms.o
 .debug_line    0x00000000000048cd      0x3f3 ./src/epsilometer_main.o

.debug_info     0x0000000000000000     0xa1ac
 .debug_info    0x0000000000000000      0x110 ./CMSIS/EFM32WG/startup_efm32wg.o
 .debug_info    0x0000000000000110      0x74a ./CMSIS/EFM32WG/system_efm32wg.o
 .debug_info    0x000000000000085a     0x1234 ./Calendar/clock_tc.o
 .debug_info    0x0000000000001a8e       0xa8 ./Calendar/crystal_parameters.o
 .debug_info    0x0000000000001b36      0x7bf ./Calendar/main_calendar_tc.o
 .debug_info    0x00000000000022f5      0xa64 ./emlib/em_adc.o
 .debug_info    0x0000000000002d59     0x11f6 ./emlib/em_cmu.o
 .debug_info    0x0000000000003f4f      0xdd1 ./emlib/em_emu.o
 .debug_info    0x0000000000004d20      0x65a ./emlib/em_gpio.o
 .debug_info    0x000000000000537a       0xb8 ./emlib/em_int.o
 .debug_info    0x0000000000005432      0x33f ./emlib/em_rtc.o
 .debug_info    0x0000000000005771      0xee1 ./emlib/em_usart.o
 .debug_info    0x0000000000006652      0x800 ./src/epsilometer_CMU_init.o
 .debug_info    0x0000000000006e52      0x3c0 ./src/epsilometer_GPIO_init.o
 .debug_info    0x0000000000007212      0x2ae ./src/epsilometer_TIMER_init.o
 .debug_info    0x00000000000074c0     0x15b6 ./src/epsilometer_analog.o
 .debug_info    0x0000000000008a76      0xcda ./src/epsilometer_coms.o
 .debug_info    0x0000000000009750      0xa5c ./src/epsilometer_main.o

.debug_abbrev   0x0000000000000000     0x1d09
 .debug_abbrev  0x0000000000000000       0x14 ./CMSIS/EFM32WG/startup_efm32wg.o
 .debug_abbrev  0x0000000000000014      0x1a5 ./CMSIS/EFM32WG/system_efm32wg.o
 .debug_abbrev  0x00000000000001b9      0x304 ./Calendar/clock_tc.o
 .debug_abbrev  0x00000000000004bd       0x5d ./Calendar/crystal_parameters.o
 .debug_abbrev  0x000000000000051a      0x1eb ./Calendar/main_calendar_tc.o
 .debug_abbrev  0x0000000000000705      0x1ae ./emlib/em_adc.o
 .debug_abbrev  0x00000000000008b3      0x2ed ./emlib/em_cmu.o
 .debug_abbrev  0x0000000000000ba0      0x252 ./emlib/em_emu.o
 .debug_abbrev  0x0000000000000df2      0x1cd ./emlib/em_gpio.o
 .debug_abbrev  0x0000000000000fbf       0x5a ./emlib/em_int.o
 .debug_abbrev  0x0000000000001019      0x196 ./emlib/em_rtc.o
 .debug_abbrev  0x00000000000011af      0x1dd ./emlib/em_usart.o
 .debug_abbrev  0x000000000000138c      0x17b ./src/epsilometer_CMU_init.o
 .debug_abbrev  0x0000000000001507      0x11d ./src/epsilometer_GPIO_init.o
 .debug_abbrev  0x0000000000001624       0xbe ./src/epsilometer_TIMER_init.o
 .debug_abbrev  0x00000000000016e2      0x2d7 ./src/epsilometer_analog.o
 .debug_abbrev  0x00000000000019b9      0x1cf ./src/epsilometer_coms.o
 .debug_abbrev  0x0000000000001b88      0x181 ./src/epsilometer_main.o

.debug_aranges  0x0000000000000000      0x760
 .debug_aranges
                0x0000000000000000       0x20 ./CMSIS/EFM32WG/startup_efm32wg.o
 .debug_aranges
                0x0000000000000020       0x70 ./CMSIS/EFM32WG/system_efm32wg.o
 .debug_aranges
                0x0000000000000090       0xb8 ./Calendar/clock_tc.o
 .debug_aranges
                0x0000000000000148       0x18 ./Calendar/crystal_parameters.o
 .debug_aranges
                0x0000000000000160       0x58 ./Calendar/main_calendar_tc.o
 .debug_aranges
                0x00000000000001b8       0x50 ./emlib/em_adc.o
 .debug_aranges
                0x0000000000000208      0x150 ./emlib/em_cmu.o
 .debug_aranges
                0x0000000000000358       0xa8 ./emlib/em_emu.o
 .debug_aranges
                0x0000000000000400       0x70 ./emlib/em_gpio.o
 .debug_aranges
                0x0000000000000470       0x18 ./emlib/em_int.o
 .debug_aranges
                0x0000000000000488       0x58 ./emlib/em_rtc.o
 .debug_aranges
                0x00000000000004e0       0xc0 ./emlib/em_usart.o
 .debug_aranges
                0x00000000000005a0       0x48 ./src/epsilometer_CMU_init.o
 .debug_aranges
                0x00000000000005e8       0x20 ./src/epsilometer_GPIO_init.o
 .debug_aranges
                0x0000000000000608       0x20 ./src/epsilometer_TIMER_init.o
 .debug_aranges
                0x0000000000000628       0xc8 ./src/epsilometer_analog.o
 .debug_aranges
                0x00000000000006f0       0x48 ./src/epsilometer_coms.o
 .debug_aranges
                0x0000000000000738       0x28 ./src/epsilometer_main.o

.debug_loc      0x0000000000000000     0x3a30
 .debug_loc     0x0000000000000000      0x31c ./CMSIS/EFM32WG/system_efm32wg.o
 .debug_loc     0x000000000000031c      0x64c ./Calendar/clock_tc.o
 .debug_loc     0x0000000000000968      0x282 ./Calendar/main_calendar_tc.o
 .debug_loc     0x0000000000000bea      0x23c ./emlib/em_adc.o
 .debug_loc     0x0000000000000e26      0xc6c ./emlib/em_cmu.o
 .debug_loc     0x0000000000001a92      0x5a0 ./emlib/em_emu.o
 .debug_loc     0x0000000000002032      0x3d0 ./emlib/em_gpio.o
 .debug_loc     0x0000000000002402      0x28c ./emlib/em_rtc.o
 .debug_loc     0x000000000000268e      0x72e ./emlib/em_usart.o
 .debug_loc     0x0000000000002dbc      0x1d4 ./src/epsilometer_CMU_init.o
 .debug_loc     0x0000000000002f90       0x50 ./src/epsilometer_GPIO_init.o
 .debug_loc     0x0000000000002fe0       0x5c ./src/epsilometer_TIMER_init.o
 .debug_loc     0x000000000000303c      0x766 ./src/epsilometer_analog.o
 .debug_loc     0x00000000000037a2      0x210 ./src/epsilometer_coms.o
 .debug_loc     0x00000000000039b2       0x7e ./src/epsilometer_main.o

.debug_ranges   0x0000000000000000      0x620
 .debug_ranges  0x0000000000000000       0x60 ./CMSIS/EFM32WG/system_efm32wg.o
 .debug_ranges  0x0000000000000060       0xa8 ./Calendar/clock_tc.o
 .debug_ranges  0x0000000000000108       0x48 ./Calendar/main_calendar_tc.o
 .debug_ranges  0x0000000000000150       0x40 ./emlib/em_adc.o
 .debug_ranges  0x0000000000000190      0x140 ./emlib/em_cmu.o
 .debug_ranges  0x00000000000002d0       0x98 ./emlib/em_emu.o
 .debug_ranges  0x0000000000000368       0x60 ./emlib/em_gpio.o
 .debug_ranges  0x00000000000003c8       0x48 ./emlib/em_rtc.o
 .debug_ranges  0x0000000000000410       0xb0 ./emlib/em_usart.o
 .debug_ranges  0x00000000000004c0       0x38 ./src/epsilometer_CMU_init.o
 .debug_ranges  0x00000000000004f8       0x10 ./src/epsilometer_GPIO_init.o
 .debug_ranges  0x0000000000000508       0x10 ./src/epsilometer_TIMER_init.o
 .debug_ranges  0x0000000000000518       0xb8 ./src/epsilometer_analog.o
 .debug_ranges  0x00000000000005d0       0x38 ./src/epsilometer_coms.o
 .debug_ranges  0x0000000000000608       0x18 ./src/epsilometer_main.o

.debug_str      0x0000000000000000     0x394e
 .debug_str     0x0000000000000000      0x4ae ./CMSIS/EFM32WG/system_efm32wg.o
                                        0x535 (size before relaxing)
 .debug_str     0x00000000000004ae      0xe00 ./Calendar/clock_tc.o
                                       0x1190 (size before relaxing)
 .debug_str     0x00000000000012ae       0x21 ./Calendar/crystal_parameters.o
                                        0x223 (size before relaxing)
 .debug_str     0x00000000000012cf      0x189 ./Calendar/main_calendar_tc.o
                                        0x92e (size before relaxing)
 .debug_str     0x0000000000001458      0x11f ./emlib/em_adc.o
                                        0xbca (size before relaxing)
 .debug_str     0x0000000000001577      0x702 ./emlib/em_cmu.o
                                        0xd51 (size before relaxing)
 .debug_str     0x0000000000001c79      0x4c8 ./emlib/em_emu.o
                                        0x88e (size before relaxing)
 .debug_str     0x0000000000002141      0x418 ./emlib/em_gpio.o
                                        0x631 (size before relaxing)
 .debug_str     0x0000000000002559       0x6f ./emlib/em_int.o
                                        0x231 (size before relaxing)
 .debug_str     0x00000000000025c8       0xda ./emlib/em_rtc.o
                                        0x317 (size before relaxing)
 .debug_str     0x00000000000026a2      0x9bd ./emlib/em_usart.o
                                        0xe0a (size before relaxing)
 .debug_str     0x000000000000305f       0x71 ./src/epsilometer_CMU_init.o
                                        0x928 (size before relaxing)
 .debug_str     0x00000000000030d0      0x13a ./src/epsilometer_GPIO_init.o
                                        0x527 (size before relaxing)
 .debug_str     0x000000000000320a       0xab ./src/epsilometer_TIMER_init.o
                                        0x2db (size before relaxing)
 .debug_str     0x00000000000032b5      0x35b ./src/epsilometer_analog.o
                                       0x11c0 (size before relaxing)
 .debug_str     0x0000000000003610       0x81 ./src/epsilometer_coms.o
                                        0xe3f (size before relaxing)
 .debug_str     0x0000000000003691      0x2bd ./src/epsilometer_main.o
                                        0x802 (size before relaxing)

.debug_frame    0x0000000000000000     0x2514
 .debug_frame   0x0000000000000000      0x180 ./CMSIS/EFM32WG/system_efm32wg.o
 .debug_frame   0x0000000000000180      0x2f0 ./Calendar/clock_tc.o
 .debug_frame   0x0000000000000470      0x138 ./Calendar/main_calendar_tc.o
 .debug_frame   0x00000000000005a8      0x110 ./emlib/em_adc.o
 .debug_frame   0x00000000000006b8      0x5c0 ./emlib/em_cmu.o
 .debug_frame   0x0000000000000c78      0x29c ./emlib/em_emu.o
 .debug_frame   0x0000000000000f14      0x1c0 ./emlib/em_gpio.o
 .debug_frame   0x00000000000010d4      0x138 ./emlib/em_rtc.o
 .debug_frame   0x000000000000120c      0x338 ./emlib/em_usart.o
 .debug_frame   0x0000000000001544       0xe8 ./src/epsilometer_CMU_init.o
 .debug_frame   0x000000000000162c       0x34 ./src/epsilometer_GPIO_init.o
 .debug_frame   0x0000000000001660       0x38 ./src/epsilometer_TIMER_init.o
 .debug_frame   0x0000000000001698      0x36c ./src/epsilometer_analog.o
 .debug_frame   0x0000000000001a04       0xf8 ./src/epsilometer_coms.o
 .debug_frame   0x0000000000001afc       0x50 ./src/epsilometer_main.o
 .debug_frame   0x0000000000001b4c       0x30 /Applications/Simplicity Studio.app/Contents/Eclipse/developer/toolchains/gnu_arm/4.9_2015q3/bin/../lib/gcc/arm-none-eabi/4.9.3/../../../../arm-none-eabi/lib/armv7e-m/softfp/libm.a(lib_a-s_round.o)
 .debug_frame   0x0000000000001b7c       0x20 /Applications/Simplicity Studio.app/Contents/Eclipse/developer/toolchains/gnu_arm/4.9_2015q3/bin/../lib/gcc/arm-none-eabi/4.9.3/../../../../arm-none-eabi/lib/armv7e-m/softfp/libc_nano.a(lib_a-abs.o)
 .debug_frame   0x0000000000001b9c       0x28 /Applications/Simplicity Studio.app/Contents/Eclipse/developer/toolchains/gnu_arm/4.9_2015q3/bin/../lib/gcc/arm-none-eabi/4.9.3/../../../../arm-none-eabi/lib/armv7e-m/softfp/libc_nano.a(lib_a-exit.o)
 .debug_frame   0x0000000000001bc4       0x2c /Applications/Simplicity Studio.app/Contents/Eclipse/developer/toolchains/gnu_arm/4.9_2015q3/bin/../lib/gcc/arm-none-eabi/4.9.3/../../../../arm-none-eabi/lib/armv7e-m/softfp/libc_nano.a(lib_a-init.o)
 .debug_frame   0x0000000000001bf0       0x30 /Applications/Simplicity Studio.app/Contents/Eclipse/developer/toolchains/gnu_arm/4.9_2015q3/bin/../lib/gcc/arm-none-eabi/4.9.3/../../../../arm-none-eabi/lib/armv7e-m/softfp/libc_nano.a(lib_a-lcltime_r.o)
 .debug_frame   0x0000000000001c20       0x30 /Applications/Simplicity Studio.app/Contents/Eclipse/developer/toolchains/gnu_arm/4.9_2015q3/bin/../lib/gcc/arm-none-eabi/4.9.3/../../../../arm-none-eabi/lib/armv7e-m/softfp/libc_nano.a(lib_a-malloc.o)
 .debug_frame   0x0000000000001c50       0x20 /Applications/Simplicity Studio.app/Contents/Eclipse/developer/toolchains/gnu_arm/4.9_2015q3/bin/../lib/gcc/arm-none-eabi/4.9.3/../../../../arm-none-eabi/lib/armv7e-m/softfp/libc_nano.a(lib_a-memset.o)
 .debug_frame   0x0000000000001c70       0x54 /Applications/Simplicity Studio.app/Contents/Eclipse/developer/toolchains/gnu_arm/4.9_2015q3/bin/../lib/gcc/arm-none-eabi/4.9.3/../../../../arm-none-eabi/lib/armv7e-m/softfp/libc_nano.a(lib_a-mktime.o)
 .debug_frame   0x0000000000001cc4       0x2c /Applications/Simplicity Studio.app/Contents/Eclipse/developer/toolchains/gnu_arm/4.9_2015q3/bin/../lib/gcc/arm-none-eabi/4.9.3/../../../../arm-none-eabi/lib/armv7e-m/softfp/libc_nano.a(lib_a-nano-freer.o)
 .debug_frame   0x0000000000001cf0       0x2c /Applications/Simplicity Studio.app/Contents/Eclipse/developer/toolchains/gnu_arm/4.9_2015q3/bin/../lib/gcc/arm-none-eabi/4.9.3/../../../../arm-none-eabi/lib/armv7e-m/softfp/libc_nano.a(lib_a-nano-mallocr.o)
 .debug_frame   0x0000000000001d1c       0x2c /Applications/Simplicity Studio.app/Contents/Eclipse/developer/toolchains/gnu_arm/4.9_2015q3/bin/../lib/gcc/arm-none-eabi/4.9.3/../../../../arm-none-eabi/lib/armv7e-m/softfp/libc_nano.a(lib_a-sbrkr.o)
 .debug_frame   0x0000000000001d48       0x34 /Applications/Simplicity Studio.app/Contents/Eclipse/developer/toolchains/gnu_arm/4.9_2015q3/bin/../lib/gcc/arm-none-eabi/4.9.3/../../../../arm-none-eabi/lib/armv7e-m/softfp/libc_nano.a(lib_a-tzcalc_limits.o)
 .debug_frame   0x0000000000001d7c       0x30 /Applications/Simplicity Studio.app/Contents/Eclipse/developer/toolchains/gnu_arm/4.9_2015q3/bin/../lib/gcc/arm-none-eabi/4.9.3/../../../../arm-none-eabi/lib/armv7e-m/softfp/libc_nano.a(lib_a-tzlock.o)
 .debug_frame   0x0000000000001dac       0x3c /Applications/Simplicity Studio.app/Contents/Eclipse/developer/toolchains/gnu_arm/4.9_2015q3/bin/../lib/gcc/arm-none-eabi/4.9.3/../../../../arm-none-eabi/lib/armv7e-m/softfp/libc_nano.a(lib_a-tzset.o)
 .debug_frame   0x0000000000001de8       0x5c /Applications/Simplicity Studio.app/Contents/Eclipse/developer/toolchains/gnu_arm/4.9_2015q3/bin/../lib/gcc/arm-none-eabi/4.9.3/../../../../arm-none-eabi/lib/armv7e-m/softfp/libc_nano.a(lib_a-tzset_r.o)
 .debug_frame   0x0000000000001e44       0x28 /Applications/Simplicity Studio.app/Contents/Eclipse/developer/toolchains/gnu_arm/4.9_2015q3/bin/../lib/gcc/arm-none-eabi/4.9.3/../../../../arm-none-eabi/lib/armv7e-m/softfp/libc_nano.a(lib_a-div.o)
 .debug_frame   0x0000000000001e6c       0x50 /Applications/Simplicity Studio.app/Contents/Eclipse/developer/toolchains/gnu_arm/4.9_2015q3/bin/../lib/gcc/arm-none-eabi/4.9.3/../../../../arm-none-eabi/lib/armv7e-m/softfp/libc_nano.a(lib_a-getenv_r.o)
 .debug_frame   0x0000000000001ebc       0x20 /Applications/Simplicity Studio.app/Contents/Eclipse/developer/toolchains/gnu_arm/4.9_2015q3/bin/../lib/gcc/arm-none-eabi/4.9.3/../../../../arm-none-eabi/lib/armv7e-m/softfp/libc_nano.a(lib_a-gettzinfo.o)
 .debug_frame   0x0000000000001edc       0x30 /Applications/Simplicity Studio.app/Contents/Eclipse/developer/toolchains/gnu_arm/4.9_2015q3/bin/../lib/gcc/arm-none-eabi/4.9.3/../../../../arm-none-eabi/lib/armv7e-m/softfp/libc_nano.a(lib_a-gmtime_r.o)
 .debug_frame   0x0000000000001f0c       0x5c /Applications/Simplicity Studio.app/Contents/Eclipse/developer/toolchains/gnu_arm/4.9_2015q3/bin/../lib/gcc/arm-none-eabi/4.9.3/../../../../arm-none-eabi/lib/armv7e-m/softfp/libc_nano.a(lib_a-reent.o)
 .debug_frame   0x0000000000001f68       0x80 /Applications/Simplicity Studio.app/Contents/Eclipse/developer/toolchains/gnu_arm/4.9_2015q3/bin/../lib/gcc/arm-none-eabi/4.9.3/../../../../arm-none-eabi/lib/armv7e-m/softfp/libc_nano.a(lib_a-sscanf.o)
 .debug_frame   0x0000000000001fe8       0x88 /Applications/Simplicity Studio.app/Contents/Eclipse/developer/toolchains/gnu_arm/4.9_2015q3/bin/../lib/gcc/arm-none-eabi/4.9.3/../../../../arm-none-eabi/lib/armv7e-m/softfp/libc_nano.a(lib_a-stdio.o)