Archive member included because of file (symbol)

/Applications/Simplicity Studio.app/Contents/Eclipse/developer/toolchains/gnu_arm/4.9_2015q3/bin/../lib/gcc/arm-none-eabi/4.9.3/armv7e-m/softfp/libgcc.a(_arm_addsubdf3.o)
                              ./Calendar/clock_tc.o (__aeabi_dsub)
/Applications/Simplicity Studio.app/Contents/Eclipse/developer/toolchains/gnu_arm/4.9_2015q3/bin/../lib/gcc/arm-none-eabi/4.9.3/armv7e-m/softfp/libgcc.a(_arm_muldivdf3.o)
                              ./Calendar/clock_tc.o (__aeabi_ddiv)
/Applications/Simplicity Studio.app/Contents/Eclipse/developer/toolchains/gnu_arm/4.9_2015q3/bin/../lib/gcc/arm-none-eabi/4.9.3/armv7e-m/softfp/libgcc.a(_arm_fixdfsi.o)
                              ./Calendar/clock_tc.o (__aeabi_d2iz)
/Applications/Simplicity Studio.app/Contents/Eclipse/developer/toolchains/gnu_arm/4.9_2015q3/bin/../lib/gcc/arm-none-eabi/4.9.3/armv7e-m/softfp/libgcc.a(_aeabi_uldivmod.o)
                              ./emlib/em_usart.o (__aeabi_uldivmod)
/Applications/Simplicity Studio.app/Contents/Eclipse/developer/toolchains/gnu_arm/4.9_2015q3/bin/../lib/gcc/arm-none-eabi/4.9.3/armv7e-m/softfp/libgcc.a(bpabi.o)
                              /Applications/Simplicity Studio.app/Contents/Eclipse/developer/toolchains/gnu_arm/4.9_2015q3/bin/../lib/gcc/arm-none-eabi/4.9.3/armv7e-m/softfp/libgcc.a(_aeabi_uldivmod.o) (__gnu_uldivmod_helper)
/Applications/Simplicity Studio.app/Contents/Eclipse/developer/toolchains/gnu_arm/4.9_2015q3/bin/../lib/gcc/arm-none-eabi/4.9.3/armv7e-m/softfp/libgcc.a(_dvmd_tls.o)
                              /Applications/Simplicity Studio.app/Contents/Eclipse/developer/toolchains/gnu_arm/4.9_2015q3/bin/../lib/gcc/arm-none-eabi/4.9.3/armv7e-m/softfp/libgcc.a(_aeabi_uldivmod.o) (__aeabi_ldiv0)
/Applications/Simplicity Studio.app/Contents/Eclipse/developer/toolchains/gnu_arm/4.9_2015q3/bin/../lib/gcc/arm-none-eabi/4.9.3/armv7e-m/softfp/libgcc.a(_divdi3.o)
                              /Applications/Simplicity Studio.app/Contents/Eclipse/developer/toolchains/gnu_arm/4.9_2015q3/bin/../lib/gcc/arm-none-eabi/4.9.3/armv7e-m/softfp/libgcc.a(bpabi.o) (__divdi3)
/Applications/Simplicity Studio.app/Contents/Eclipse/developer/toolchains/gnu_arm/4.9_2015q3/bin/../lib/gcc/arm-none-eabi/4.9.3/armv7e-m/softfp/libgcc.a(_udivdi3.o)
                              /Applications/Simplicity Studio.app/Contents/Eclipse/developer/toolchains/gnu_arm/4.9_2015q3/bin/../lib/gcc/arm-none-eabi/4.9.3/armv7e-m/softfp/libgcc.a(bpabi.o) (__udivdi3)
/Applications/Simplicity Studio.app/Contents/Eclipse/developer/toolchains/gnu_arm/4.9_2015q3/bin/../lib/gcc/arm-none-eabi/4.9.3/../../../../arm-none-eabi/lib/armv7e-m/softfp/libm.a(lib_a-s_round.o)
                              ./Calendar/clock_tc.o (round)
/Applications/Simplicity Studio.app/Contents/Eclipse/developer/toolchains/gnu_arm/4.9_2015q3/bin/../lib/gcc/arm-none-eabi/4.9.3/../../../../arm-none-eabi/lib/armv7e-m/softfp/libc_nano.a(lib_a-exit.o)
                              /Applications/Simplicity Studio.app/Contents/Eclipse/developer/toolchains/gnu_arm/4.9_2015q3/bin/../lib/gcc/arm-none-eabi/4.9.3/../../../../arm-none-eabi/lib/armv7e-m/softfp/crt0.o (exit)
/Applications/Simplicity Studio.app/Contents/Eclipse/developer/toolchains/gnu_arm/4.9_2015q3/bin/../lib/gcc/arm-none-eabi/4.9.3/../../../../arm-none-eabi/lib/armv7e-m/softfp/libc_nano.a(lib_a-impure.o)
                              /Applications/Simplicity Studio.app/Contents/Eclipse/developer/toolchains/gnu_arm/4.9_2015q3/bin/../lib/gcc/arm-none-eabi/4.9.3/../../../../arm-none-eabi/lib/armv7e-m/softfp/libc_nano.a(lib_a-exit.o) (_global_impure_ptr)
/Applications/Simplicity Studio.app/Contents/Eclipse/developer/toolchains/gnu_arm/4.9_2015q3/bin/../lib/gcc/arm-none-eabi/4.9.3/../../../../arm-none-eabi/lib/armv7e-m/softfp/libc_nano.a(lib_a-init.o)
                              /Applications/Simplicity Studio.app/Contents/Eclipse/developer/toolchains/gnu_arm/4.9_2015q3/bin/../lib/gcc/arm-none-eabi/4.9.3/../../../../arm-none-eabi/lib/armv7e-m/softfp/crt0.o (__libc_init_array)
/Applications/Simplicity Studio.app/Contents/Eclipse/developer/toolchains/gnu_arm/4.9_2015q3/bin/../lib/gcc/arm-none-eabi/4.9.3/../../../../arm-none-eabi/lib/armv7e-m/softfp/libc_nano.a(lib_a-malloc.o)
                              ./src/epsilometer_main.o (malloc)
/Applications/Simplicity Studio.app/Contents/Eclipse/developer/toolchains/gnu_arm/4.9_2015q3/bin/../lib/gcc/arm-none-eabi/4.9.3/../../../../arm-none-eabi/lib/armv7e-m/softfp/libc_nano.a(lib_a-memcpy.o)
                              ./ff12b/src/ff.o (memcpy)
/Applications/Simplicity Studio.app/Contents/Eclipse/developer/toolchains/gnu_arm/4.9_2015q3/bin/../lib/gcc/arm-none-eabi/4.9.3/../../../../arm-none-eabi/lib/armv7e-m/softfp/libc_nano.a(lib_a-memset.o)
[...]
Memory Configuration

Name             Origin             Length             Attributes
FLASH            0x0000000000000000 0x0000000000040000 xr
RAM              0x0000000020000000 0x0000000000008000 xrw
*default*        0x0000000000000000 0xffffffffffffffff

Linker script and memory map

LOAD /Applications/Simplicity Studio.app/Contents/Eclipse/developer/toolchains/gnu_arm/4.9_2015q3/bin/../lib/gcc/arm-none-eabi/4.9.3/armv7e-m/softfp/crti.o
LOAD /Applications/Simplicity Studio.app/Contents/Eclipse/developer/toolchains/gnu_arm/4.9_2015q3/bin/../lib/gcc/arm-none-eabi/4.9.3/armv7e-m/softfp/crtbegin.o
LOAD /Applications/Simplicity Studio.app/Contents/Eclipse/developer/toolchains/gnu_arm/4.9_2015q3/bin/../lib/gcc/arm-none-eabi/4.9.3/../../../../arm-none-eabi/lib/armv7e-m/softfp/crt0.o
LOAD ./CMSIS/EFM32WG/startup_efm32wg.o
LOAD ./CMSIS/EFM32WG/system_efm32wg.o
LOAD ./Calendar/clock_tc.o
LOAD ./Calendar/crystal_parameters.o
LOAD ./Calendar/main_calendar_tc.o
LOAD ./emlib/em_cmu.o
LOAD ./emlib/em_emu.o
LOAD ./emlib/em_gpio.o
LOAD ./emlib/em_rtc.o
LOAD ./emlib/em_system.o
LOAD ./emlib/em_timer.o
LOAD ./emlib/em_usart.o
LOAD ./ff12b/src/diskio.o
LOAD ./ff12b/src/ff.o
LOAD ./ff12b/src/option/ccsbcs.o
LOAD ./src/epsilometer_analog.o
LOAD ./src/epsilometer_coms.o
LOAD ./src/epsilometer_main.o
START GROUP
LOAD /Applications/Simplicity Studio.app/Contents/Eclipse/developer/toolchains/gnu_arm/4.9_2015q3/bin/../lib/gcc/arm-none-eabi/4.9.3/armv7e-m/softfp/libgcc.a
LOAD /Applications/Simplicity Studio.app/Contents/Eclipse/developer/toolchains/gnu_arm/4.9_2015q3/bin/../lib/gcc/arm-none-eabi/4.9.3/../../../../arm-none-eabi/lib/armv7e-m/softfp/libnosys.a
END GROUP
LOAD /Applications/Simplicity Studio.app/Contents/Eclipse/developer/toolchains/gnu_arm/4.9_2015q3/bin/../lib/gcc/arm-none-eabi/4.9.3/../../../../arm-none-eabi/lib/armv7e-m/softfp/libstdc++_nano.a
LOAD /Applications/Simplicity Studio.app/Contents/Eclipse/developer/toolchains/gnu_arm/4.9_2015q3/bin/../lib/gcc/arm-none-eabi/4.9.3/../../../../arm-none-eabi/lib/armv7e-m/softfp/libm.a
LOAD /Applications/Simplicity Studio.app/Contents/Eclipse/developer/toolchains/gnu_arm/4.9_2015q3/bin/../lib/gcc/arm-none-eabi/4.9.3/../../../../arm-none-eabi/lib/armv7e-m/softfp/libc_nano.a
START GROUP
LOAD /Applications/Simplicity Studio.app/Contents/Eclipse/developer/toolchains/gnu_arm/4.9_2015q3/bin/../lib/gcc/arm-none-eabi/4.9.3/armv7e-m/softfp/libgcc.a
LOAD /Applications/Simplicity Studio.app/Contents/Eclipse/developer/toolchains/gnu_arm/4.9_2015q3/bin/../lib/gcc/arm-none-eabi/4.9.3/../../../../arm-none-eabi/lib/armv7e-m/softfp/libg_nano.a
LOAD /Applications/Simplicity Studio.app/Contents/Eclipse/developer/toolchains/gnu_arm/4.9_2015q3/bin/../lib/gcc/arm-none-eabi/4.9.3/../../../../arm-none-eabi/lib/armv7e-m/softfp/libc_nano.a
END GROUP
START GROUP
LOAD /Applications/Simplicity Studio.app/Contents/Eclipse/developer/toolchains/gnu_arm/4.9_2015q3/bin/../lib/gcc/arm-none-eabi/4.9.3/armv7e-m/softfp/libgcc.a
LOAD /Applications/Simplicity Studio.app/Contents/Eclipse/developer/toolchains/gnu_arm/4.9_2015q3/bin/../lib/gcc/arm-none-eabi/4.9.3/../../../../arm-none-eabi/lib/armv7e-m/softfp/libc_nano.a
LOAD /Applications/Simplicity Studio.app/Contents/Eclipse/developer/toolchains/gnu_arm/4.9_2015q3/bin/../lib/gcc/arm-none-eabi/4.9.3/../../../../arm-none-eabi/lib/armv7e-m/softfp/libnosys.a
END GROUP
START GROUP
LOAD /Applications/Simplicity Studio.app/Contents/Eclipse/developer/toolchains/gnu_arm/4.9_2015q3/bin/../lib/gcc/arm-none-eabi/4.9.3/armv7e-m/softfp/libgcc.a
LOAD /Applications/Simplicity Studio.app/Contents/Eclipse/developer/toolchains/gnu_arm/4.9_2015q3/bin/../lib/gcc/arm-none-eabi/4.9.3/../../../../arm-none-eabi/lib/armv7e-m/softfp/libc_nano.a
LOAD /Applications/Simplicity Studio.app/Contents/Eclipse/developer/toolchains/gnu_arm/4.9_2015q3/bin/../lib/gcc/arm-none-eabi/4.9.3/../../../../arm-none-eabi/lib/armv7e-m/softfp/libnosys.a
END GROUP
LOAD /Applications/Simplicity Studio.app/Contents/Eclipse/developer/toolchains/gnu_arm/4.9_2015q3/bin/../lib/gcc/arm-none-eabi/4.9.3/armv7e-m/softfp/crtend.o
LOAD /Applications/Simplicity Studio.app/Contents/Eclipse/developer/toolchains/gnu_arm/4.9_2015q3/bin/../lib/gcc/arm-none-eabi/4.9.3/armv7e-m/softfp/crtn.o

.text           0x0000000000000000     0x1c38
 *(.vectors)
 .vectors       0x0000000000000000       0xe0 ./CMSIS/EFM32WG/startup_efm32wg.o
                0x0000000000000000                __Vectors
                0x00000000000000e0                __Vectors_End = .
                0x00000000000000e0                __Vectors_Size = (__Vectors_End - __Vectors)
                0x00000000000000e0                __end__ = .
 *(.text*)
 .text          0x00000000000000e0       0x5c /Applications/Simplicity Studio.app/Contents/Eclipse/developer/toolchains/gnu_arm/4.9_2015q3/bin/../lib/gcc/arm-none-eabi/4.9.3/armv7e-m/softfp/crtbegin.o
 .text          0x000000000000013c       0x74 /Applications/Simplicity Studio.app/Contents/Eclipse/developer/toolchains/gnu_arm/4.9_2015q3/bin/../lib/gcc/arm-none-eabi/4.9.3/../../../../arm-none-eabi/lib/armv7e-m/softfp/crt0.o
                0x000000000000013c                _mainCRTStartup
                0x000000000000013c                _start
 .text          0x00000000000001b0       0x30 ./CMSIS/EFM32WG/startup_efm32wg.o
                0x00000000000001b0                Reset_Handler
                0x00000000000001dc                DebugMon_Handler
                0x00000000000001dc                USART0_TX_IRQHandler
                0x00000000000001dc                I2C0_IRQHandler
                0x00000000000001dc                HardFault_Handler
                0x00000000000001dc                LEUART1_IRQHandler
                0x00000000000001dc                SysTick_Handler
                0x00000000000001dc                USART1_RX_IRQHandler
                0x00000000000001dc                PendSV_Handler
                0x00000000000001dc                NMI_Handler
                0x00000000000001dc                I2C1_IRQHandler
                0x00000000000001dc                TIMER3_IRQHandler
                0x00000000000001dc                MSC_IRQHandler
                0x00000000000001dc                UsageFault_Handler
                0x00000000000001dc                LEUART0_IRQHandler
                0x00000000000001dc                FPUEH_IRQHandler
                0x00000000000001dc                GPIO_EVEN_IRQHandler
                0x00000000000001dc                UART0_TX_IRQHandler
                0x00000000000001dc                UART1_TX_IRQHandler
                0x00000000000001dc                TIMER0_IRQHandler
                0x00000000000001dc                LCD_IRQHandler
                0x00000000000001dc                PCNT2_IRQHandler
                0x00000000000001dc                UART0_RX_IRQHandler
                0x00000000000001dc                LETIMER0_IRQHandler
                0x00000000000001dc                TIMER1_IRQHandler
                0x00000000000001dc                USART2_RX_IRQHandler
                0x00000000000001dc                Default_Handler
                0x00000000000001dc                EMU_IRQHandler
                0x00000000000001dc                PCNT0_IRQHandler
                0x00000000000001dc                USB_IRQHandler
                0x00000000000001dc                BURTC_IRQHandler
                0x00000000000001dc                PCNT1_IRQHandler
                0x00000000000001dc                ACMP0_IRQHandler
                0x00000000000001dc                USART0_RX_IRQHandler
                0x00000000000001dc                MemManage_Handler
                0x00000000000001dc                SVC_Handler
                0x00000000000001dc                DAC0_IRQHandler
                0x00000000000001dc                UART1_RX_IRQHandler
                0x00000000000001dc                CMU_IRQHandler
                0x00000000000001dc                EBI_IRQHandler
                0x00000000000001dc                LESENSE_IRQHandler
                0x00000000000001dc                AES_IRQHandler
                0x00000000000001dc                VCMP_IRQHandler
                0x00000000000001dc                DMA_IRQHandler
                0x00000000000001dc                BusFault_Handler
                0x00000000000001dc                TIMER2_IRQHandler
                0x00000000000001dc                USART2_TX_IRQHandler
 .text.SystemCoreClockGet
                0x00000000000001e0       0xdc ./CMSIS/EFM32WG/system_efm32wg.o
                0x00000000000001e0                SystemCoreClockGet
 .text.SystemMaxCoreClockGet
                0x00000000000002bc        0x8 ./CMSIS/EFM32WG/system_efm32wg.o
                0x00000000000002bc                SystemMaxCoreClockGet
 .text.SystemHFClockGet
                0x00000000000002c4       0xd0 ./CMSIS/EFM32WG/system_efm32wg.o
                0x00000000000002c4                SystemHFClockGet
 .text.SystemHFXOClockGet
                0x0000000000000394        0xc ./CMSIS/EFM32WG/system_efm32wg.o
                0x0000000000000394                SystemHFXOClockGet
 .text.SystemInit
                0x00000000000003a0       0x14 ./CMSIS/EFM32WG/system_efm32wg.o
                0x00000000000003a0                SystemInit
 .text.SystemLFRCOClockGet
                0x00000000000003b4        0x8 ./CMSIS/EFM32WG/system_efm32wg.o
                0x00000000000003b4                SystemLFRCOClockGet
 .text.SystemULFRCOClockGet
                0x00000000000003bc        0x8 ./CMSIS/EFM32WG/system_efm32wg.o
                0x00000000000003bc                SystemULFRCOClockGet
 .text.SystemLFXOClockGet
                0x00000000000003c4        0xc ./CMSIS/EFM32WG/system_efm32wg.o
                0x00000000000003c4                SystemLFXOClockGet
 .text.clockOverflow
                0x00000000000003d0       0x10 ./Calendar/clock_tc.o
                0x00000000000003d0                clockOverflow
 .text.ADC0_IRQHandler
                0x00000000000003e0        0xc ./Calendar/clock_tc.o
                0x00000000000003e0                ADC0_IRQHandler
 .text.RTC_IRQHandler
                0x00000000000003ec       0x3c ./Calendar/main_calendar_tc.o
                0x00000000000003ec                RTC_IRQHandler
 .text.lfClkGet
                0x0000000000000428      0x12c ./emlib/em_cmu.o
 .text.CMU_ClockSelectGet
                0x0000000000000554       0xa8 ./emlib/em_cmu.o
                0x0000000000000554                CMU_ClockSelectGet
 .text.CMU_ClockFreqGet
                0x00000000000005fc      0x1c8 ./emlib/em_cmu.o
                0x00000000000005fc                CMU_ClockFreqGet
 .text.CMU_ClockEnable
                0x00000000000007c4       0xa0 ./emlib/em_cmu.o
                0x00000000000007c4                CMU_ClockEnable
 .text.CMU_ClockSelectSet
                0x0000000000000864      0x294 ./emlib/em_cmu.o
                0x0000000000000864                CMU_ClockSelectSet
 .text.EMU_UpdateOscConfig
                0x0000000000000af8       0x14 ./emlib/em_emu.o
                0x0000000000000af8                EMU_UpdateOscConfig
 .text.GPIO_ExtIntConfig
                0x0000000000000b0c       0x78 ./emlib/em_gpio.o
                0x0000000000000b0c                GPIO_ExtIntConfig
 .text.GPIO_PinModeSet
                0x0000000000000b84       0x9c ./emlib/em_gpio.o
                0x0000000000000b84                GPIO_PinModeSet
 .text.RTC_CompareSet
                0x0000000000000c20       0x18 ./emlib/em_rtc.o
                0x0000000000000c20                RTC_CompareSet
 .text.USART_Enable
                0x0000000000000c38       0x10 ./emlib/em_usart.o
                0x0000000000000c38                USART_Enable
 .text.USART_InitAsync
                0x0000000000000c48       0xdc ./emlib/em_usart.o
                0x0000000000000c48                USART_InitAsync
 .text.USART_InitSync
                0x0000000000000d24       0xdc ./emlib/em_usart.o
                0x0000000000000d24                USART_InitSync
 .text.USART_SpiTransfer
                0x0000000000000e00       0x14 ./emlib/em_usart.o
                0x0000000000000e00                USART_SpiTransfer
 .text.USART_Tx
                0x0000000000000e14        0xc ./emlib/em_usart.o
                0x0000000000000e14                USART_Tx
 .text.AD7124_Reset
                0x0000000000000e20       0x28 ./src/epsilometer_analog.o
                0x0000000000000e20                AD7124_Reset
 .text.AD7124_StartConversion
                0x0000000000000e48       0x44 ./src/epsilometer_analog.o
                0x0000000000000e48                AD7124_StartConversion
 .text.AD7124_ConfigureDevice
                0x0000000000000e8c      0x31c ./src/epsilometer_analog.o
                0x0000000000000e8c                AD7124_ConfigureDevice
 .text.AD7124_ChipSelect
                0x00000000000011a8       0x14 ./src/epsilometer_analog.o
                0x00000000000011a8                AD7124_ChipSelect
 .text.SPI_Init
                0x00000000000011bc       0x7c ./src/epsilometer_analog.o
                0x00000000000011bc                SPI_Init
 .text.setupGpioInt
                0x0000000000001238       0x38 ./src/epsilometer_analog.o
                0x0000000000001238                setupGpioInt
 .text.GPIO_ODD_IRQHandler
                0x0000000000001270      0x160 ./src/epsilometer_analog.o
                0x0000000000001270                GPIO_ODD_IRQHandler
 .text.UART_Setup
                0x00000000000013d0       0x80 ./src/epsilometer_coms.o
                0x00000000000013d0                UART_Setup
 .text.USART1_TX_IRQHandler
                0x0000000000001450       0x9c ./src/epsilometer_coms.o
                0x0000000000001450                USART1_TX_IRQHandler
 .text.startup.main
                0x00000000000014ec      0x4ec ./src/epsilometer_main.o
                0x00000000000014ec                main
 .text.exit     0x00000000000019d8       0x28 /Applications/Simplicity Studio.app/Contents/Eclipse/developer/toolchains/gnu_arm/4.9_2015q3/bin/../lib/gcc/arm-none-eabi/4.9.3/../../../../arm-none-eabi/lib/armv7e-m/softfp/libc_nano.a(lib_a-exit.o)
                0x00000000000019d8                exit
 .text.__libc_init_array
                0x0000000000001a00       0x4c /Applications/Simplicity Studio.app/Contents/Eclipse/developer/toolchains/gnu_arm/4.9_2015q3/bin/../lib/gcc/arm-none-eabi/4.9.3/../../../../arm-none-eabi/lib/armv7e-m/softfp/libc_nano.a(lib_a-init.o)
                0x0000000000001a00                __libc_init_array
 .text.malloc   0x0000000000001a4c       0x10 /Applications/Simplicity Studio.app/Contents/Eclipse/developer/toolchains/gnu_arm/4.9_2015q3/bin/../lib/gcc/arm-none-eabi/4.9.3/../../../../arm-none-eabi/lib/armv7e-m/softfp/libc_nano.a(lib_a-malloc.o)
                0x0000000000001a4c                malloc
 .text.memcpy   0x0000000000001a5c       0x16 /Applications/Simplicity Studio.app/Contents/Eclipse/developer/toolchains/gnu_arm/4.9_2015q3/bin/../lib/gcc/arm-none-eabi/4.9.3/../../../../arm-none-eabi/lib/armv7e-m/softfp/libc_nano.a(lib_a-memcpy.o)
                0x0000000000001a5c                memcpy
 .text.memset   0x0000000000001a72       0x10 /Applications/Simplicity Studio.app/Contents/Eclipse/developer/toolchains/gnu_arm/4.9_2015q3/bin/../lib/gcc/arm-none-eabi/4.9.3/../../../../arm-none-eabi/lib/armv7e-m/softfp/libc_nano.a(lib_a-memset.o)
                0x0000000000001a72                memset
 *fill*         0x0000000000001a82        0x2 
 .text._malloc_r
                0x0000000000001a84       0xac /Applications/Simplicity Studio.app/Contents/Eclipse/developer/toolchains/gnu_arm/4.9_2015q3/bin/../lib/gcc/arm-none-eabi/4.9.3/../../../../arm-none-eabi/lib/armv7e-m/softfp/libc_nano.a(lib_a-nano-mallocr.o)
                0x0000000000001a84                _malloc_r
 .text._sbrk_r  0x0000000000001b30       0x20 /Applications/Simplicity Studio.app/Contents/Eclipse/developer/toolchains/gnu_arm/4.9_2015q3/bin/../lib/gcc/arm-none-eabi/4.9.3/../../../../arm-none-eabi/lib/armv7e-m/softfp/libc_nano.a(lib_a-sbrkr.o)
                0x0000000000001b30                _sbrk_r
 .text._sbrk    0x0000000000001b50       0x1c /Applications/Simplicity Studio.app/Contents/Eclipse/developer/toolchains/gnu_arm/4.9_2015q3/bin/../lib/gcc/arm-none-eabi/4.9.3/../../../../arm-none-eabi/lib/armv7e-m/softfp/libnosys.a(sbrk.o)
                0x0000000000001b50                _sbrk
 .text._exit    0x0000000000001b6c        0x4 /Applications/Simplicity Studio.app/Contents/Eclipse/developer/toolchains/gnu_arm/4.9_2015q3/bin/../lib/gcc/arm-none-eabi/4.9.3/../../../../arm-none-eabi/lib/armv7e-m/softfp/libnosys.a(_exit.o)
                0x0000000000001b6c                _exit
 *(.init)
 .init          0x0000000000001b70        0x4 /Applications/Simplicity Studio.app/Contents/Eclipse/developer/toolchains/gnu_arm/4.9_2015q3/bin/../lib/gcc/arm-none-eabi/4.9.3/armv7e-m/softfp/crti.o
                0x0000000000001b70                _init
 .init          0x0000000000001b74        0x8 /Applications/Simplicity Studio.app/Contents/Eclipse/developer/toolchains/gnu_arm/4.9_2015q3/bin/../lib/gcc/arm-none-eabi/4.9.3/armv7e-m/softfp/crtn.o
 *(.fini)
 .fini          0x0000000000001b7c        0x4 /Applications/Simplicity Studio.app/Contents/Eclipse/developer/toolchains/gnu_arm/4.9_2015q3/bin/../lib/gcc/arm-none-eabi/4.9.3/armv7e-m/softfp/crti.o
                0x0000000000001b7c                _fini
 .fini          0x0000000000001b80        0x8 /Applications/Simplicity Studio.app/Contents/Eclipse/developer/toolchains/gnu_arm/4.9_2015q3/bin/../lib/gcc/arm-none-eabi/4.9.3/armv7e-m/softfp/crtn.o
 *crtbegin.o(.ctors)
 *crtbegin?.o(.ctors)
 *(EXCLUDE_FILE(*crtend.o *crtend?.o) .ctors)
 *(SORT(.ctors.*))
 *(.ctors)
 *crtbegin.o(.dtors)
 *crtbegin?.o(.dtors)
 *(EXCLUDE_FILE(*crtend.o *crtend?.o) .dtors)
 *(SORT(.dtors.*))
 *(.dtors)
 *(.rodata*)
 .rodata        0x0000000000001b88       0x18 ./src/epsilometer_analog.o
 .rodata        0x0000000000001ba0       0x2c ./src/epsilometer_main.o
 .rodata.str1.1
                0x0000000000001bcc        0x2 /Applications/Simplicity Studio.app/Contents/Eclipse/developer/toolchains/gnu_arm/4.9_2015q3/bin/../lib/gcc/arm-none-eabi/4.9.3/../../../../arm-none-eabi/lib/armv7e-m/softfp/libc_nano.a(lib_a-impure.o)
 *fill*         0x0000000000001bce        0x2 
 .rodata._global_impure_ptr
                0x0000000000001bd0        0x4 /Applications/Simplicity Studio.app/Contents/Eclipse/developer/toolchains/gnu_arm/4.9_2015q3/bin/../lib/gcc/arm-none-eabi/4.9.3/../../../../arm-none-eabi/lib/armv7e-m/softfp/libc_nano.a(lib_a-impure.o)
                0x0000000000001bd0                _global_impure_ptr
 .rodata.__sf_fake_stdin
                0x0000000000001bd4       0x20 /Applications/Simplicity Studio.app/Contents/Eclipse/developer/toolchains/gnu_arm/4.9_2015q3/bin/../lib/gcc/arm-none-eabi/4.9.3/../../../../arm-none-eabi/lib/armv7e-m/softfp/libc_nano.a(lib_a-findfp.o)
                0x0000000000001bd4                __sf_fake_stdin
 .rodata.__sf_fake_stdout
                0x0000000000001bf4       0x20 /Applications/Simplicity Studio.app/Contents/Eclipse/developer/toolchains/gnu_arm/4.9_2015q3/bin/../lib/gcc/arm-none-eabi/4.9.3/../../../../arm-none-eabi/lib/armv7e-m/softfp/libc_nano.a(lib_a-findfp.o)
                0x0000000000001bf4                __sf_fake_stdout
 .rodata.__sf_fake_stderr
                0x0000000000001c14       0x20 /Applications/Simplicity Studio.app/Contents/Eclipse/developer/toolchains/gnu_arm/4.9_2015q3/bin/../lib/gcc/arm-none-eabi/4.9.3/../../../../arm-none-eabi/lib/armv7e-m/softfp/libc_nano.a(lib_a-findfp.o)
                0x0000000000001c14                __sf_fake_stderr
 *(.eh_frame*)
 .eh_frame      0x0000000000001c34        0x0 /Applications/Simplicity Studio.app/Contents/Eclipse/developer/toolchains/gnu_arm/4.9_2015q3/bin/../lib/gcc/arm-none-eabi/4.9.3/armv7e-m/softfp/crtbegin.o
 .eh_frame      0x0000000000001c34        0x0 /Applications/Simplicity Studio.app/Contents/Eclipse/developer/toolchains/gnu_arm/4.9_2015q3/bin/../lib/gcc/arm-none-eabi/4.9.3/../../../../arm-none-eabi/lib/armv7e-m/softfp/libc_nano.a(lib_a-strcmp.o)
                                         0x28 (size before relaxing)
 .eh_frame      0x0000000000001c34        0x4 /Applications/Simplicity Studio.app/Contents/Eclipse/developer/toolchains/gnu_arm/4.9_2015q3/bin/../lib/gcc/arm-none-eabi/4.9.3/armv7e-m/softfp/crtend.o

.glue_7         0x0000000000001c38        0x0
 .glue_7        0x0000000000000000        0x0 linker stubs

.glue_7t        0x0000000000001c38        0x0
 .glue_7t       0x0000000000000000        0x0 linker stubs

.vfp11_veneer   0x0000000000001c38        0x0
 .vfp11_veneer  0x0000000000000000        0x0 linker stubs

.v4_bx          0x0000000000001c38        0x0
 .v4_bx         0x0000000000000000        0x0 linker stubs

.iplt           0x0000000000001c38        0x0
 .iplt          0x0000000000000000        0x0 /Applications/Simplicity Studio.app/Contents/Eclipse/developer/toolchains/gnu_arm/4.9_2015q3/bin/../lib/gcc/arm-none-eabi/4.9.3/armv7e-m/softfp/crtbegin.o

.ARM.extab
 *(.ARM.extab* .gnu.linkonce.armextab.*)
                0x0000000000001c38                __exidx_start = .

.ARM.exidx      0x0000000000001c38        0x8
 *(.ARM.exidx* .gnu.linkonce.armexidx.*)
 .ARM.exidx     0x0000000000001c38        0x8 /Applications/Simplicity Studio.app/Contents/Eclipse/developer/toolchains/gnu_arm/4.9_2015q3/bin/../lib/gcc/arm-none-eabi/4.9.3/../../../../arm-none-eabi/lib/armv7e-m/softfp/crt0.o
                0x0000000000001c40                __exidx_end = .
                0x0000000000001c40                __etext = .

.rel.dyn        0x0000000000001c40        0x0
 .rel.iplt      0x0000000000000000        0x0 /Applications/Simplicity Studio.app/Contents/Eclipse/developer/toolchains/gnu_arm/4.9_2015q3/bin/../lib/gcc/arm-none-eabi/4.9.3/armv7e-m/softfp/crtbegin.o

.data           0x0000000020000000      0x270 load address 0x0000000000001c40
                0x0000000020000000                __data_start__ = .
 *(vtable)
 *(.data*)
 .data.SystemLFXOClock
                0x0000000020000000        0x4 ./CMSIS/EFM32WG/system_efm32wg.o
 .data.SystemHFXOClock
                0x0000000020000004        0x4 ./CMSIS/EFM32WG/system_efm32wg.o
 .data.rs       0x0000000020000008        0x1 ./src/epsilometer_coms.o
                0x0000000020000008                rs
 *fill*         0x0000000020000009        0x3 
 .data.AXL_Y    0x000000002000000c       0x34 ./src/epsilometer_main.o
                0x000000002000000c                AXL_Y
 .data.AXL_Z    0x0000000020000040       0x34 ./src/epsilometer_main.o
                0x0000000020000040                AXL_Z
 .data.doTemperatureCompensation
                0x0000000020000074        0x1 ./src/epsilometer_main.o
                0x0000000020000074                doTemperatureCompensation
 *fill*         0x0000000020000075        0x3 
 .data.boardSetup
                0x0000000020000078       0x2c ./src/epsilometer_main.o
                0x0000000020000078                boardSetup
 .data.FP07_1   0x00000000200000a4       0x34 ./src/epsilometer_main.o
                0x00000000200000a4                FP07_1
 .data.FP07_2   0x00000000200000d8       0x34 ./src/epsilometer_main.o
                0x00000000200000d8                FP07_2
 .data.SHR_1    0x000000002000010c       0x34 ./src/epsilometer_main.o
                0x000000002000010c                SHR_1
 .data.sListTotal
                0x0000000020000140       0x20 ./src/epsilometer_main.o
                0x0000000020000140                sListTotal
 .data.SHR_2    0x0000000020000160       0x34 ./src/epsilometer_main.o
                0x0000000020000160                SHR_2
 .data.boardSetup_ptr
                0x0000000020000194        0x4 ./src/epsilometer_main.o
                0x0000000020000194                boardSetup_ptr
 .data.CON_1    0x0000000020000198       0x34 ./src/epsilometer_main.o
                0x0000000020000198                CON_1
 .data.AXL_X    0x00000000200001cc       0x34 ./src/epsilometer_main.o
                0x00000000200001cc                AXL_X
 .data.impure_data
                0x0000000020000200       0x60 /Applications/Simplicity Studio.app/Contents/Eclipse/developer/toolchains/gnu_arm/4.9_2015q3/bin/../lib/gcc/arm-none-eabi/4.9.3/../../../../arm-none-eabi/lib/armv7e-m/softfp/libc_nano.a(lib_a-impure.o)
 .data._impure_ptr
                0x0000000020000260        0x4 /Applications/Simplicity Studio.app/Contents/Eclipse/developer/toolchains/gnu_arm/4.9_2015q3/bin/../lib/gcc/arm-none-eabi/4.9.3/../../../../arm-none-eabi/lib/armv7e-m/softfp/libc_nano.a(lib_a-impure.o)
                0x0000000020000260                _impure_ptr
                0x0000000020000264                . = ALIGN (0x4)
 *(.ram)
                0x0000000020000264                . = ALIGN (0x4)
                0x0000000020000264                PROVIDE (__preinit_array_start, .)
 *(.preinit_array)
                0x0000000020000264                PROVIDE (__preinit_array_end, .)
                0x0000000020000264                . = ALIGN (0x4)
                0x0000000020000264                PROVIDE (__init_array_start, .)
 *(SORT(.init_array.*))
 *(.init_array)
 .init_array    0x0000000020000264        0x4 /Applications/Simplicity Studio.app/Contents/Eclipse/developer/toolchains/gnu_arm/4.9_2015q3/bin/../lib/gcc/arm-none-eabi/4.9.3/armv7e-m/softfp/crtbegin.o
                0x0000000020000268                PROVIDE (__init_array_end, .)
                0x0000000020000268                . = ALIGN (0x4)
                0x0000000020000268                PROVIDE (__fini_array_start, .)
 *(SORT(.fini_array.*))
 *(.fini_array)
 .fini_array    0x0000000020000268        0x4 /Applications/Simplicity Studio.app/Contents/Eclipse/developer/toolchains/gnu_arm/4.9_2015q3/bin/../lib/gcc/arm-none-eabi/4.9.3/armv7e-m/softfp/crtbegin.o
                0x000000002000026c                PROVIDE (__fini_array_end, .)
 *(.jcr*)
 .jcr           0x000000002000026c        0x0 /Applications/Simplicity Studio.app/Contents/Eclipse/developer/toolchains/gnu_arm/4.9_2015q3/bin/../lib/gcc/arm-none-eabi/4.9.3/armv7e-m/softfp/crtbegin.o
 .jcr           0x000000002000026c        0x4 /Applications/Simplicity Studio.app/Contents/Eclipse/developer/toolchains/gnu_arm/4.9_2015q3/bin/../lib/gcc/arm-none-eabi/4.9.3/armv7e-m/softfp/crtend.o
                0x0000000020000270                . = ALIGN (0x4)
                0x0000000020000270                __data_end__ = .

.igot.plt       0x0000000020000270        0x0 load address 0x0000000000001eb0
 .igot.plt      0x0000000000000000        0x0 /Applications/Simplicity Studio.app/Contents/Eclipse/developer/toolchains/gnu_arm/4.9_2015q3/bin/../lib/gcc/arm-none-eabi/4.9.3/armv7e-m/softfp/crtbegin.o

.bss            0x0000000020000270       0x60 load address 0x0000000000001eb0
                0x0000000020000270                . = ALIGN (0x4)
                0x0000000020000270                __bss_start__ = .
 *(.bss*)
 .bss           0x0000000020000270       0x1c /Applications/Simplicity Studio.app/Contents/Eclipse/developer/toolchains/gnu_arm/4.9_2015q3/bin/../lib/gcc/arm-none-eabi/4.9.3/armv7e-m/softfp/crtbegin.o
 .bss.rtcOverflowCounter
                0x000000002000028c        0x4 ./Calendar/clock_tc.o
 .bss.cmuStatus
                0x0000000020000290        0x4 ./emlib/em_emu.o
 .bss.samplesSent
                0x0000000020000294        0x4 ./src/epsilometer_main.o
                0x0000000020000294                samplesSent
 .bss.pendingSamples
                0x0000000020000298        0x4 ./src/epsilometer_main.o
                0x0000000020000298                pendingSamples
 .bss.flagSync  0x000000002000029c        0x4 ./src/epsilometer_main.o
                0x000000002000029c                flagSync
 .bss.numSync   0x00000000200002a0        0x4 ./src/epsilometer_main.o
                0x00000000200002a0                numSync
 .bss.__malloc_sbrk_start
                0x00000000200002a4        0x4 /Applications/Simplicity Studio.app/Contents/Eclipse/developer/toolchains/gnu_arm/4.9_2015q3/bin/../lib/gcc/arm-none-eabi/4.9.3/../../../../arm-none-eabi/lib/armv7e-m/softfp/libc_nano.a(lib_a-nano-mallocr.o)
                0x00000000200002a4                __malloc_sbrk_start
 .bss.__malloc_free_list
                0x00000000200002a8        0x4 /Applications/Simplicity Studio.app/Contents/Eclipse/developer/toolchains/gnu_arm/4.9_2015q3/bin/../lib/gcc/arm-none-eabi/4.9.3/../../../../arm-none-eabi/lib/armv7e-m/softfp/libc_nano.a(lib_a-nano-mallocr.o)
                0x00000000200002a8                __malloc_free_list
 .bss.heap_end.4079
                0x00000000200002ac        0x4 /Applications/Simplicity Studio.app/Contents/Eclipse/developer/toolchains/gnu_arm/4.9_2015q3/bin/../lib/gcc/arm-none-eabi/4.9.3/../../../../arm-none-eabi/lib/armv7e-m/softfp/libnosys.a(sbrk.o)
 *(COMMON)
 COMMON         0x00000000200002b0        0x4 ./CMSIS/EFM32WG/system_efm32wg.o
                0x00000000200002b0                SystemCoreClock
 COMMON         0x00000000200002b4       0x14 ./src/epsilometer_analog.o
                0x00000000200002b4                numChannel
                0x00000000200002b8                sList
                0x00000000200002bc                bufferSize
                0x00000000200002c0                dataBuffer
                0x00000000200002c4                byteSample
 COMMON         0x00000000200002c8        0x4 ./src/epsilometer_coms.o
                0x00000000200002c8                dataPtr
 COMMON         0x00000000200002cc        0x4 /Applications/Simplicity Studio.app/Contents/Eclipse/developer/toolchains/gnu_arm/4.9_2015q3/bin/../lib/gcc/arm-none-eabi/4.9.3/../../../../arm-none-eabi/lib/armv7e-m/softfp/libc_nano.a(lib_a-reent.o)
                0x00000000200002cc                errno
                0x00000000200002d0                . = ALIGN (0x4)
                0x00000000200002d0                __bss_end__ = .

.heap           0x00000000200002d0      0xc00
                0x00000000200002d0                __HeapBase = .
                0x00000000200002d0                __end__ = .
                0x00000000200002d0                end = __end__
                0x00000000200002d0                _end = __end__
 *(.heap*)
 .heap          0x00000000200002d0      0xc00 ./CMSIS/EFM32WG/startup_efm32wg.o
                0x0000000020000ed0                __HeapLimit = .

.stack_dummy    0x00000000200002d0      0x400
 *(.stack*)
 .stack         0x00000000200002d0      0x400 ./CMSIS/EFM32WG/startup_efm32wg.o
                0x0000000020008000                __StackTop = (ORIGIN (RAM) + 0x8000)
                0x0000000020007c00                __StackLimit = (__StackTop - SIZEOF (.stack_dummy))
                0x0000000020008000                PROVIDE (__stack, __StackTop)
                0x0000000000000001                ASSERT ((__StackLimit >= __HeapLimit), region RAM overflowed with stack)
                0x0000000000000001                ASSERT ((0x40000 >= (__etext + SIZEOF (.data))), FLASH memory overflowed !)
OUTPUT(Epsilometer_v1.axf elf32-littlearm)

.ARM.attributes
                0x0000000000000000       0x2e
 .ARM.attributes
                0x0000000000000000       0x22 /Applications/Simplicity Studio.app/Contents/Eclipse/developer/toolchains/gnu_arm/4.9_2015q3/bin/../lib/gcc/arm-none-eabi/4.9.3/armv7e-m/softfp/crti.o
 .ARM.attributes
                0x0000000000000022       0x32 /Applications/Simplicity Studio.app/Contents/Eclipse/developer/toolchains/gnu_arm/4.9_2015q3/bin/../lib/gcc/arm-none-eabi/4.9.3/armv7e-m/softfp/crtbegin.o
 .ARM.attributes
                0x0000000000000054       0x20 /Applications/Simplicity Studio.app/Contents/Eclipse/developer/toolchains/gnu_arm/4.9_2015q3/bin/../lib/gcc/arm-none-eabi/4.9.3/../../../../arm-none-eabi/lib/armv7e-m/softfp/crt0.o
 .ARM.attributes
                0x0000000000000074       0x1b ./CMSIS/EFM32WG/startup_efm32wg.o
 .ARM.attributes
                0x000000000000008f       0x37 ./CMSIS/EFM32WG/system_efm32wg.o
 .ARM.attributes
                0x00000000000000c6       0x37 ./Calendar/clock_tc.o
 .ARM.attributes
                0x00000000000000fd       0x37 ./Calendar/main_calendar_tc.o
 .ARM.attributes
                0x0000000000000134       0x37 ./emlib/em_cmu.o
 .ARM.attributes
                0x000000000000016b       0x37 ./emlib/em_emu.o
 .ARM.attributes
                0x00000000000001a2       0x37 ./emlib/em_gpio.o
 .ARM.attributes
                0x00000000000001d9       0x37 ./emlib/em_rtc.o
 .ARM.attributes
                0x0000000000000210       0x37 ./emlib/em_usart.o
 .ARM.attributes
                0x0000000000000247       0x37 ./src/epsilometer_analog.o
 .ARM.attributes
                0x000000000000027e       0x37 ./src/epsilometer_coms.o
 .ARM.attributes
                0x00000000000002b5       0x37 ./src/epsilometer_main.o
 .ARM.attributes
                0x00000000000002ec       0x32 /Applications/Simplicity Studio.app/Contents/Eclipse/developer/toolchains/gnu_arm/4.9_2015q3/bin/../lib/gcc/arm-none-eabi/4.9.3/../../../../arm-none-eabi/lib/armv7e-m/softfp/libc_nano.a(lib_a-exit.o)
 .ARM.attributes
                0x000000000000031e       0x32 /Applications/Simplicity Studio.app/Contents/Eclipse/developer/toolchains/gnu_arm/4.9_2015q3/bin/../lib/gcc/arm-none-eabi/4.9.3/../../../../arm-none-eabi/lib/armv7e-m/softfp/libc_nano.a(lib_a-impure.o)
 .ARM.attributes
                0x0000000000000350       0x32 /Applications/Simplicity Studio.app/Contents/Eclipse/developer/toolchains/gnu_arm/4.9_2015q3/bin/../lib/gcc/arm-none-eabi/4.9.3/../../../../arm-none-eabi/lib/armv7e-m/softfp/libc_nano.a(lib_a-init.o)
 .ARM.attributes
                0x0000000000000382       0x32 /Applications/Simplicity Studio.app/Contents/Eclipse/developer/toolchains/gnu_arm/4.9_2015q3/bin/../lib/gcc/arm-none-eabi/4.9.3/../../../../arm-none-eabi/lib/armv7e-m/softfp/libc_nano.a(lib_a-malloc.o)
 .ARM.attributes
                0x00000000000003b4       0x32 /Applications/Simplicity Studio.app/Contents/Eclipse/developer/toolchains/gnu_arm/4.9_2015q3/bin/../lib/gcc/arm-none-eabi/4.9.3/../../../../arm-none-eabi/lib/armv7e-m/softfp/libc_nano.a(lib_a-memcpy.o)
 .ARM.attributes
                0x00000000000003e6       0x32 /Applications/Simplicity Studio.app/Contents/Eclipse/developer/toolchains/gnu_arm/4.9_2015q3/bin/../lib/gcc/arm-none-eabi/4.9.3/../../../../arm-none-eabi/lib/armv7e-m/softfp/libc_nano.a(lib_a-memset.o)
 .ARM.attributes
                0x0000000000000418       0x32 /Applications/Simplicity Studio.app/Contents/Eclipse/developer/toolchains/gnu_arm/4.9_2015q3/bin/../lib/gcc/arm-none-eabi/4.9.3/../../../../arm-none-eabi/lib/armv7e-m/softfp/libc_nano.a(lib_a-nano-mallocr.o)
 .ARM.attributes
                0x000000000000044a       0x32 /Applications/Simplicity Studio.app/Contents/Eclipse/developer/toolchains/gnu_arm/4.9_2015q3/bin/../lib/gcc/arm-none-eabi/4.9.3/../../../../arm-none-eabi/lib/armv7e-m/softfp/libc_nano.a(lib_a-sbrkr.o)
 .ARM.attributes
                0x000000000000047c       0x32 /Applications/Simplicity Studio.app/Contents/Eclipse/developer/toolchains/gnu_arm/4.9_2015q3/bin/../lib/gcc/arm-none-eabi/4.9.3/../../../../arm-none-eabi/lib/armv7e-m/softfp/libc_nano.a(lib_a-reent.o)
 .ARM.attributes
                0x00000000000004ae       0x20 /Applications/Simplicity Studio.app/Contents/Eclipse/developer/toolchains/gnu_arm/4.9_2015q3/bin/../lib/gcc/arm-none-eabi/4.9.3/../../../../arm-none-eabi/lib/armv7e-m/softfp/libc_nano.a(lib_a-strcmp.o)
 .ARM.attributes
                0x00000000000004ce       0x32 /Applications/Simplicity Studio.app/Contents/Eclipse/developer/toolchains/gnu_arm/4.9_2015q3/bin/../lib/gcc/arm-none-eabi/4.9.3/../../../../arm-none-eabi/lib/armv7e-m/softfp/libc_nano.a(lib_a-findfp.o)
 .ARM.attributes
                0x0000000000000500       0x32 /Applications/Simplicity Studio.app/Contents/Eclipse/developer/toolchains/gnu_arm/4.9_2015q3/bin/../lib/gcc/arm-none-eabi/4.9.3/../../../../arm-none-eabi/lib/armv7e-m/softfp/libnosys.a(sbrk.o)
 .ARM.attributes
                0x0000000000000532       0x32 /Applications/Simplicity Studio.app/Contents/Eclipse/developer/toolchains/gnu_arm/4.9_2015q3/bin/../lib/gcc/arm-none-eabi/4.9.3/../../../../arm-none-eabi/lib/armv7e-m/softfp/libnosys.a(_exit.o)
 .ARM.attributes
                0x0000000000000564       0x32 /Applications/Simplicity Studio.app/Contents/Eclipse/developer/toolchains/gnu_arm/4.9_2015q3/bin/../lib/gcc/arm-none-eabi/4.9.3/armv7e-m/softfp/crtend.o
 .ARM.attributes
                0x0000000000000596       0x22 /Applications/Simplicity Studio.app/Contents/Eclipse/developer/toolchains/gnu_arm/4.9_2015q3/bin/../lib/gcc/arm-none-eabi/4.9.3/armv7e-m/softfp/crtn.o

.comment        0x0000000000000000       0x70
 .comment       0x0000000000000000       0x70 ./CMSIS/EFM32WG/system_efm32wg.o
                                         0x71 (size before relaxing)
 .comment       0x0000000000000000       0x71 ./Calendar/clock_tc.o
 .comment       0x0000000000000000       0x71 ./Calendar/main_calendar_tc.o
 .comment       0x0000000000000000       0x71 ./emlib/em_cmu.o
 .comment       0x0000000000000000       0x71 ./emlib/em_emu.o
 .comment       0x0000000000000000       0x71 ./emlib/em_gpio.o
 .comment       0x0000000000000000       0x71 ./emlib/em_rtc.o
 .comment       0x0000000000000000       0x71 ./emlib/em_usart.o
 .comment       0x0000000000000000       0x71 ./src/epsilometer_analog.o
 .comment       0x0000000000000000       0x71 ./src/epsilometer_coms.o
 .comment       0x0000000000000000       0x71 ./src/epsilometer_main.o

.debug_line     0x0000000000000000     0x43a2
 .debug_line    0x0000000000000000       0xdf ./CMSIS/EFM32WG/startup_efm32wg.o
 .debug_line    0x00000000000000df      0x4e7 ./CMSIS/EFM32WG/system_efm32wg.o
 .debug_line    0x00000000000005c6      0x5a4 ./Calendar/clock_tc.o
 .debug_line    0x0000000000000b6a      0x479 ./Calendar/main_calendar_tc.o
 .debug_line    0x0000000000000fe3      0xce4 ./emlib/em_cmu.o
 .debug_line    0x0000000000001cc7      0x606 ./emlib/em_emu.o
 .debug_line    0x00000000000022cd      0x47b ./emlib/em_gpio.o
 .debug_line    0x0000000000002748      0x3d8 ./emlib/em_rtc.o
 .debug_line    0x0000000000002b20      0x7ed ./emlib/em_usart.o
 .debug_line    0x000000000000330d      0x710 ./src/epsilometer_analog.o
 .debug_line    0x0000000000003a1d      0x3f3 ./src/epsilometer_coms.o
 .debug_line    0x0000000000003e10      0x592 ./src/epsilometer_main.o

.debug_info     0x0000000000000000     0xbd25
 .debug_info    0x0000000000000000      0x113 ./CMSIS/EFM32WG/startup_efm32wg.o
 .debug_info    0x0000000000000113      0x871 ./CMSIS/EFM32WG/system_efm32wg.o
 .debug_info    0x0000000000000984     0x1471 ./Calendar/clock_tc.o
 .debug_info    0x0000000000001df5      0xafc ./Calendar/main_calendar_tc.o
 .debug_info    0x00000000000028f1     0x255b ./emlib/em_cmu.o
 .debug_info    0x0000000000004e4c      0xee4 ./emlib/em_emu.o
 .debug_info    0x0000000000005d30      0x7c5 ./emlib/em_gpio.o
 .debug_info    0x00000000000064f5      0x405 ./emlib/em_rtc.o
 .debug_info    0x00000000000068fa     0x1348 ./emlib/em_usart.o
 .debug_info    0x0000000000007c42     0x2485 ./src/epsilometer_analog.o
 .debug_info    0x000000000000a0c7      0xc5c ./src/epsilometer_coms.o
 .debug_info    0x000000000000ad23     0x1002 ./src/epsilometer_main.o

.debug_abbrev   0x0000000000000000     0x21d1
 .debug_abbrev  0x0000000000000000       0x14 ./CMSIS/EFM32WG/startup_efm32wg.o
 .debug_abbrev  0x0000000000000014      0x1eb ./CMSIS/EFM32WG/system_efm32wg.o
 .debug_abbrev  0x00000000000001ff      0x471 ./Calendar/clock_tc.o
 .debug_abbrev  0x0000000000000670      0x2b7 ./Calendar/main_calendar_tc.o
 .debug_abbrev  0x0000000000000927      0x465 ./emlib/em_cmu.o
 .debug_abbrev  0x0000000000000d8c      0x32a ./emlib/em_emu.o
 .debug_abbrev  0x00000000000010b6      0x2de ./emlib/em_gpio.o
 .debug_abbrev  0x0000000000001394      0x21b ./emlib/em_rtc.o
 .debug_abbrev  0x00000000000015af      0x30a ./emlib/em_usart.o
 .debug_abbrev  0x00000000000018b9      0x41d ./src/epsilometer_analog.o
 .debug_abbrev  0x0000000000001cd6      0x265 ./src/epsilometer_coms.o
 .debug_abbrev  0x0000000000001f3b      0x296 ./src/epsilometer_main.o

.debug_aranges  0x0000000000000000      0x480
 .debug_aranges
                0x0000000000000000       0x20 ./CMSIS/EFM32WG/startup_efm32wg.o
 .debug_aranges
                0x0000000000000020       0x68 ./CMSIS/EFM32WG/system_efm32wg.o
 .debug_aranges
                0x0000000000000088       0x68 ./Calendar/clock_tc.o
 .debug_aranges
                0x00000000000000f0       0x30 ./Calendar/main_calendar_tc.o
 .debug_aranges
                0x0000000000000120       0xe8 ./emlib/em_cmu.o
 .debug_aranges
                0x0000000000000208       0x70 ./emlib/em_emu.o
 .debug_aranges
                0x0000000000000278       0x48 ./emlib/em_gpio.o
 .debug_aranges
                0x00000000000002c0       0x50 ./emlib/em_rtc.o
 .debug_aranges
                0x0000000000000310       0xb8 ./emlib/em_usart.o
 .debug_aranges
                0x00000000000003c8       0x70 ./src/epsilometer_analog.o
 .debug_aranges
                0x0000000000000438       0x28 ./src/epsilometer_coms.o
 .debug_aranges
                0x0000000000000460       0x20 ./src/epsilometer_main.o

.debug_loc      0x0000000000000000     0x61eb
 .debug_loc     0x0000000000000000      0x36a ./CMSIS/EFM32WG/system_efm32wg.o
 .debug_loc     0x000000000000036a      0x1dd ./Calendar/clock_tc.o
 .debug_loc     0x0000000000000547       0xa5 ./Calendar/main_calendar_tc.o
 .debug_loc     0x00000000000005ec     0x2d8a ./emlib/em_cmu.o
 .debug_loc     0x0000000000003376      0x4b3 ./emlib/em_emu.o
 .debug_loc     0x0000000000003829      0x542 ./emlib/em_gpio.o
 .debug_loc     0x0000000000003d6b       0x8f ./emlib/em_rtc.o
 .debug_loc     0x0000000000003dfa      0xdb2 ./emlib/em_usart.o
 .debug_loc     0x0000000000004bac     0x14a1 ./src/epsilometer_analog.o
 .debug_loc     0x000000000000604d       0x77 ./src/epsilometer_coms.o
 .debug_loc     0x00000000000060c4      0x127 ./src/epsilometer_main.o

.debug_ranges   0x0000000000000000     0x1600
 .debug_ranges  0x0000000000000000      0x1a8 ./CMSIS/EFM32WG/system_efm32wg.o
 .debug_ranges  0x00000000000001a8      0x140 ./Calendar/clock_tc.o
 .debug_ranges  0x00000000000002e8       0xd0 ./Calendar/main_calendar_tc.o
 .debug_ranges  0x00000000000003b8      0x848 ./emlib/em_cmu.o
 .debug_ranges  0x0000000000000c00      0x138 ./emlib/em_emu.o
 .debug_ranges  0x0000000000000d38       0xe0 ./emlib/em_gpio.o
 .debug_ranges  0x0000000000000e18       0x70 ./emlib/em_rtc.o
 .debug_ranges  0x0000000000000e88      0x298 ./emlib/em_usart.o
 .debug_ranges  0x0000000000001120      0x468 ./src/epsilometer_analog.o
 .debug_ranges  0x0000000000001588       0x50 ./src/epsilometer_coms.o
 .debug_ranges  0x00000000000015d8       0x28 ./src/epsilometer_main.o

.debug_str      0x0000000000000000     0x34a3
 .debug_str     0x0000000000000000      0x4af ./CMSIS/EFM32WG/system_efm32wg.o
                                        0x52f (size before relaxing)
 .debug_str     0x00000000000004af      0xebb ./Calendar/clock_tc.o
                                       0x11dd (size before relaxing)
 .debug_str     0x000000000000136a      0x1f5 ./Calendar/main_calendar_tc.o
                                        0x9b8 (size before relaxing)
 .debug_str     0x000000000000155f      0x6b1 ./emlib/em_cmu.o
                                        0xdcf (size before relaxing)
 .debug_str     0x0000000000001c10      0x4ba ./emlib/em_emu.o
                                        0x882 (size before relaxing)
 .debug_str     0x00000000000020ca      0x418 ./emlib/em_gpio.o
                                        0x612 (size before relaxing)
 .debug_str     0x00000000000024e2       0xb7 ./emlib/em_rtc.o
                                        0x2f8 (size before relaxing)
 .debug_str     0x0000000000002599      0x9bd ./emlib/em_usart.o
                                        0xe0e (size before relaxing)
 .debug_str     0x0000000000002f56      0x3a7 ./src/epsilometer_analog.o
                                       0x10bf (size before relaxing)
 .debug_str     0x00000000000032fd       0x6f ./src/epsilometer_coms.o
                                        0xe07 (size before relaxing)
 .debug_str     0x000000000000336c      0x137 ./src/epsilometer_main.o
                                        0xbc1 (size before relaxing)

.debug_frame    0x0000000000000000      0xda0
 .debug_frame   0x0000000000000000       0xb0 ./CMSIS/EFM32WG/system_efm32wg.o
 .debug_frame   0x00000000000000b0       0xec ./Calendar/clock_tc.o
 .debug_frame   0x000000000000019c       0x6c ./Calendar/main_calendar_tc.o
 .debug_frame   0x0000000000000208      0x274 ./emlib/em_cmu.o
 .debug_frame   0x000000000000047c      0x140 ./emlib/em_emu.o
 .debug_frame   0x00000000000005bc       0x90 ./emlib/em_gpio.o
 .debug_frame   0x000000000000064c       0x80 ./emlib/em_rtc.o
 .debug_frame   0x00000000000006cc      0x1e8 ./emlib/em_usart.o
 .debug_frame   0x00000000000008b4      0x184 ./src/epsilometer_analog.o
 .debug_frame   0x0000000000000a38       0x50 ./src/epsilometer_coms.o
 .debug_frame   0x0000000000000a88       0x3c ./src/epsilometer_main.o
 .debug_frame   0x0000000000000ac4       0x28 /Applications/Simplicity Studio.app/Contents/Eclipse/developer/toolchains/gnu_arm/4.9_2015q3/bin/../lib/gcc/arm-none-eabi/4.9.3/../../../../arm-none-eabi/lib/armv7e-m/softfp/libc_nano.a(lib_a-exit.o)
 .debug_frame   0x0000000000000aec       0x2c /Applications/Simplicity Studio.app/Contents/Eclipse/developer/toolchains/gnu_arm/4.9_2015q3/bin/../lib/gcc/arm-none-eabi/4.9.3/../../../../arm-none-eabi/lib/armv7e-m/softfp/libc_nano.a(lib_a-init.o)
 .debug_frame   0x0000000000000b18       0x30 /Applications/Simplicity Studio.app/Contents/Eclipse/developer/toolchains/gnu_arm/4.9_2015q3/bin/../lib/gcc/arm-none-eabi/4.9.3/../../../../arm-none-eabi/lib/armv7e-m/softfp/libc_nano.a(lib_a-malloc.o)
 .debug_frame   0x0000000000000b48       0x28 /Applications/Simplicity Studio.app/Contents/Eclipse/developer/toolchains/gnu_arm/4.9_2015q3/bin/../lib/gcc/arm-none-eabi/4.9.3/../../../../arm-none-eabi/lib/armv7e-m/softfp/libc_nano.a(lib_a-memcpy.o)
 .debug_frame   0x0000000000000b70       0x20 /Applications/Simplicity Studio.app/Contents/Eclipse/developer/toolchains/gnu_arm/4.9_2015q3/bin/../lib/gcc/arm-none-eabi/4.9.3/../../../../arm-none-eabi/lib/armv7e-m/softfp/libc_nano.a(lib_a-memset.o)
 .debug_frame   0x0000000000000b90       0x2c /Applications/Simplicity Studio.app/Contents/Eclipse/developer/toolchains/gnu_arm/4.9_2015q3/bin/../lib/gcc/arm-none-eabi/4.9.3/../../../../arm-none-eabi/lib/armv7e-m/softfp/libc_nano.a(lib_a-nano-mallocr.o)
 .debug_frame   0x0000000000000bbc       0x2c /Applications/Simplicity Studio.app/Contents/Eclipse/developer/toolchains/gnu_arm/4.9_2015q3/bin/../lib/gcc/arm-none-eabi/4.9.3/../../../../arm-none-eabi/lib/armv7e-m/softfp/libc_nano.a(lib_a-sbrkr.o)
 .debug_frame   0x0000000000000be8       0x5c /Applications/Simplicity Studio.app/Contents/Eclipse/developer/toolchains/gnu_arm/4.9_2015q3/bin/../lib/gcc/arm-none-eabi/4.9.3/../../../../arm-none-eabi/lib/armv7e-m/softfp/libc_nano.a(lib_a-reent.o)
 .debug_frame   0x0000000000000c44      0x11c /Applications/Simplicity Studio.app/Contents/Eclipse/developer/toolchains/gnu_arm/4.9_2015q3/bin/../lib/gcc/arm-none-eabi/4.9.3/../../../../arm-none-eabi/lib/armv7e-m/softfp/libc_nano.a(lib_a-findfp.o)
 .debug_frame   0x0000000000000d60       0x20 /Applications/Simplicity Studio.app/Contents/Eclipse/developer/toolchains/gnu_arm/4.9_2015q3/bin/../lib/gcc/arm-none-eabi/4.9.3/../../../../arm-none-eabi/lib/armv7e-m/softfp/libnosys.a(sbrk.o)
 .debug_frame   0x0000000000000d80       0x20 /Applications/Simplicity Studio.app/Contents/Eclipse/developer/toolchains/gnu_arm/4.9_2015q3/bin/../lib/gcc/arm-none-eabi/4.9.3/../../../../arm-none-eabi/lib/armv7e-m/softfp/libnosys.a(_exit.o)

.stabstr        0x0000000000000000       0xdf
 .stabstr       0x0000000000000000       0xdf /Applications/Simplicity Studio.app/Contents/Eclipse/developer/toolchains/gnu_arm/4.9_2015q3/bin/../lib/gcc/arm-none-eabi/4.9.3/../../../../arm-none-eabi/lib/armv7e-m/softfp/libnosys.a(close.o)
